203.0.113.37 - - [15/May/2024:10:51:41 +0700] "POST /api/v1/products HTTP/1.1" 200 16512 "-" "Wget/1.21.4 (linux-gnu)"
203.0.113.7 - - [15/May/2024:10:51:47 +0700] "GET / HTTP/1.1" 200 8897 "-" "Mozilla/5.0 (Windows NT 10.0; Win64; x64) AppleWebKit/537.36"
203.0.113.6 - - [15/May/2024:10:51:53 +0700] "POST / HTTP/1.1" 200 46737 "-" "Mozilla/5.0 (X11; Linux x86_64; rv:109.0) Gecko/20100101 Firefox/115.0"
203.0.113.23 - - [15/May/2024:10:51:57 +0700] "GET /login HTTP/1.1" 304 225 "-" "Go-http-client/1.1"
203.0.113.37 - - [15/May/2024:10:52:13 +0700] "HEAD /static/main.js HTTP/1.1" 301 486 "-" "Mozilla/5.0 (Macintosh; Intel Mac OS X 10_15_7) AppleWebKit/537.36"
203.0.113.24 - - [15/May/2024:10:52:54 +0700] "GET / HTTP/1.1" 200 32106 "-" "Mozilla/5.0 (X11; Linux x86_64; rv:109.0) Gecko/20100101 Firefox/115.0"
203.0.113.16 - - [15/May/2024:10:53:09 +0700] "POST / HTTP/1.1" 200 3501 "-" "Mozilla/5.0 (Macintosh; Intel Mac OS X 10_15_7) AppleWebKit/537.36"
203.0.113.3 - - [15/May/2024:10:55:06 +0700] "GET /logout HTTP/1.1" 200 20088 "-" "Mozilla/5.0 (Windows NT 10.0; Win64; x64) AppleWebKit/537.36"
203.0.113.18 - - [15/May/2024:10:55:34 +0700] "GET /static/style.css HTTP/1.1" 200 23048 "-" "Wget/1.21.4 (linux-gnu)"
203.0.113.9 - - [15/May/2024:10:55:51 +0700] "GET /robots.txt HTTP/1.1" 200 49488 "-" "Mozilla/5.0 (X11; Linux x86_64; rv:109.0) Gecko/20100101 Firefox/115.0"
198.51.100.13 - - [15/May/2024:10:56:20 +0700] "POST /dashboard HTTP/1.1" 404 155 "-" "Mozilla/5.0 (compatible; BadBot/1.0)"
203.0.113.39 - - [15/May/2024:10:57:11 +0700] "GET /logout HTTP/1.1" 404 181 "-" "Mozilla/5.0 (Windows NT 10.0; Win64; x64) AppleWebKit/537.36"
203.0.113.31 - - [15/May/2024:10:57:45 +0700] "PUT /robots.txt HTTP/1.1" 200 35464 "-" "Mozilla/5.0 (Windows NT 10.0; Win64; x64) AppleWebKit/537.36"
203.0.113.17 - - [15/May/2024:10:58:38 +0700] "GET / HTTP/1.1" 301 286 "-" "python-requests/2.31.0"
203.0.113.1 - - [15/May/2024:10:59:19 +0700] "GET /health HTTP/1.1" 200 27385 "-" "Wget/1.21.4 (linux-gnu)"
203.0.113.32 - - [15/May/2024:10:59:22 +0700] "GET /api/v1/orders HTTP/1.1" 200 38712 "-" "Mozilla/5.0 (Macintosh; Intel Mac OS X 10_15_7) AppleWebKit/537.36"
203.0.113.2 - - [15/May/2024:11:00:11 +0700] "GET /login HTTP/1.1" 200 35175 "-" "curl/7.88.1"
203.0.113.11 - - [15/May/2024:11:00:26 +0700] "GET /static/style.css HTTP/1.1" 200 34339 "-" "python-requests/2.31.0"
203.0.113.25 - - [15/May/2024:11:00:27 +0700] "POST /health HTTP/1.1" 200 8115 "-" "curl/7.88.1"
203.0.113.29 - - [15/May/2024:11:01:18 +0700] "GET /robots.txt HTTP/1.1" 301 495 "-" "Mozilla/5.0 (Windows NT 10.0; Win64; x64) AppleWebKit/537.36"
203.0.113.14 - - [15/May/2024:11:01:28 +0700] "GET /static/style.css HTTP/1.1" 200 27256 "-" "Wget/1.21.4 (linux-gnu)"
203.0.113.32 - - [15/May/2024:11:02:08 +0700] "GET /index.html HTTP/1.1" 200 48219 "-" "python-requests/2.31.0"
203.0.113.13 - - [15/May/2024:11:02:25 +0700] "GET /index.html HTTP/1.1" 404 140 "-" "python-requests/2.31.0"
203.0.113.25 - - [15/May/2024:11:02:30 +0700] "POST /api/v1/orders HTTP/1.1" 200 49566 "-" "Mozilla/5.0 (Windows NT 10.0; Win64; x64) AppleWebKit/537.36"
203.0.113.30 - - [15/May/2024:11:03:16 +0700] "POST /robots.txt HTTP/1.1" 304 51 "-" "curl/7.88.1"
203.0.113.25 - - [15/May/2024:11:03:22 +0700] "GET /health HTTP/1.1" 200 32547 "-" "Go-http-client/1.1"
203.0.113.30 - - [15/May/2024:11:04:15 +0700] "GET /logout HTTP/1.1" 200 12660 "-" "Mozilla/5.0 (Windows NT 10.0; Win64; x64) AppleWebKit/537.36"
203.0.113.36 - - [15/May/2024:11:04:40 +0700] "GET /login HTTP/1.1" 200 43191 "-" "Wget/1.21.4 (linux-gnu)"
203.0.113.23 - - [15/May/2024:11:05:37 +0700] "GET /static/main.js HTTP/1.1" 200 5718 "-" "Mozilla/5.0 (X11; Linux x86_64; rv:109.0) Gecko/20100101 Firefox/115.0"
203.0.113.35 - - [15/May/2024:11:06:10 +0700] "POST /dashboard HTTP/1.1" 304 75 "-" "Mozilla/5.0 (Windows NT 10.0; Win64; x64) AppleWebKit/537.36"
203.0.113.33 - - [15/May/2024:11:06:23 +0700] "GET /health HTTP/1.1" 301 400 "-" "curl/7.88.1"
198.51.100.13 - - [15/May/2024:11:07:07 +0700] "POST /index.html HTTP/1.1" 500 160 "-" "Mozilla/5.0 (compatible; BadBot/1.0)"
203.0.113.20 - - [15/May/2024:11:07:52 +0700] "DELETE /login HTTP/1.1" 200 4072 "-" "Go-http-client/1.1"
203.0.113.34 - - [15/May/2024:11:08:41 +0700] "GET /api/v1/products HTTP/1.1" 404 202 "-" "Go-http-client/1.1"
203.0.113.29 - - [15/May/2024:11:08:56 +0700] "GET /health HTTP/1.1" 200 14813 "-" "curl/7.88.1"
203.0.113.32 - - [15/May/2024:11:09:06 +0700] "GET /logout HTTP/1.1" 200 4529 "-" "Wget/1.21.4 (linux-gnu)"
203.0.113.6 - - [15/May/2024:11:10:07 +0700] "GET /api/v1/products HTTP/1.1" 200 27894 "-" "Mozilla/5.0 (Macintosh; Intel Mac OS X 10_15_7) AppleWebKit/537.36"
203.0.113.28 - - [15/May/2024:11:10:23 +0700] "GET /static/style.css HTTP/1.1" 200 45052 "-" "curl/7.88.1"
203.0.113.23 - - [15/May/2024:11:10:33 +0700] "GET /api/v1/users HTTP/1.1" 200 23248 "-" "Mozilla/5.0 (Windows NT 10.0; Win64; x64) AppleWebKit/537.36"
198.51.100.13 - - [15/May/2024:11:10:35 +0700] "POST /robots.txt HTTP/1.1" 404 96 "-" "Mozilla/5.0 (compatible; BadBot/1.0)"
203.0.113.38 - - [15/May/2024:11:10:50 +0700] "PUT /index.html HTTP/1.1" 200 3519 "-" "Mozilla/5.0 (X11; Linux x86_64; rv:109.0) Gecko/20100101 Firefox/115.0"
203.0.113.38 - - [15/May/2024:11:11:30 +0700] "PUT /api/v1/users HTTP/1.1" 200 1864 "-" "Wget/1.21.4 (linux-gnu)"
203.0.113.11 - - [15/May/2024:11:11:48 +0700] "POST /robots.txt HTTP/1.1" 200 21503 "-" "python-requests/2.31.0"
203.0.113.4 - - [15/May/2024:11:12:47 +0700] "DELETE /api/v1/orders HTTP/1.1" 200 15770 "-" "Mozilla/5.0 (X11; Linux x86_64; rv:109.0) Gecko/20100101 Firefox/115.0"
203.0.113.39 - - [15/May/2024:11:13:05 +0700] "POST / HTTP/1.1" 404 218 "-" "python-requests/2.31.0"
203.0.113.38 - - [15/May/2024:11:13:28 +0700] "HEAD /dashboard HTTP/1.1" 200 49594 "-" "Go-http-client/1.1"
203.0.113.37 - - [15/May/2024:11:13:36 +0700] "GET /dashboard HTTP/1.1" 200 45932 "-" "Wget/1.21.4 (linux-gnu)"
203.0.113.35 - - [15/May/2024:11:13:47 +0700] "HEAD /index.html HTTP/1.1" 200 41316 "-" "curl/7.88.1"
203.0.113.34 - - [15/May/2024:11:13:51 +0700] "GET /api/v1/users HTTP/1.1" 200 42636 "-" "Mozilla/5.0 (Macintosh; Intel Mac OS X 10_15_7) AppleWebKit/537.36"
203.0.113.21 - - [15/May/2024:11:14:09 +0700] "GET /dashboard HTTP/1.1" 200 36603 "-" "Mozilla/5.0 (Macintosh; Intel Mac OS X 10_15_7) AppleWebKit/537.36"
203.0.113.34 - - [15/May/2024:11:14:35 +0700] "GET /api/v1/orders HTTP/1.1" 200 21108 "-" "Wget/1.21.4 (linux-gnu)"
203.0.113.19 - - [15/May/2024:11:14:43 +0700] "GET /static/style.css HTTP/1.1" 200 13659 "-" "Wget/1.21.4 (linux-gnu)"
203.0.113.7 - - [15/May/2024:11:15:58 +0700] "GET /logout HTTP/1.1" 200 26786 "-" "Go-http-client/1.1"
203.0.113.31 - - [15/May/2024:11:16:00 +0700] "HEAD /static/main.js HTTP/1.1" 304 255 "-" "python-requests/2.31.0"
203.0.113.23 - - [15/May/2024:11:16:44 +0700] "POST /static/style.css HTTP/1.1" 200 45205 "-" "Mozilla/5.0 (Macintosh; Intel Mac OS X 10_15_7) AppleWebKit/537.36"
203.0.113.9 - - [15/May/2024:11:17:20 +0700] "GET /index.html HTTP/1.1" 404 227 "-" "Wget/1.21.4 (linux-gnu)"
203.0.113.13 - - [15/May/2024:11:18:39 +0700] "GET /health HTTP/1.1" 200 22424 "-" "Mozilla/5.0 (Macintosh; Intel Mac OS X 10_15_7) AppleWebKit/537.36"
203.0.113.6 - - [15/May/2024:11:18:45 +0700] "GET /api/v1/users HTTP/1.1" 404 145 "-" "Mozilla/5.0 (Windows NT 10.0; Win64; x64) AppleWebKit/537.36"
203.0.113.18 - - [15/May/2024:11:19:29 +0700] "GET /login HTTP/1.1" 200 33367 "-" "Mozilla/5.0 (Windows NT 10.0; Win64; x64) AppleWebKit/537.36"
203.0.113.7 - - [15/May/2024:11:20:17 +0700] "GET /api/v1/users HTTP/1.1" 200 49577 "-" "Wget/1.21.4 (linux-gnu)"
203.0.113.12 - - [15/May/2024:11:20:50 +0700] "GET /robots.txt HTTP/1.1" 200 1706 "-" "Mozilla/5.0 (X11; Linux x86_64; rv:109.0) Gecko/20100101 Firefox/115.0"
203.0.113.37 - - [15/May/2024:11:21:08 +0700] "GET /static/main.js HTTP/1.1" 200 21295 "-" "Mozilla/5.0 (X11; Linux x86_64; rv:109.0) Gecko/20100101 Firefox/115.0"
203.0.113.38 - - [15/May/2024:11:21:17 +0700] "DELETE /health HTTP/1.1" 200 37550 "-" "Mozilla/5.0 (Windows NT 10.0; Win64; x64) AppleWebKit/537.36"
203.0.113.30 - - [15/May/2024:11:21:56 +0700] "GET /login HTTP/1.1" 200 6935 "-" "python-requests/2.31.0"
203.0.113.20 - - [15/May/2024:11:23:01 +0700] "GET /robots.txt HTTP/1.1" 200 13377 "-" "python-requests/2.31.0"
203.0.113.28 - - [15/May/2024:11:24:28 +0700] "GET /logout HTTP/1.1" 301 341 "-" "Go-http-client/1.1"
203.0.113.35 - - [15/May/2024:11:24:47 +0700] "GET /api/v1/users HTTP/1.1" 404 87 "-" "Mozilla/5.0 (Windows NT 10.0; Win64; x64) AppleWebKit/537.36"
203.0.113.35 - - [15/May/2024:11:25:08 +0700] "POST / HTTP/1.1" 200 23991 "-" "Mozilla/5.0 (Windows NT 10.0; Win64; x64) AppleWebKit/537.36"
203.0.113.36 - - [15/May/2024:11:25:31 +0700] "GET /robots.txt HTTP/1.1" 200 7613 "-" "curl/7.88.1"
198.51.100.13 - - [15/May/2024:11:25:36 +0700] "POST /admin HTTP/1.1" 401 185 "-" "Mozilla/5.0 (compatible; BadBot/1.0)"
203.0.113.24 - - [15/May/2024:11:26:43 +0700] "GET /logout HTTP/1.1" 200 23080 "-" "Go-http-client/1.1"
203.0.113.1 - - [15/May/2024:11:26:48 +0700] "GET /robots.txt HTTP/1.1" 200 45502 "-" "Go-http-client/1.1"
203.0.113.20 - - [15/May/2024:11:26:51 +0700] "GET /static/main.js HTTP/1.1" 200 46012 "-" "python-requests/2.31.0"
203.0.113.23 - - [15/May/2024:11:26:54 +0700] "POST /index.html HTTP/1.1" 200 16946 "-" "Go-http-client/1.1"
203.0.113.12 - - [15/May/2024:11:27:09 +0700] "POST /api/v1/products HTTP/1.1" 200 14445 "-" "curl/7.88.1"
198.51.100.13 - - [15/May/2024:11:27:17 +0700] "POST /index.html HTTP/1.1" 401 220 "-" "Mozilla/5.0 (compatible; BadBot/1.0)"
203.0.113.19 - - [15/May/2024:11:28:13 +0700] "GET /api/v1/users HTTP/1.1" 404 203 "-" "Mozilla/5.0 (Windows NT 10.0; Win64; x64) AppleWebKit/537.36"
203.0.113.25 - - [15/May/2024:11:29:10 +0700] "GET /index.html HTTP/1.1" 404 223 "-" "Wget/1.21.4 (linux-gnu)"
203.0.113.19 - - [15/May/2024:11:29:46 +0700] "GET /logout HTTP/1.1" 200 47174 "-" "Mozilla/5.0 (Macintosh; Intel Mac OS X 10_15_7) AppleWebKit/537.36"
203.0.113.4 - - [15/May/2024:11:30:41 +0700] "POST /static/main.js HTTP/1.1" 200 45831 "-" "curl/7.88.1"
203.0.113.32 - - [15/May/2024:11:30:43 +0700] "POST /login HTTP/1.1" 200 13111 "-" "Mozilla/5.0 (Macintosh; Intel Mac OS X 10_15_7) AppleWebKit/537.36"
203.0.113.37 - - [15/May/2024:11:31:00 +0700] "POST /index.html HTTP/1.1" 200 38641 "-" "Mozilla/5.0 (X11; Linux x86_64; rv:109.0) Gecko/20100101 Firefox/115.0"
203.0.113.35 - - [15/May/2024:11:31:54 +0700] "HEAD / HTTP/1.1" 500 298 "-" "Go-http-client/1.1"
203.0.113.18 - - [15/May/2024:11:32:18 +0700] "PUT / HTTP/1.1" 200 1393 "-" "Go-http-client/1.1"
203.0.113.17 - - [15/May/2024:11:32:27 +0700] "DELETE /api/v1/products HTTP/1.1" 200 40222 "-" "Wget/1.21.4 (linux-gnu)"
203.0.113.10 - - [15/May/2024:11:33:04 +0700] "POST /static/main.js HTTP/1.1" 500 138 "-" "Go-http-client/1.1"
203.0.113.5 - - [15/May/2024:11:33:08 +0700] "GET /dashboard HTTP/1.1" 200 34006 "-" "Mozilla/5.0 (Macintosh; Intel Mac OS X 10_15_7) AppleWebKit/537.36"
203.0.113.37 - - [15/May/2024:11:33:45 +0700] "GET /login HTTP/1.1" 404 199 "-" "Mozilla/5.0 (Macintosh; Intel Mac OS X 10_15_7) AppleWebKit/537.36"
203.0.113.2 - - [15/May/2024:11:34:02 +0700] "PUT /index.html HTTP/1.1" 200 17132 "-" "Wget/1.21.4 (linux-gnu)"
203.0.113.38 - - [15/May/2024:11:35:25 +0700] "POST /index.html HTTP/1.1" 200 40795 "-" "Mozilla/5.0 (X11; Linux x86_64; rv:109.0) Gecko/20100101 Firefox/115.0"
203.0.113.35 - - [15/May/2024:11:35:34 +0700] "GET /api/v1/orders HTTP/1.1" 200 25269 "-" "Mozilla/5.0 (Windows NT 10.0; Win64; x64) AppleWebKit/537.36"
203.0.113.8 - - [15/May/2024:11:36:24 +0700] "GET /api/v1/users HTTP/1.1" 404 290 "-" "curl/7.88.1"
198.51.100.13 - - [15/May/2024:11:36:54 +0700] "POST /index.html HTTP/1.1" 403 93 "-" "Mozilla/5.0 (compatible; BadBot/1.0)"
203.0.113.11 - - [15/May/2024:11:37:15 +0700] "GET /static/style.css HTTP/1.1" 404 141 "-" "Mozilla/5.0 (X11; Linux x86_64; rv:109.0) Gecko/20100101 Firefox/115.0"
203.0.113.28 - - [15/May/2024:11:37:53 +0700] "POST /login HTTP/1.1" 200 41002 "-" "Mozilla/5.0 (Macintosh; Intel Mac OS X 10_15_7) AppleWebKit/537.36"
203.0.113.13 - - [15/May/2024:11:38:01 +0700] "PUT /api/v1/orders HTTP/1.1" 200 16162 "-" "python-requests/2.31.0"
203.0.113.35 - - [15/May/2024:11:38:04 +0700] "GET /index.html HTTP/1.1" 301 111 "-" "Wget/1.21.4 (linux-gnu)"
203.0.113.19 - - [15/May/2024:11:38:06 +0700] "GET /health HTTP/1.1" 200 2803 "-" "Go-http-client/1.1"
203.0.113.2 - - [15/May/2024:11:38:22 +0700] "POST / HTTP/1.1" 200 34315 "-" "Go-http-client/1.1"
203.0.113.34 - - [15/May/2024:11:38:29 +0700] "GET /robots.txt HTTP/1.1" 200 24485 "-" "curl/7.88.1"
203.0.113.27 - - [15/May/2024:11:38:50 +0700] "PUT /health HTTP/1.1" 200 43646 "-" "curl/7.88.1"
203.0.113.18 - - [15/May/2024:11:38:52 +0700] "GET / HTTP/1.1" 404 222 "-" "Wget/1.21.4 (linux-gnu)"
203.0.113.13 - - [15/May/2024:11:39:10 +0700] "GET /logout HTTP/1.1" 304 276 "-" "Mozilla/5.0 (X11; Linux x86_64; rv:109.0) Gecko/20100101 Firefox/115.0"
203.0.113.36 - - [15/May/2024:11:39:57 +0700] "POST / HTTP/1.1" 200 29600 "-" "Mozilla/5.0 (X11; Linux x86_64; rv:109.0) Gecko/20100101 Firefox/115.0"
203.0.113.39 - - [15/May/2024:11:40:40 +0700] "GET /index.html HTTP/1.1" 404 188 "-" "python-requests/2.31.0"
203.0.113.18 - - [15/May/2024:11:40:53 +0700] "GET / HTTP/1.1" 404 89 "-" "Wget/1.21.4 (linux-gnu)"
203.0.113.13 - - [15/May/2024:11:41:12 +0700] "GET /api/v1/orders HTTP/1.1" 404 90 "-" "Mozilla/5.0 (X11; Linux x86_64; rv:109.0) Gecko/20100101 Firefox/115.0"
198.51.100.13 - - [15/May/2024:11:41:18 +0700] "POST /static/style.css HTTP/1.1" 200 7155 "-" "Mozilla/5.0 (compatible; BadBot/1.0)"
203.0.113.22 - - [15/May/2024:11:41:38 +0700] "GET /health HTTP/1.1" 200 43668 "-" "Mozilla/5.0 (X11; Linux x86_64; rv:109.0) Gecko/20100101 Firefox/115.0"
203.0.113.9 - - [15/May/2024:11:41:49 +0700] "DELETE /health HTTP/1.1" 200 35312 "-" "curl/7.88.1"
203.0.113.4 - - [15/May/2024:11:42:15 +0700] "POST /dashboard HTTP/1.1" 200 41167 "-" "Wget/1.21.4 (linux-gnu)"
203.0.113.1 - - [15/May/2024:11:42:19 +0700] "POST /static/main.js HTTP/1.1" 500 105 "-" "Mozilla/5.0 (X11; Linux x86_64; rv:109.0) Gecko/20100101 Firefox/115.0"
203.0.113.34 - - [15/May/2024:11:42:23 +0700] "GET /static/main.js HTTP/1.1" 200 4119 "-" "Mozilla/5.0 (Macintosh; Intel Mac OS X 10_15_7) AppleWebKit/537.36"
203.0.113.2 - - [15/May/2024:11:42:41 +0700] "GET /dashboard HTTP/1.1" 404 155 "-" "python-requests/2.31.0"
203.0.113.5 - - [15/May/2024:11:43:13 +0700] "HEAD /api/v1/products HTTP/1.1" 404 196 "-" "Mozilla/5.0 (Macintosh; Intel Mac OS X 10_15_7) AppleWebKit/537.36"
203.0.113.11 - - [15/May/2024:11:43:20 +0700] "HEAD /api/v1/products HTTP/1.1" 404 152 "-" "python-requests/2.31.0"
203.0.113.23 - - [15/May/2024:11:44:38 +0700] "GET /api/v1/products HTTP/1.1" 200 13976 "-" "Mozilla/5.0 (Macintosh; Intel Mac OS X 10_15_7) AppleWebKit/537.36"
203.0.113.31 - - [15/May/2024:11:44:51 +0700] "POST / HTTP/1.1" 200 33163 "-" "Mozilla/5.0 (Macintosh; Intel Mac OS X 10_15_7) AppleWebKit/537.36"
203.0.113.36 - - [15/May/2024:11:46:37 +0700] "GET /logout HTTP/1.1" 200 42772 "-" "Mozilla/5.0 (X11; Linux x86_64; rv:109.0) Gecko/20100101 Firefox/115.0"
203.0.113.19 - - [15/May/2024:11:47:07 +0700] "POST /static/main.js HTTP/1.1" 404 271 "-" "curl/7.88.1"
203.0.113.15 - - [15/May/2024:11:47:11 +0700] "GET /static/style.css HTTP/1.1" 200 6830 "-" "Mozilla/5.0 (Windows NT 10.0; Win64; x64) AppleWebKit/537.36"
203.0.113.14 - - [15/May/2024:11:47:16 +0700] "GET /api/v1/products HTTP/1.1" 404 79 "-" "Mozilla/5.0 (X11; Linux x86_64; rv:109.0) Gecko/20100101 Firefox/115.0"
203.0.113.37 - - [15/May/2024:11:47:46 +0700] "GET /dashboard HTTP/1.1" 404 107 "-" "Mozilla/5.0 (Windows NT 10.0; Win64; x64) AppleWebKit/537.36"
203.0.113.29 - - [15/May/2024:11:47:51 +0700] "GET /api/v1/users HTTP/1.1" 200 4291 "-" "python-requests/2.31.0"
203.0.113.11 - - [15/May/2024:11:47:57 +0700] "GET /robots.txt HTTP/1.1" 200 19680 "-" "curl/7.88.1"
203.0.113.10 - - [15/May/2024:11:48:04 +0700] "GET / HTTP/1.1" 200 40162 "-" "python-requests/2.31.0"
203.0.113.18 - - [15/May/2024:11:48:42 +0700] "GET /api/v1/products HTTP/1.1" 200 6518 "-" "Mozilla/5.0 (X11; Linux x86_64; rv:109.0) Gecko/20100101 Firefox/115.0"
203.0.113.27 - - [15/May/2024:11:48:53 +0700] "GET /static/main.js HTTP/1.1" 200 12431 "-" "Mozilla/5.0 (X11; Linux x86_64; rv:109.0) Gecko/20100101 Firefox/115.0"
203.0.113.8 - - [15/May/2024:11:48:56 +0700] "POST /login HTTP/1.1" 200 34073 "-" "Mozilla/5.0 (Macintosh; Intel Mac OS X 10_15_7) AppleWebKit/537.36"
203.0.113.11 - - [15/May/2024:11:48:56 +0700] "GET /logout HTTP/1.1" 200 19368 "-" "Mozilla/5.0 (Windows NT 10.0; Win64; x64) AppleWebKit/537.36"
203.0.113.25 - - [15/May/2024:11:49:32 +0700] "GET /login HTTP/1.1" 200 44694 "-" "Mozilla/5.0 (Macintosh; Intel Mac OS X 10_15_7) AppleWebKit/537.36"
203.0.113.2 - - [15/May/2024:11:49:40 +0700] "POST /static/style.css HTTP/1.1" 304 73 "-" "Go-http-client/1.1"
203.0.113.7 - - [15/May/2024:11:49:44 +0700] "DELETE /logout HTTP/1.1" 200 17918 "-" "Mozilla/5.0 (Macintosh; Intel Mac OS X 10_15_7) AppleWebKit/537.36"
203.0.113.3 - - [15/May/2024:11:50:06 +0700] "POST /robots.txt HTTP/1.1" 200 15857 "-" "python-requests/2.31.0"
203.0.113.28 - - [15/May/2024:11:51:03 +0700] "DELETE /api/v1/users HTTP/1.1" 404 257 "-" "python-requests/2.31.0"
203.0.113.4 - - [15/May/2024:11:51:37 +0700] "PUT /static/main.js HTTP/1.1" 200 1797 "-" "Mozilla/5.0 (X11; Linux x86_64; rv:109.0) Gecko/20100101 Firefox/115.0"
203.0.113.1 - - [15/May/2024:11:51:39 +0700] "GET /robots.txt HTTP/1.1" 404 127 "-" "curl/7.88.1"
203.0.113.5 - - [15/May/2024:11:52:24 +0700] "POST /static/main.js HTTP/1.1" 200 13862 "-" "python-requests/2.31.0"
203.0.113.21 - - [15/May/2024:11:52:27 +0700] "GET /health HTTP/1.1" 200 25581 "-" "Mozilla/5.0 (X11; Linux x86_64; rv:109.0) Gecko/20100101 Firefox/115.0"
203.0.113.34 - - [15/May/2024:11:52:41 +0700] "GET /api/v1/users HTTP/1.1" 200 37162 "-" "curl/7.88.1"
203.0.113.36 - - [15/May/2024:11:52:44 +0700] "GET /static/style.css HTTP/1.1" 200 40439 "-" "Mozilla/5.0 (Windows NT 10.0; Win64; x64) AppleWebKit/537.36"
203.0.113.35 - - [15/May/2024:11:52:46 +0700] "GET / HTTP/1.1" 200 38946 "-" "python-requests/2.31.0"
203.0.113.15 - - [15/May/2024:11:53:15 +0700] "GET /robots.txt HTTP/1.1" 200 17231 "-" "Mozilla/5.0 (Macintosh; Intel Mac OS X 10_15_7) AppleWebKit/537.36"
203.0.113.17 - - [15/May/2024:11:53:19 +0700] "PUT /login HTTP/1.1" 200 33402 "-" "python-requests/2.31.0"
198.51.100.13 - - [15/May/2024:11:53:42 +0700] "POST /login HTTP/1.1" 404 96 "-" "Mozilla/5.0 (compatible; BadBot/1.0)"
203.0.113.5 - - [15/May/2024:11:54:22 +0700] "POST /api/v1/products HTTP/1.1" 200 11852 "-" "python-requests/2.31.0"
203.0.113.35 - - [15/May/2024:11:55:04 +0700] "GET /robots.txt HTTP/1.1" 200 25310 "-" "Mozilla/5.0 (Windows NT 10.0; Win64; x64) AppleWebKit/537.36"
203.0.113.18 - - [15/May/2024:11:55:20 +0700] "POST /index.html HTTP/1.1" 200 7059 "-" "Mozilla/5.0 (Macintosh; Intel Mac OS X 10_15_7) AppleWebKit/537.36"
203.0.113.32 - - [15/May/2024:11:55:25 +0700] "GET / HTTP/1.1" 200 15418 "-" "python-requests/2.31.0"
203.0.113.19 - - [15/May/2024:11:56:07 +0700] "GET /health HTTP/1.1" 404 209 "-" "Mozilla/5.0 (X11; Linux x86_64; rv:109.0) Gecko/20100101 Firefox/115.0"
203.0.113.4 - - [15/May/2024:11:56:26 +0700] "POST /dashboard HTTP/1.1" 200 6526 "-" "Mozilla/5.0 (Windows NT 10.0; Win64; x64) AppleWebKit/537.36"
203.0.113.32 - - [15/May/2024:11:56:52 +0700] "GET /dashboard HTTP/1.1" 200 43358 "-" "Mozilla/5.0 (X11; Linux x86_64; rv:109.0) Gecko/20100101 Firefox/115.0"
203.0.113.7 - - [15/May/2024:11:56:58 +0700] "POST /login HTTP/1.1" 200 15916 "-" "Mozilla/5.0 (X11; Linux x86_64; rv:109.0) Gecko/20100101 Firefox/115.0"
203.0.113.34 - - [15/May/2024:11:57:20 +0700] "PUT /index.html HTTP/1.1" 404 234 "-" "Wget/1.21.4 (linux-gnu)"
203.0.113.17 - - [15/May/2024:11:57:37 +0700] "POST /logout HTTP/1.1" 200 26020 "-" "Mozilla/5.0 (X11; Linux x86_64; rv:109.0) Gecko/20100101 Firefox/115.0"
203.0.113.25 - - [15/May/2024:11:57:40 +0700] "GET /index.html HTTP/1.1" 404 56 "-" "Mozilla/5.0 (X11; Linux x86_64; rv:109.0) Gecko/20100101 Firefox/115.0"
203.0.113.28 - - [15/May/2024:11:57:44 +0700] "GET /dashboard HTTP/1.1" 500 294 "-" "curl/7.88.1"
203.0.113.27 - - [15/May/2024:11:57:57 +0700] "GET /index.html HTTP/1.1" 200 28335 "-" "Go-http-client/1.1"
203.0.113.11 - - [15/May/2024:11:58:32 +0700] "GET /health HTTP/1.1" 404 245 "-" "Mozilla/5.0 (Macintosh; Intel Mac OS X 10_15_7) AppleWebKit/537.36"
203.0.113.32 - - [15/May/2024:11:59:04 +0700] "PUT /static/style.css HTTP/1.1" 200 4811 "-" "Go-http-client/1.1"
203.0.113.16 - - [15/May/2024:11:59:13 +0700] "PUT /logout HTTP/1.1" 200 49509 "-" "curl/7.88.1"
203.0.113.1 - - [15/May/2024:11:59:18 +0700] "POST /robots.txt HTTP/1.1" 200 39996 "-" "Mozilla/5.0 (X11; Linux x86_64; rv:109.0) Gecko/20100101 Firefox/115.0"
203.0.113.27 - - [15/May/2024:11:59:47 +0700] "GET /static/style.css HTTP/1.1" 404 81 "-" "Go-http-client/1.1"
203.0.113.26 - - [15/May/2024:11:59:52 +0700] "GET /api/v1/orders HTTP/1.1" 200 18294 "-" "Mozilla/5.0 (Macintosh; Intel Mac OS X 10_15_7) AppleWebKit/537.36"
203.0.113.39 - - [15/May/2024:12:00:18 +0700] "GET /dashboard HTTP/1.1" 200 35022 "-" "python-requests/2.31.0"
198.51.100.13 - - [15/May/2024:12:00:27 +0700] "POST /logout HTTP/1.1" 401 197 "-" "Mozilla/5.0 (compatible; BadBot/1.0)"
203.0.113.38 - - [15/May/2024:12:00:35 +0700] "PUT /logout HTTP/1.1" 404 176 "-" "Mozilla/5.0 (Macintosh; Intel Mac OS X 10_15_7) AppleWebKit/537.36"
198.51.100.13 - - [15/May/2024:12:01:18 +0700] "POST /dashboard HTTP/1.1" 500 85 "-" "Mozilla/5.0 (compatible; BadBot/1.0)"
203.0.113.10 - - [15/May/2024:12:02:16 +0700] "HEAD /logout HTTP/1.1" 200 7918 "-" "Mozilla/5.0 (Macintosh; Intel Mac OS X 10_15_7) AppleWebKit/537.36"
203.0.113.18 - - [15/May/2024:12:02:55 +0700] "POST /static/main.js HTTP/1.1" 301 387 "-" "python-requests/2.31.0"
203.0.113.38 - - [15/May/2024:12:04:37 +0700] "GET /health HTTP/1.1" 200 27653 "-" "Go-http-client/1.1"
203.0.113.37 - - [15/May/2024:12:05:08 +0700] "GET /index.html HTTP/1.1" 404 279 "-" "Mozilla/5.0 (Windows NT 10.0; Win64; x64) AppleWebKit/537.36"
203.0.113.38 - - [15/May/2024:12:05:49 +0700] "PUT /health HTTP/1.1" 200 19664 "-" "Mozilla/5.0 (Macintosh; Intel Mac OS X 10_15_7) AppleWebKit/537.36"
198.51.100.13 - - [15/May/2024:12:06:19 +0700] "POST /static/style.css HTTP/1.1" 403 276 "-" "Mozilla/5.0 (compatible; BadBot/1.0)"
203.0.113.36 - - [15/May/2024:12:07:33 +0700] "GET /static/main.js HTTP/1.1" 200 29235 "-" "Go-http-client/1.1"
203.0.113.22 - - [15/May/2024:12:08:04 +0700] "PUT /robots.txt HTTP/1.1" 200 14358 "-" "Mozilla/5.0 (X11; Linux x86_64; rv:109.0) Gecko/20100101 Firefox/115.0"
203.0.113.22 - - [15/May/2024:12:08:39 +0700] "GET /static/main.js HTTP/1.1" 200 26548 "-" "python-requests/2.31.0"
203.0.113.39 - - [15/May/2024:12:08:43 +0700] "GET /robots.txt HTTP/1.1" 200 19266 "-" "curl/7.88.1"
203.0.113.34 - - [15/May/2024:12:10:42 +0700] "GET /static/main.js HTTP/1.1" 304 223 "-" "curl/7.88.1"
203.0.113.14 - - [15/May/2024:12:11:17 +0700] "GET /robots.txt HTTP/1.1" 404 210 "-" "Go-http-client/1.1"
203.0.113.8 - - [15/May/2024:12:11:17 +0700] "GET /dashboard HTTP/1.1" 200 29460 "-" "curl/7.88.1"
203.0.113.32 - - [15/May/2024:12:11:46 +0700] "GET /robots.txt HTTP/1.1" 500 145 "-" "curl/7.88.1"
203.0.113.29 - - [15/May/2024:12:12:17 +0700] "PUT /login HTTP/1.1" 200 41932 "-" "curl/7.88.1"
203.0.113.8 - - [15/May/2024:12:12:19 +0700] "HEAD /static/main.js HTTP/1.1" 500 90 "-" "Mozilla/5.0 (X11; Linux x86_64; rv:109.0) Gecko/20100101 Firefox/115.0"
203.0.113.26 - - [15/May/2024:12:13:06 +0700] "GET /index.html HTTP/1.1" 301 302 "-" "Mozilla/5.0 (Windows NT 10.0; Win64; x64) AppleWebKit/537.36"
203.0.113.30 - - [15/May/2024:12:13:11 +0700] "GET /api/v1/products HTTP/1.1" 200 40186 "-" "Mozilla/5.0 (X11; Linux x86_64; rv:109.0) Gecko/20100101 Firefox/115.0"
203.0.113.15 - - [15/May/2024:12:13:29 +0700] "POST /static/main.js HTTP/1.1" 200 47912 "-" "Mozilla/5.0 (X11; Linux x86_64; rv:109.0) Gecko/20100101 Firefox/115.0"
203.0.113.17 - - [15/May/2024:12:13:31 +0700] "GET /logout HTTP/1.1" 200 44230 "-" "python-requests/2.31.0"
203.0.113.19 - - [15/May/2024:12:15:19 +0700] "POST /login HTTP/1.1" 200 21402 "-" "python-requests/2.31.0"
203.0.113.16 - - [15/May/2024:12:15:31 +0700] "GET /robots.txt HTTP/1.1" 200 44733 "-" "python-requests/2.31.0"
203.0.113.32 - - [15/May/2024:12:16:39 +0700] "GET /index.html HTTP/1.1" 200 37682 "-" "Wget/1.21.4 (linux-gnu)"
203.0.113.31 - - [15/May/2024:12:17:26 +0700] "HEAD /index.html HTTP/1.1" 301 448 "-" "Mozilla/5.0 (Windows NT 10.0; Win64; x64) AppleWebKit/537.36"
203.0.113.32 - - [15/May/2024:12:17:27 +0700] "GET /static/main.js HTTP/1.1" 200 36788 "-" "Mozilla/5.0 (X11; Linux x86_64; rv:109.0) Gecko/20100101 Firefox/115.0"
203.0.113.18 - - [15/May/2024:12:17:48 +0700] "PUT /static/main.js HTTP/1.1" 404 248 "-" "curl/7.88.1"
203.0.113.34 - - [15/May/2024:12:18:10 +0700] "GET /api/v1/products HTTP/1.1" 404 255 "-" "curl/7.88.1"
203.0.113.36 - - [15/May/2024:12:18:30 +0700] "GET /logout HTTP/1.1" 200 24444 "-" "Mozilla/5.0 (X11; Linux x86_64; rv:109.0) Gecko/20100101 Firefox/115.0"
203.0.113.26 - - [15/May/2024:12:18:57 +0700] "POST /dashboard HTTP/1.1" 404 267 "-" "Mozilla/5.0 (Macintosh; Intel Mac OS X 10_15_7) AppleWebKit/537.36"
203.0.113.15 - - [15/May/2024:12:19:20 +0700] "POST /login HTTP/1.1" 404 137 "-" "Go-http-client/1.1"
203.0.113.4 - - [15/May/2024:12:19:48 +0700] "GET /login HTTP/1.1" 200 9414 "-" "Go-http-client/1.1"
203.0.113.34 - - [15/May/2024:12:21:29 +0700] "GET /api/v1/products HTTP/1.1" 200 10745 "-" "Go-http-client/1.1"
203.0.113.31 - - [15/May/2024:12:21:30 +0700] "POST /logout HTTP/1.1" 200 1057 "-" "Mozilla/5.0 (Macintosh; Intel Mac OS X 10_15_7) AppleWebKit/537.36"
203.0.113.30 - - [15/May/2024:12:22:02 +0700] "POST /api/v1/products HTTP/1.1" 200 46479 "-" "python-requests/2.31.0"
203.0.113.36 - - [15/May/2024:12:22:02 +0700] "POST /health HTTP/1.1" 200 42459 "-" "Wget/1.21.4 (linux-gnu)"
203.0.113.15 - - [15/May/2024:12:22:23 +0700] "POST /robots.txt HTTP/1.1" 404 68 "-" "Wget/1.21.4 (linux-gnu)"
203.0.113.25 - - [15/May/2024:12:22:26 +0700] "GET /dashboard HTTP/1.1" 200 18888 "-" "python-requests/2.31.0"
203.0.113.20 - - [15/May/2024:12:22:40 +0700] "POST /logout HTTP/1.1" 200 15341 "-" "Wget/1.21.4 (linux-gnu)"
203.0.113.2 - - [15/May/2024:12:22:54 +0700] "GET /api/v1/orders HTTP/1.1" 200 25378 "-" "Go-http-client/1.1"
203.0.113.11 - - [15/May/2024:12:23:08 +0700] "GET /static/main.js HTTP/1.1" 200 45659 "-" "Mozilla/5.0 (Macintosh; Intel Mac OS X 10_15_7) AppleWebKit/537.36"
203.0.113.23 - - [15/May/2024:12:23:41 +0700] "GET /static/main.js HTTP/1.1" 200 7609 "-" "Mozilla/5.0 (Macintosh; Intel Mac OS X 10_15_7) AppleWebKit/537.36"
198.51.100.13 - - [15/May/2024:12:24:03 +0700] "POST /api/v1/users HTTP/1.1" 200 44807 "-" "Mozilla/5.0 (compatible; BadBot/1.0)"
203.0.113.32 - - [15/May/2024:12:24:15 +0700] "PUT /robots.txt HTTP/1.1" 200 39381 "-" "Mozilla/5.0 (X11; Linux x86_64; rv:109.0) Gecko/20100101 Firefox/115.0"
198.51.100.13 - - [15/May/2024:12:24:19 +0700] "POST /health HTTP/1.1" 404 90 "-" "Mozilla/5.0 (compatible; BadBot/1.0)"
203.0.113.35 - - [15/May/2024:12:24:33 +0700] "GET /health HTTP/1.1" 200 24723 "-" "python-requests/2.31.0"
203.0.113.18 - - [15/May/2024:12:25:27 +0700] "HEAD /robots.txt HTTP/1.1" 200 27766 "-" "Mozilla/5.0 (Macintosh; Intel Mac OS X 10_15_7) AppleWebKit/537.36"
203.0.113.35 - - [15/May/2024:12:25:31 +0700] "GET /login HTTP/1.1" 404 123 "-" "Wget/1.21.4 (linux-gnu)"
203.0.113.8 - - [15/May/2024:12:25:49 +0700] "POST /api/v1/users HTTP/1.1" 200 9857 "-" "Mozilla/5.0 (Windows NT 10.0; Win64; x64) AppleWebKit/537.36"
203.0.113.34 - - [15/May/2024:12:26:19 +0700] "GET /index.html HTTP/1.1" 200 14706 "-" "curl/7.88.1"
203.0.113.39 - - [15/May/2024:12:26:23 +0700] "HEAD /robots.txt HTTP/1.1" 200 25386 "-" "curl/7.88.1"
203.0.113.31 - - [15/May/2024:12:27:11 +0700] "GET /logout HTTP/1.1" 200 23788 "-" "curl/7.88.1"
203.0.113.12 - - [15/May/2024:12:27:38 +0700] "GET /robots.txt HTTP/1.1" 200 2242 "-" "Go-http-client/1.1"
203.0.113.22 - - [15/May/2024:12:28:28 +0700] "PUT /robots.txt HTTP/1.1" 200 29889 "-" "python-requests/2.31.0"
203.0.113.1 - - [15/May/2024:12:28:57 +0700] "GET /logout HTTP/1.1" 404 190 "-" "python-requests/2.31.0"
203.0.113.25 - - [15/May/2024:12:29:20 +0700] "POST /api/v1/products HTTP/1.1" 500 130 "-" "Mozilla/5.0 (Macintosh; Intel Mac OS X 10_15_7) AppleWebKit/537.36"
203.0.113.12 - - [15/May/2024:12:29:56 +0700] "GET /index.html HTTP/1.1" 200 7763 "-" "Wget/1.21.4 (linux-gnu)"
203.0.113.19 - - [15/May/2024:12:30:03 +0700] "GET /api/v1/orders HTTP/1.1" 200 27298 "-" "Mozilla/5.0 (Windows NT 10.0; Win64; x64) AppleWebKit/537.36"
203.0.113.28 - - [15/May/2024:12:30:08 +0700] "GET /static/style.css HTTP/1.1" 200 42066 "-" "Mozilla/5.0 (Windows NT 10.0; Win64; x64) AppleWebKit/537.36"
203.0.113.33 - - [15/May/2024:12:30:11 +0700] "POST /static/style.css HTTP/1.1" 200 8578 "-" "Mozilla/5.0 (Macintosh; Intel Mac OS X 10_15_7) AppleWebKit/537.36"
203.0.113.33 - - [15/May/2024:12:30:18 +0700] "GET /index.html HTTP/1.1" 304 105 "-" "curl/7.88.1"
203.0.113.3 - - [15/May/2024:12:30:47 +0700] "POST /robots.txt HTTP/1.1" 200 34747 "-" "Mozilla/5.0 (Windows NT 10.0; Win64; x64) AppleWebKit/537.36"
203.0.113.14 - - [15/May/2024:12:31:27 +0700] "GET /static/main.js HTTP/1.1" 200 4973 "-" "Wget/1.21.4 (linux-gnu)"
203.0.113.20 - - [15/May/2024:12:31:42 +0700] "GET /dashboard HTTP/1.1" 304 295 "-" "Go-http-client/1.1"
203.0.113.14 - - [15/May/2024:12:31:53 +0700] "POST /health HTTP/1.1" 200 18943 "-" "python-requests/2.31.0"
203.0.113.15 - - [15/May/2024:12:32:02 +0700] "GET /api/v1/products HTTP/1.1" 200 29723 "-" "curl/7.88.1"
203.0.113.14 - - [15/May/2024:12:32:08 +0700] "POST /robots.txt HTTP/1.1" 200 49160 "-" "Mozilla/5.0 (Macintosh; Intel Mac OS X 10_15_7) AppleWebKit/537.36"
203.0.113.39 - - [15/May/2024:12:32:17 +0700] "PUT /static/main.js HTTP/1.1" 200 21273 "-" "curl/7.88.1"
203.0.113.14 - - [15/May/2024:12:32:35 +0700] "GET /login HTTP/1.1" 301 172 "-" "Mozilla/5.0 (X11; Linux x86_64; rv:109.0) Gecko/20100101 Firefox/115.0"
203.0.113.14 - - [15/May/2024:12:34:39 +0700] "PUT /api/v1/users HTTP/1.1" 404 68 "-" "Mozilla/5.0 (Windows NT 10.0; Win64; x64) AppleWebKit/537.36"
203.0.113.13 - - [15/May/2024:12:34:42 +0700] "POST /logout HTTP/1.1" 200 18011 "-" "curl/7.88.1"
203.0.113.15 - - [15/May/2024:12:35:03 +0700] "GET / HTTP/1.1" 200 16620 "-" "Go-http-client/1.1"
203.0.113.31 - - [15/May/2024:12:35:08 +0700] "GET /login HTTP/1.1" 200 43446 "-" "Mozilla/5.0 (X11; Linux x86_64; rv:109.0) Gecko/20100101 Firefox/115.0"
203.0.113.16 - - [15/May/2024:12:35:10 +0700] "GET /api/v1/users HTTP/1.1" 200 41085 "-" "Wget/1.21.4 (linux-gnu)"
203.0.113.32 - - [15/May/2024:12:35:15 +0700] "GET /login HTTP/1.1" 200 30011 "-" "python-requests/2.31.0"
203.0.113.18 - - [15/May/2024:12:35:44 +0700] "GET /static/main.js HTTP/1.1" 200 18507 "-" "python-requests/2.31.0"
203.0.113.26 - - [15/May/2024:12:35:58 +0700] "PUT /dashboard HTTP/1.1" 404 290 "-" "Go-http-client/1.1"
203.0.113.2 - - [15/May/2024:12:36:13 +0700] "GET /health HTTP/1.1" 200 34392 "-" "Mozilla/5.0 (X11; Linux x86_64; rv:109.0) Gecko/20100101 Firefox/115.0"
203.0.113.17 - - [15/May/2024:12:36:33 +0700] "GET /index.html HTTP/1.1" 200 8688 "-" "Go-http-client/1.1"
203.0.113.24 - - [15/May/2024:12:36:44 +0700] "GET /index.html HTTP/1.1" 200 45052 "-" "Go-http-client/1.1"
203.0.113.14 - - [15/May/2024:12:37:05 +0700] "DELETE /login HTTP/1.1" 200 49573 "-" "python-requests/2.31.0"
203.0.113.18 - - [15/May/2024:12:37:37 +0700] "GET /static/main.js HTTP/1.1" 200 48873 "-" "Mozilla/5.0 (Macintosh; Intel Mac OS X 10_15_7) AppleWebKit/537.36"
203.0.113.24 - - [15/May/2024:12:38:04 +0700] "PUT /login HTTP/1.1" 200 12622 "-" "Mozilla/5.0 (Windows NT 10.0; Win64; x64) AppleWebKit/537.36"
203.0.113.29 - - [15/May/2024:12:40:58 +0700] "POST / HTTP/1.1" 200 3403 "-" "Go-http-client/1.1"
203.0.113.7 - - [15/May/2024:12:41:00 +0700] "PUT /api/v1/users HTTP/1.1" 200 22433 "-" "curl/7.88.1"
203.0.113.1 - - [15/May/2024:12:42:00 +0700] "GET /index.html HTTP/1.1" 404 187 "-" "Mozilla/5.0 (X11; Linux x86_64; rv:109.0) Gecko/20100101 Firefox/115.0"
203.0.113.4 - - [15/May/2024:12:42:40 +0700] "PUT /logout HTTP/1.1" 200 11969 "-" "Mozilla/5.0 (Windows NT 10.0; Win64; x64) AppleWebKit/537.36"
203.0.113.34 - - [15/May/2024:12:43:15 +0700] "POST /api/v1/orders HTTP/1.1" 200 18817 "-" "Mozilla/5.0 (Windows NT 10.0; Win64; x64) AppleWebKit/537.36"
203.0.113.29 - - [15/May/2024:12:43:32 +0700] "GET /index.html HTTP/1.1" 200 11231 "-" "Mozilla/5.0 (X11; Linux x86_64; rv:109.0) Gecko/20100101 Firefox/115.0"
203.0.113.6 - - [15/May/2024:12:43:39 +0700] "GET /index.html HTTP/1.1" 301 109 "-" "Mozilla/5.0 (X11; Linux x86_64; rv:109.0) Gecko/20100101 Firefox/115.0"
203.0.113.38 - - [15/May/2024:12:44:05 +0700] "GET /api/v1/users HTTP/1.1" 200 2539 "-" "curl/7.88.1"
203.0.113.35 - - [15/May/2024:12:44:31 +0700] "GET /dashboard HTTP/1.1" 304 234 "-" "Mozilla/5.0 (Macintosh; Intel Mac OS X 10_15_7) AppleWebKit/537.36"
203.0.113.12 - - [15/May/2024:12:44:45 +0700] "GET /static/style.css HTTP/1.1" 200 9198 "-" "python-requests/2.31.0"
203.0.113.2 - - [15/May/2024:12:45:04 +0700] "PUT /static/style.css HTTP/1.1" 404 270 "-" "python-requests/2.31.0"
203.0.113.21 - - [15/May/2024:12:45:44 +0700] "HEAD /static/main.js HTTP/1.1" 200 7544 "-" "Mozilla/5.0 (X11; Linux x86_64; rv:109.0) Gecko/20100101 Firefox/115.0"
203.0.113.16 - - [15/May/2024:12:45:47 +0700] "GET /health HTTP/1.1" 200 41705 "-" "Mozilla/5.0 (Macintosh; Intel Mac OS X 10_15_7) AppleWebKit/537.36"
203.0.113.23 - - [15/May/2024:12:46:10 +0700] "GET /index.html HTTP/1.1" 200 49302 "-" "curl/7.88.1"
203.0.113.38 - - [15/May/2024:12:46:35 +0700] "POST /static/style.css HTTP/1.1" 200 5711 "-" "Mozilla/5.0 (Windows NT 10.0; Win64; x64) AppleWebKit/537.36"
203.0.113.25 - - [15/May/2024:12:46:38 +0700] "DELETE /index.html HTTP/1.1" 200 39119 "-" "Wget/1.21.4 (linux-gnu)"
203.0.113.32 - - [15/May/2024:12:47:01 +0700] "DELETE /index.html HTTP/1.1" 200 40547 "-" "Wget/1.21.4 (linux-gnu)"
203.0.113.14 - - [15/May/2024:12:47:11 +0700] "POST /static/main.js HTTP/1.1" 500 163 "-" "Mozilla/5.0 (X11; Linux x86_64; rv:109.0) Gecko/20100101 Firefox/115.0"
203.0.113.12 - - [15/May/2024:12:48:24 +0700] "PUT / HTTP/1.1" 500 236 "-" "curl/7.88.1"
203.0.113.35 - - [15/May/2024:12:49:29 +0700] "GET / HTTP/1.1" 200 34855 "-" "Wget/1.21.4 (linux-gnu)"
203.0.113.39 - - [15/May/2024:12:49:41 +0700] "GET /api/v1/orders HTTP/1.1" 404 264 "-" "curl/7.88.1"
203.0.113.31 - - [15/May/2024:12:50:03 +0700] "HEAD /api/v1/orders HTTP/1.1" 200 48030 "-" "Mozilla/5.0 (X11; Linux x86_64; rv:109.0) Gecko/20100101 Firefox/115.0"
203.0.113.26 - - [15/May/2024:12:50:10 +0700] "GET /dashboard HTTP/1.1" 200 34627 "-" "Mozilla/5.0 (Windows NT 10.0; Win64; x64) AppleWebKit/537.36"
203.0.113.5 - - [15/May/2024:12:50:15 +0700] "GET / HTTP/1.1" 301 221 "-" "Mozilla/5.0 (X11; Linux x86_64; rv:109.0) Gecko/20100101 Firefox/115.0"
203.0.113.38 - - [15/May/2024:12:50:27 +0700] "GET / HTTP/1.1" 200 3101 "-" "Mozilla/5.0 (Macintosh; Intel Mac OS X 10_15_7) AppleWebKit/537.36"
203.0.113.18 - - [15/May/2024:12:50:36 +0700] "GET /api/v1/users HTTP/1.1" 200 6621 "-" "Mozilla/5.0 (Macintosh; Intel Mac OS X 10_15_7) AppleWebKit/537.36"
203.0.113.28 - - [15/May/2024:12:51:03 +0700] "PUT /logout HTTP/1.1" 200 10308 "-" "Go-http-client/1.1"
203.0.113.13 - - [15/May/2024:12:52:16 +0700] "GET /health HTTP/1.1" 200 39057 "-" "Wget/1.21.4 (linux-gnu)"
203.0.113.8 - - [15/May/2024:12:52:48 +0700] "DELETE /logout HTTP/1.1" 200 15451 "-" "curl/7.88.1"
203.0.113.34 - - [15/May/2024:12:52:54 +0700] "GET /api/v1/users HTTP/1.1" 200 40270 "-" "Mozilla/5.0 (X11; Linux x86_64; rv:109.0) Gecko/20100101 Firefox/115.0"
203.0.113.33 - - [15/May/2024:12:53:19 +0700] "DELETE /health HTTP/1.1" 200 38326 "-" "Mozilla/5.0 (X11; Linux x86_64; rv:109.0) Gecko/20100101 Firefox/115.0"
203.0.113.12 - - [15/May/2024:12:54:02 +0700] "POST /health HTTP/1.1" 200 21077 "-" "Mozilla/5.0 (Macintosh; Intel Mac OS X 10_15_7) AppleWebKit/537.36"
198.51.100.13 - - [15/May/2024:12:54:29 +0700] "POST / HTTP/1.1" 403 137 "-" "Mozilla/5.0 (compatible; BadBot/1.0)"
203.0.113.30 - - [15/May/2024:12:55:57 +0700] "POST /static/main.js HTTP/1.1" 500 58 "-" "Mozilla/5.0 (Macintosh; Intel Mac OS X 10_15_7) AppleWebKit/537.36"
198.51.100.13 - - [15/May/2024:12:55:58 +0700] "POST /logout HTTP/1.1" 401 268 "-" "Mozilla/5.0 (compatible; BadBot/1.0)"
203.0.113.1 - - [15/May/2024:12:56:24 +0700] "GET /logout HTTP/1.1" 500 184 "-" "Wget/1.21.4 (linux-gnu)"
203.0.113.5 - - [15/May/2024:12:57:04 +0700] "GET /logout HTTP/1.1" 200 44728 "-" "Mozilla/5.0 (Windows NT 10.0; Win64; x64) AppleWebKit/537.36"
198.51.100.13 - - [15/May/2024:12:57:53 +0700] "POST /logout HTTP/1.1" 403 199 "-" "Mozilla/5.0 (compatible; BadBot/1.0)"
203.0.113.38 - - [15/May/2024:12:57:56 +0700] "GET /api/v1/orders HTTP/1.1" 301 242 "-" "curl/7.88.1"
203.0.113.13 - - [15/May/2024:12:58:01 +0700] "POST /dashboard HTTP/1.1" 200 48490 "-" "curl/7.88.1"
203.0.113.38 - - [15/May/2024:12:58:13 +0700] "GET /login HTTP/1.1" 200 31683 "-" "Go-http-client/1.1"
203.0.113.8 - - [15/May/2024:12:58:23 +0700] "GET /static/main.js HTTP/1.1" 301 186 "-" "curl/7.88.1"
198.51.100.13 - - [15/May/2024:12:58:49 +0700] "POST /robots.txt HTTP/1.1" 500 96 "-" "Mozilla/5.0 (compatible; BadBot/1.0)"
203.0.113.14 - - [15/May/2024:12:58:56 +0700] "GET /logout HTTP/1.1" 200 43460 "-" "python-requests/2.31.0"
198.51.100.13 - - [15/May/2024:12:59:21 +0700] "POST /api/v1/users HTTP/1.1" 404 251 "-" "Mozilla/5.0 (compatible; BadBot/1.0)"
203.0.113.37 - - [15/May/2024:13:01:18 +0700] "GET /static/main.js HTTP/1.1" 200 31352 "-" "Mozilla/5.0 (X11; Linux x86_64; rv:109.0) Gecko/20100101 Firefox/115.0"
203.0.113.31 - - [15/May/2024:13:01:24 +0700] "GET /api/v1/users HTTP/1.1" 404 198 "-" "Mozilla/5.0 (Macintosh; Intel Mac OS X 10_15_7) AppleWebKit/537.36"
203.0.113.25 - - [15/May/2024:13:01:35 +0700] "GET /logout HTTP/1.1" 200 6300 "-" "Mozilla/5.0 (X11; Linux x86_64; rv:109.0) Gecko/20100101 Firefox/115.0"
203.0.113.39 - - [15/May/2024:13:01:44 +0700] "POST /api/v1/users HTTP/1.1" 404 159 "-" "Wget/1.21.4 (linux-gnu)"
203.0.113.19 - - [15/May/2024:13:02:45 +0700] "GET /dashboard HTTP/1.1" 200 31066 "-" "Mozilla/5.0 (Macintosh; Intel Mac OS X 10_15_7) AppleWebKit/537.36"
203.0.113.32 - - [15/May/2024:13:03:46 +0700] "POST /api/v1/orders HTTP/1.1" 200 25921 "-" "Wget/1.21.4 (linux-gnu)"
198.51.100.13 - - [15/May/2024:13:04:24 +0700] "POST /api/secret HTTP/1.1" 401 186 "-" "Mozilla/5.0 (compatible; BadBot/1.0)"
203.0.113.28 - - [15/May/2024:13:05:01 +0700] "POST /api/v1/orders HTTP/1.1" 200 4776 "-" "curl/7.88.1"
203.0.113.20 - - [15/May/2024:13:06:24 +0700] "PUT /dashboard HTTP/1.1" 200 16816 "-" "python-requests/2.31.0"
198.51.100.13 - - [15/May/2024:13:06:38 +0700] "POST /dashboard HTTP/1.1" 403 225 "-" "Mozilla/5.0 (compatible; BadBot/1.0)"
203.0.113.26 - - [15/May/2024:13:07:10 +0700] "GET /health HTTP/1.1" 404 258 "-" "Mozilla/5.0 (Windows NT 10.0; Win64; x64) AppleWebKit/537.36"
203.0.113.19 - - [15/May/2024:13:07:34 +0700] "POST /api/v1/users HTTP/1.1" 200 4059 "-" "Mozilla/5.0 (X11; Linux x86_64; rv:109.0) Gecko/20100101 Firefox/115.0"
203.0.113.1 - - [15/May/2024:13:07:42 +0700] "GET /login HTTP/1.1" 404 299 "-" "Mozilla/5.0 (Macintosh; Intel Mac OS X 10_15_7) AppleWebKit/537.36"
203.0.113.23 - - [15/May/2024:13:08:18 +0700] "GET /static/style.css HTTP/1.1" 200 43682 "-" "Mozilla/5.0 (X11; Linux x86_64; rv:109.0) Gecko/20100101 Firefox/115.0"
203.0.113.2 - - [15/May/2024:13:08:47 +0700] "PUT /api/v1/orders HTTP/1.1" 200 39347 "-" "Mozilla/5.0 (Macintosh; Intel Mac OS X 10_15_7) AppleWebKit/537.36"
203.0.113.3 - - [15/May/2024:13:08:55 +0700] "POST /api/v1/orders HTTP/1.1" 200 4592 "-" "curl/7.88.1"
203.0.113.31 - - [15/May/2024:13:08:57 +0700] "HEAD /dashboard HTTP/1.1" 304 97 "-" "python-requests/2.31.0"
203.0.113.37 - - [15/May/2024:13:09:23 +0700] "DELETE /logout HTTP/1.1" 200 16113 "-" "Wget/1.21.4 (linux-gnu)"
203.0.113.38 - - [15/May/2024:13:09:32 +0700] "GET /login HTTP/1.1" 200 41214 "-" "Go-http-client/1.1"
198.51.100.13 - - [15/May/2024:13:09:36 +0700] "POST /admin HTTP/1.1" 404 74 "-" "Mozilla/5.0 (compatible; BadBot/1.0)"
198.51.100.13 - - [15/May/2024:13:09:43 +0700] "POST /robots.txt HTTP/1.1" 403 142 "-" "Mozilla/5.0 (compatible; BadBot/1.0)"
203.0.113.29 - - [15/May/2024:13:09:51 +0700] "GET /static/style.css HTTP/1.1" 200 46313 "-" "Mozilla/5.0 (Windows NT 10.0; Win64; x64) AppleWebKit/537.36"
203.0.113.26 - - [15/May/2024:13:10:06 +0700] "HEAD /dashboard HTTP/1.1" 200 40092 "-" "Mozilla/5.0 (X11; Linux x86_64; rv:109.0) Gecko/20100101 Firefox/115.0"
203.0.113.3 - - [15/May/2024:13:10:22 +0700] "GET /api/v1/orders HTTP/1.1" 301 194 "-" "python-requests/2.31.0"
203.0.113.9 - - [15/May/2024:13:10:23 +0700] "GET /robots.txt HTTP/1.1" 404 68 "-" "curl/7.88.1"
203.0.113.13 - - [15/May/2024:13:10:36 +0700] "GET /login HTTP/1.1" 304 218 "-" "python-requests/2.31.0"
203.0.113.5 - - [15/May/2024:13:10:42 +0700] "PUT /dashboard HTTP/1.1" 200 28755 "-" "Wget/1.21.4 (linux-gnu)"
203.0.113.3 - - [15/May/2024:13:10:56 +0700] "POST /static/main.js HTTP/1.1" 200 24279 "-" "Mozilla/5.0 (Windows NT 10.0; Win64; x64) AppleWebKit/537.36"
203.0.113.24 - - [15/May/2024:13:11:03 +0700] "GET /api/v1/orders HTTP/1.1" 200 48957 "-" "python-requests/2.31.0"
203.0.113.10 - - [15/May/2024:13:11:21 +0700] "POST /api/v1/users HTTP/1.1" 200 5749 "-" "curl/7.88.1"
203.0.113.1 - - [15/May/2024:13:11:34 +0700] "GET /api/v1/orders HTTP/1.1" 200 19637 "-" "Wget/1.21.4 (linux-gnu)"
203.0.113.6 - - [15/May/2024:13:11:53 +0700] "GET /login HTTP/1.1" 200 27946 "-" "Mozilla/5.0 (Macintosh; Intel Mac OS X 10_15_7) AppleWebKit/537.36"
203.0.113.32 - - [15/May/2024:13:11:55 +0700] "GET /api/v1/users HTTP/1.1" 200 29446 "-" "Mozilla/5.0 (X11; Linux x86_64; rv:109.0) Gecko/20100101 Firefox/115.0"
203.0.113.11 - - [15/May/2024:13:12:07 +0700] "GET / HTTP/1.1" 200 42814 "-" "curl/7.88.1"
203.0.113.19 - - [15/May/2024:13:12:24 +0700] "DELETE /login HTTP/1.1" 304 68 "-" "Wget/1.21.4 (linux-gnu)"
203.0.113.21 - - [15/May/2024:13:12:51 +0700] "POST / HTTP/1.1" 500 153 "-" "curl/7.88.1"
203.0.113.7 - - [15/May/2024:13:13:02 +0700] "GET /dashboard HTTP/1.1" 404 72 "-" "Go-http-client/1.1"
203.0.113.5 - - [15/May/2024:13:13:26 +0700] "GET /index.html HTTP/1.1" 404 248 "-" "python-requests/2.31.0"
203.0.113.2 - - [15/May/2024:13:14:05 +0700] "POST /login HTTP/1.1" 200 17216 "-" "Go-http-client/1.1"
203.0.113.39 - - [15/May/2024:13:15:01 +0700] "GET /api/v1/products HTTP/1.1" 200 35690 "-" "Mozilla/5.0 (Macintosh; Intel Mac OS X 10_15_7) AppleWebKit/537.36"
203.0.113.7 - - [15/May/2024:13:16:14 +0700] "GET /static/style.css HTTP/1.1" 200 18104 "-" "Mozilla/5.0 (X11; Linux x86_64; rv:109.0) Gecko/20100101 Firefox/115.0"
203.0.113.29 - - [15/May/2024:13:16:23 +0700] "GET /api/v1/products HTTP/1.1" 404 289 "-" "python-requests/2.31.0"
203.0.113.20 - - [15/May/2024:13:16:50 +0700] "GET /api/v1/orders HTTP/1.1" 200 7142 "-" "Go-http-client/1.1"
203.0.113.28 - - [15/May/2024:13:17:04 +0700] "HEAD /index.html HTTP/1.1" 301 419 "-" "curl/7.88.1"
203.0.113.33 - - [15/May/2024:13:17:28 +0700] "POST /index.html HTTP/1.1" 200 26845 "-" "curl/7.88.1"
203.0.113.38 - - [15/May/2024:13:17:36 +0700] "GET /static/main.js HTTP/1.1" 200 29761 "-" "Mozilla/5.0 (Macintosh; Intel Mac OS X 10_15_7) AppleWebKit/537.36"
203.0.113.35 - - [15/May/2024:13:17:48 +0700] "GET /index.html HTTP/1.1" 200 23481 "-" "curl/7.88.1"
203.0.113.2 - - [15/May/2024:13:17:50 +0700] "GET /api/v1/products HTTP/1.1" 200 42228 "-" "Mozilla/5.0 (Windows NT 10.0; Win64; x64) AppleWebKit/537.36"
203.0.113.27 - - [15/May/2024:13:19:06 +0700] "GET /robots.txt HTTP/1.1" 200 39667 "-" "curl/7.88.1"
198.51.100.13 - - [15/May/2024:13:20:02 +0700] "POST /api/v1/orders HTTP/1.1" 404 211 "-" "Mozilla/5.0 (compatible; BadBot/1.0)"
203.0.113.28 - - [15/May/2024:13:20:05 +0700] "GET /api/v1/orders HTTP/1.1" 301 307 "-" "curl/7.88.1"
203.0.113.24 - - [15/May/2024:13:20:08 +0700] "POST /robots.txt HTTP/1.1" 200 1448 "-" "Go-http-client/1.1"
198.51.100.13 - - [15/May/2024:13:20:13 +0700] "POST /robots.txt HTTP/1.1" 403 247 "-" "Mozilla/5.0 (compatible; BadBot/1.0)"
203.0.113.7 - - [15/May/2024:13:20:19 +0700] "GET /static/main.js HTTP/1.1" 200 27120 "-" "python-requests/2.31.0"
203.0.113.13 - - [15/May/2024:13:20:49 +0700] "POST /static/main.js HTTP/1.1" 200 41062 "-" "python-requests/2.31.0"
203.0.113.18 - - [15/May/2024:13:20:59 +0700] "GET /login HTTP/1.1" 200 19536 "-" "Mozilla/5.0 (Macintosh; Intel Mac OS X 10_15_7) AppleWebKit/537.36"
203.0.113.31 - - [15/May/2024:13:21:16 +0700] "GET /api/v1/orders HTTP/1.1" 200 6008 "-" "Go-http-client/1.1"
203.0.113.22 - - [15/May/2024:13:21:28 +0700] "GET /logout HTTP/1.1" 200 45630 "-" "Wget/1.21.4 (linux-gnu)"
203.0.113.28 - - [15/May/2024:13:22:16 +0700] "DELETE /robots.txt HTTP/1.1" 200 23663 "-" "Mozilla/5.0 (Windows NT 10.0; Win64; x64) AppleWebKit/537.36"
203.0.113.14 - - [15/May/2024:13:22:35 +0700] "GET /api/v1/users HTTP/1.1" 200 48095 "-" "Mozilla/5.0 (Windows NT 10.0; Win64; x64) AppleWebKit/537.36"
203.0.113.13 - - [15/May/2024:13:23:59 +0700] "GET / HTTP/1.1" 200 35010 "-" "Mozilla/5.0 (Macintosh; Intel Mac OS X 10_15_7) AppleWebKit/537.36"
198.51.100.13 - - [15/May/2024:13:24:07 +0700] "POST /login HTTP/1.1" 404 128 "-" "Mozilla/5.0 (compatible; BadBot/1.0)"
203.0.113.2 - - [15/May/2024:13:24:09 +0700] "GET /api/v1/orders HTTP/1.1" 200 25232 "-" "Wget/1.21.4 (linux-gnu)"
203.0.113.4 - - [15/May/2024:13:24:33 +0700] "GET /api/v1/users HTTP/1.1" 200 32320 "-" "python-requests/2.31.0"
203.0.113.28 - - [15/May/2024:13:24:50 +0700] "GET /login HTTP/1.1" 200 27096 "-" "Mozilla/5.0 (Windows NT 10.0; Win64; x64) AppleWebKit/537.36"
203.0.113.38 - - [15/May/2024:13:25:20 +0700] "GET /dashboard HTTP/1.1" 500 107 "-" "Mozilla/5.0 (X11; Linux x86_64; rv:109.0) Gecko/20100101 Firefox/115.0"
203.0.113.2 - - [15/May/2024:13:27:32 +0700] "POST /api/v1/products HTTP/1.1" 200 5145 "-" "Go-http-client/1.1"
203.0.113.20 - - [15/May/2024:13:28:51 +0700] "GET / HTTP/1.1" 404 112 "-" "Wget/1.21.4 (linux-gnu)"
203.0.113.17 - - [15/May/2024:13:29:22 +0700] "GET /login HTTP/1.1" 200 23505 "-" "Mozilla/5.0 (Windows NT 10.0; Win64; x64) AppleWebKit/537.36"
203.0.113.32 - - [15/May/2024:13:30:13 +0700] "GET /logout HTTP/1.1" 200 28588 "-" "curl/7.88.1"
198.51.100.13 - - [15/May/2024:13:30:56 +0700] "POST /api/secret HTTP/1.1" 404 203 "-" "Mozilla/5.0 (compatible; BadBot/1.0)"
203.0.113.19 - - [15/May/2024:13:31:14 +0700] "GET /logout HTTP/1.1" 200 26569 "-" "Go-http-client/1.1"
203.0.113.22 - - [15/May/2024:13:31:28 +0700] "POST /dashboard HTTP/1.1" 200 22290 "-" "Mozilla/5.0 (Macintosh; Intel Mac OS X 10_15_7) AppleWebKit/537.36"
203.0.113.14 - - [15/May/2024:13:31:32 +0700] "POST /login HTTP/1.1" 200 25333 "-" "Mozilla/5.0 (X11; Linux x86_64; rv:109.0) Gecko/20100101 Firefox/115.0"
203.0.113.1 - - [15/May/2024:13:32:00 +0700] "HEAD /dashboard HTTP/1.1" 500 174 "-" "Wget/1.21.4 (linux-gnu)"
203.0.113.4 - - [15/May/2024:13:32:23 +0700] "GET /static/style.css HTTP/1.1" 404 209 "-" "curl/7.88.1"
203.0.113.17 - - [15/May/2024:13:32:24 +0700] "POST /robots.txt HTTP/1.1" 200 45050 "-" "Mozilla/5.0 (Windows NT 10.0; Win64; x64) AppleWebKit/537.36"
203.0.113.24 - - [15/May/2024:13:33:00 +0700] "GET /static/main.js HTTP/1.1" 200 16925 "-" "Mozilla/5.0 (Windows NT 10.0; Win64; x64) AppleWebKit/537.36"
203.0.113.15 - - [15/May/2024:13:33:06 +0700] "GET /api/v1/orders HTTP/1.1" 200 31650 "-" "Mozilla/5.0 (Macintosh; Intel Mac OS X 10_15_7) AppleWebKit/537.36"
203.0.113.27 - - [15/May/2024:13:33:32 +0700] "GET /logout HTTP/1.1" 200 39726 "-" "Mozilla/5.0 (Macintosh; Intel Mac OS X 10_15_7) AppleWebKit/537.36"
203.0.113.20 - - [15/May/2024:13:33:38 +0700] "PUT /health HTTP/1.1" 200 39605 "-" "Mozilla/5.0 (X11; Linux x86_64; rv:109.0) Gecko/20100101 Firefox/115.0"
203.0.113.3 - - [15/May/2024:13:33:57 +0700] "PUT /api/v1/users HTTP/1.1" 404 242 "-" "Go-http-client/1.1"
203.0.113.29 - - [15/May/2024:13:34:12 +0700] "GET /health HTTP/1.1" 200 32613 "-" "Go-http-client/1.1"
203.0.113.20 - - [15/May/2024:13:34:22 +0700] "HEAD /health HTTP/1.1" 200 43874 "-" "Mozilla/5.0 (Windows NT 10.0; Win64; x64) AppleWebKit/537.36"
203.0.113.20 - - [15/May/2024:13:34:33 +0700] "GET /dashboard HTTP/1.1" 200 41713 "-" "curl/7.88.1"
203.0.113.14 - - [15/May/2024:13:35:38 +0700] "GET /dashboard HTTP/1.1" 200 22916 "-" "Mozilla/5.0 (Windows NT 10.0; Win64; x64) AppleWebKit/537.36"
203.0.113.8 - - [15/May/2024:13:36:03 +0700] "DELETE /api/v1/products HTTP/1.1" 200 48227 "-" "Mozilla/5.0 (Windows NT 10.0; Win64; x64) AppleWebKit/537.36"
203.0.113.27 - - [15/May/2024:13:36:07 +0700] "GET /api/v1/orders HTTP/1.1" 200 41387 "-" "Mozilla/5.0 (Macintosh; Intel Mac OS X 10_15_7) AppleWebKit/537.36"
203.0.113.29 - - [15/May/2024:13:36:18 +0700] "GET /logout HTTP/1.1" 200 2565 "-" "Wget/1.21.4 (linux-gnu)"
203.0.113.33 - - [15/May/2024:13:36:19 +0700] "GET /static/style.css HTTP/1.1" 404 290 "-" "curl/7.88.1"
203.0.113.39 - - [15/May/2024:13:36:40 +0700] "POST /index.html HTTP/1.1" 500 83 "-" "Mozilla/5.0 (Windows NT 10.0; Win64; x64) AppleWebKit/537.36"
203.0.113.32 - - [15/May/2024:13:36:50 +0700] "PUT /robots.txt HTTP/1.1" 200 41660 "-" "Wget/1.21.4 (linux-gnu)"
203.0.113.37 - - [15/May/2024:13:37:22 +0700] "POST /dashboard HTTP/1.1" 200 40215 "-" "Mozilla/5.0 (X11; Linux x86_64; rv:109.0) Gecko/20100101 Firefox/115.0"
203.0.113.33 - - [15/May/2024:13:37:28 +0700] "GET /static/main.js HTTP/1.1" 200 7701 "-" "Mozilla/5.0 (Macintosh; Intel Mac OS X 10_15_7) AppleWebKit/537.36"
203.0.113.27 - - [15/May/2024:13:37:28 +0700] "GET /static/style.css HTTP/1.1" 200 18629 "-" "Go-http-client/1.1"
