198.51.100.13 - - [15/May/2024:19:34:30 +0700] "POST / HTTP/1.1" 401 244 "-" "Mozilla/5.0 (compatible; BadBot/1.0)"
203.0.113.26 - - [15/May/2024:19:34:32 +0700] "HEAD /login HTTP/1.1" 200 5210 "-" "Mozilla/5.0 (Windows NT 10.0; Win64; x64) AppleWebKit/537.36"
203.0.113.38 - - [15/May/2024:19:35:59 +0700] "GET /login HTTP/1.1" 200 27124 "-" "Wget/1.21.4 (linux-gnu)"
203.0.113.33 - - [15/May/2024:19:36:11 +0700] "HEAD /health HTTP/1.1" 200 33971 "-" "Mozilla/5.0 (Macintosh; Intel Mac OS X 10_15_7) AppleWebKit/537.36"
203.0.113.28 - - [15/May/2024:19:36:32 +0700] "DELETE /static/style.css HTTP/1.1" 200 48157 "-" "python-requests/2.31.0"
203.0.113.21 - - [15/May/2024:19:37:24 +0700] "GET /dashboard HTTP/1.1" 200 36520 "-" "Mozilla/5.0 (Macintosh; Intel Mac OS X 10_15_7) AppleWebKit/537.36"
203.0.113.25 - - [15/May/2024:19:37:50 +0700] "GET /dashboard HTTP/1.1" 404 261 "-" "Mozilla/5.0 (Macintosh; Intel Mac OS X 10_15_7) AppleWebKit/537.36"
203.0.113.26 - - [15/May/2024:19:38:09 +0700] "GET /health HTTP/1.1" 200 49583 "-" "Mozilla/5.0 (X11; Linux x86_64; rv:109.0) Gecko/20100101 Firefox/115.0"
203.0.113.8 - - [15/May/2024:19:38:26 +0700] "GET /dashboard HTTP/1.1" 200 11626 "-" "Mozilla/5.0 (Macintosh; Intel Mac OS X 10_15_7) AppleWebKit/537.36"
203.0.113.20 - - [15/May/2024:19:38:54 +0700] "PUT /static/style.css HTTP/1.1" 301 144 "-" "Mozilla/5.0 (Windows NT 10.0; Win64; x64) AppleWebKit/537.36"
203.0.113.31 - - [15/May/2024:19:39:05 +0700] "GET /api/v1/orders HTTP/1.1" 200 22694 "-" "Mozilla/5.0 (Macintosh; Intel Mac OS X 10_15_7) AppleWebKit/537.36"
203.0.113.12 - - [15/May/2024:19:40:05 +0700] "HEAD /api/v1/orders HTTP/1.1" 404 210 "-" "Wget/1.21.4 (linux-gnu)"
203.0.113.39 - - [15/May/2024:19:40:14 +0700] "POST /api/v1/orders HTTP/1.1" 200 48415 "-" "Wget/1.21.4 (linux-gnu)"
203.0.113.14 - - [15/May/2024:19:40:24 +0700] "POST /robots.txt HTTP/1.1" 200 42009 "-" "python-requests/2.31.0"
203.0.113.31 - - [15/May/2024:19:42:09 +0700] "GET /login HTTP/1.1" 200 37886 "-" "Go-http-client/1.1"
203.0.113.37 - - [15/May/2024:19:44:02 +0700] "POST /dashboard HTTP/1.1" 200 28150 "-" "Mozilla/5.0 (Windows NT 10.0; Win64; x64) AppleWebKit/537.36"
203.0.113.38 - - [15/May/2024:19:44:04 +0700] "GET /login HTTP/1.1" 200 23401 "-" "Wget/1.21.4 (linux-gnu)"
198.51.100.13 - - [15/May/2024:19:45:20 +0700] "POST /robots.txt HTTP/1.1" 403 263 "-" "Mozilla/5.0 (compatible; BadBot/1.0)"
203.0.113.24 - - [15/May/2024:19:45:50 +0700] "GET /static/style.css HTTP/1.1" 200 19822 "-" "Mozilla/5.0 (Macintosh; Intel Mac OS X 10_15_7) AppleWebKit/537.36"
203.0.113.22 - - [15/May/2024:19:46:23 +0700] "GET /static/main.js HTTP/1.1" 200 31724 "-" "python-requests/2.31.0"
203.0.113.9 - - [15/May/2024:19:46:30 +0700] "POST /api/v1/orders HTTP/1.1" 404 194 "-" "Mozilla/5.0 (Windows NT 10.0; Win64; x64) AppleWebKit/537.36"
203.0.113.8 - - [15/May/2024:19:47:41 +0700] "GET /robots.txt HTTP/1.1" 200 45364 "-" "Mozilla/5.0 (X11; Linux x86_64; rv:109.0) Gecko/20100101 Firefox/115.0"
203.0.113.23 - - [15/May/2024:19:49:33 +0700] "HEAD /dashboard HTTP/1.1" 304 204 "-" "curl/7.88.1"
203.0.113.9 - - [15/May/2024:19:49:58 +0700] "GET /login HTTP/1.1" 301 289 "-" "python-requests/2.31.0"
203.0.113.29 - - [15/May/2024:19:50:04 +0700] "HEAD / HTTP/1.1" 200 42735 "-" "Mozilla/5.0 (Macintosh; Intel Mac OS X 10_15_7) AppleWebKit/537.36"
203.0.113.38 - - [15/May/2024:19:50:36 +0700] "GET /api/v1/orders HTTP/1.1" 200 10250 "-" "Mozilla/5.0 (Macintosh; Intel Mac OS X 10_15_7) AppleWebKit/537.36"
203.0.113.11 - - [15/May/2024:19:51:42 +0700] "HEAD /index.html HTTP/1.1" 304 230 "-" "curl/7.88.1"
203.0.113.2 - - [15/May/2024:19:51:52 +0700] "HEAD /logout HTTP/1.1" 500 85 "-" "Mozilla/5.0 (Windows NT 10.0; Win64; x64) AppleWebKit/537.36"
203.0.113.14 - - [15/May/2024:19:52:03 +0700] "GET /index.html HTTP/1.1" 200 26349 "-" "curl/7.88.1"
203.0.113.10 - - [15/May/2024:19:52:44 +0700] "POST /api/v1/orders HTTP/1.1" 200 42701 "-" "python-requests/2.31.0"
203.0.113.1 - - [15/May/2024:19:53:11 +0700] "GET /static/main.js HTTP/1.1" 200 7947 "-" "python-requests/2.31.0"
203.0.113.29 - - [15/May/2024:19:53:22 +0700] "POST /dashboard HTTP/1.1" 200 49767 "-" "python-requests/2.31.0"
203.0.113.11 - - [15/May/2024:19:54:13 +0700] "GET /login HTTP/1.1" 200 47612 "-" "Wget/1.21.4 (linux-gnu)"
203.0.113.29 - - [15/May/2024:19:54:38 +0700] "PUT /dashboard HTTP/1.1" 200 1907 "-" "python-requests/2.31.0"
203.0.113.37 - - [15/May/2024:19:55:20 +0700] "POST / HTTP/1.1" 200 29178 "-" "Mozilla/5.0 (Macintosh; Intel Mac OS X 10_15_7) AppleWebKit/537.36"
203.0.113.19 - - [15/May/2024:19:55:57 +0700] "GET /static/style.css HTTP/1.1" 404 215 "-" "Mozilla/5.0 (Windows NT 10.0; Win64; x64) AppleWebKit/537.36"
203.0.113.23 - - [15/May/2024:19:57:47 +0700] "POST /dashboard HTTP/1.1" 200 6000 "-" "Mozilla/5.0 (Macintosh; Intel Mac OS X 10_15_7) AppleWebKit/537.36"
203.0.113.9 - - [15/May/2024:19:57:55 +0700] "GET /robots.txt HTTP/1.1" 200 13998 "-" "Mozilla/5.0 (X11; Linux x86_64; rv:109.0) Gecko/20100101 Firefox/115.0"
203.0.113.25 - - [15/May/2024:19:57:57 +0700] "POST / HTTP/1.1" 404 276 "-" "Mozilla/5.0 (Windows NT 10.0; Win64; x64) AppleWebKit/537.36"
203.0.113.11 - - [15/May/2024:19:58:12 +0700] "GET /api/v1/products HTTP/1.1" 301 398 "-" "Mozilla/5.0 (X11; Linux x86_64; rv:109.0) Gecko/20100101 Firefox/115.0"
203.0.113.29 - - [15/May/2024:19:58:22 +0700] "GET /static/main.js HTTP/1.1" 200 23465 "-" "Mozilla/5.0 (Windows NT 10.0; Win64; x64) AppleWebKit/537.36"
203.0.113.27 - - [15/May/2024:19:58:26 +0700] "GET /logout HTTP/1.1" 301 206 "-" "Go-http-client/1.1"
203.0.113.29 - - [15/May/2024:19:59:43 +0700] "HEAD /index.html HTTP/1.1" 404 296 "-" "Wget/1.21.4 (linux-gnu)"
203.0.113.9 - - [15/May/2024:20:00:02 +0700] "GET /api/v1/orders HTTP/1.1" 200 36921 "-" "Mozilla/5.0 (Macintosh; Intel Mac OS X 10_15_7) AppleWebKit/537.36"
203.0.113.14 - - [15/May/2024:20:00:33 +0700] "POST /logout HTTP/1.1" 200 21500 "-" "Wget/1.21.4 (linux-gnu)"
203.0.113.14 - - [15/May/2024:20:00:36 +0700] "POST /static/main.js HTTP/1.1" 200 4080 "-" "Wget/1.21.4 (linux-gnu)"
203.0.113.10 - - [15/May/2024:20:00:48 +0700] "GET /static/main.js HTTP/1.1" 500 256 "-" "python-requests/2.31.0"
203.0.113.15 - - [15/May/2024:20:01:20 +0700] "GET /api/v1/users HTTP/1.1" 200 37407 "-" "Go-http-client/1.1"
203.0.113.25 - - [15/May/2024:20:01:22 +0700] "GET /api/v1/products HTTP/1.1" 200 19740 "-" "Mozilla/5.0 (Windows NT 10.0; Win64; x64) AppleWebKit/537.36"
203.0.113.28 - - [15/May/2024:20:01:33 +0700] "GET /static/main.js HTTP/1.1" 200 24002 "-" "Mozilla/5.0 (Macintosh; Intel Mac OS X 10_15_7) AppleWebKit/537.36"
203.0.113.16 - - [15/May/2024:20:01:54 +0700] "GET /api/v1/users HTTP/1.1" 200 39538 "-" "Wget/1.21.4 (linux-gnu)"
203.0.113.4 - - [15/May/2024:20:02:25 +0700] "GET /logout HTTP/1.1" 200 35216 "-" "python-requests/2.31.0"
203.0.113.16 - - [15/May/2024:20:02:37 +0700] "GET /dashboard HTTP/1.1" 200 3048 "-" "Mozilla/5.0 (Macintosh; Intel Mac OS X 10_15_7) AppleWebKit/537.36"
203.0.113.13 - - [15/May/2024:20:02:55 +0700] "GET /api/v1/orders HTTP/1.1" 200 25728 "-" "Mozilla/5.0 (X11; Linux x86_64; rv:109.0) Gecko/20100101 Firefox/115.0"
203.0.113.5 - - [15/May/2024:20:03:22 +0700] "HEAD /robots.txt HTTP/1.1" 301 287 "-" "Mozilla/5.0 (Macintosh; Intel Mac OS X 10_15_7) AppleWebKit/537.36"
203.0.113.5 - - [15/May/2024:20:03:36 +0700] "GET /dashboard HTTP/1.1" 500 99 "-" "Wget/1.21.4 (linux-gnu)"
203.0.113.35 - - [15/May/2024:20:04:26 +0700] "GET /login HTTP/1.1" 200 49404 "-" "Go-http-client/1.1"
203.0.113.19 - - [15/May/2024:20:04:48 +0700] "DELETE /dashboard HTTP/1.1" 404 79 "-" "Wget/1.21.4 (linux-gnu)"
203.0.113.27 - - [15/May/2024:20:05:01 +0700] "GET /static/main.js HTTP/1.1" 200 43320 "-" "Wget/1.21.4 (linux-gnu)"
203.0.113.35 - - [15/May/2024:20:05:28 +0700] "GET / HTTP/1.1" 200 18960 "-" "Wget/1.21.4 (linux-gnu)"
203.0.113.13 - - [15/May/2024:20:05:34 +0700] "GET /api/v1/products HTTP/1.1" 304 202 "-" "Mozilla/5.0 (X11; Linux x86_64; rv:109.0) Gecko/20100101 Firefox/115.0"
203.0.113.37 - - [15/May/2024:20:05:37 +0700] "GET /api/v1/products HTTP/1.1" 200 36078 "-" "Mozilla/5.0 (Windows NT 10.0; Win64; x64) AppleWebKit/537.36"
203.0.113.20 - - [15/May/2024:20:06:29 +0700] "PUT /api/v1/users HTTP/1.1" 200 7869 "-" "curl/7.88.1"
203.0.113.22 - - [15/May/2024:20:06:39 +0700] "HEAD /health HTTP/1.1" 200 15606 "-" "Mozilla/5.0 (X11; Linux x86_64; rv:109.0) Gecko/20100101 Firefox/115.0"
198.51.100.13 - - [15/May/2024:20:08:14 +0700] "POST /admin HTTP/1.1" 200 46602 "-" "Mozilla/5.0 (compatible; BadBot/1.0)"
203.0.113.29 - - [15/May/2024:20:08:16 +0700] "POST /static/style.css HTTP/1.1" 301 276 "-" "Mozilla/5.0 (X11; Linux x86_64; rv:109.0) Gecko/20100101 Firefox/115.0"
203.0.113.30 - - [15/May/2024:20:08:28 +0700] "GET /robots.txt HTTP/1.1" 200 33380 "-" "Wget/1.21.4 (linux-gnu)"
203.0.113.7 - - [15/May/2024:20:08:39 +0700] "GET /api/v1/products HTTP/1.1" 200 17579 "-" "Mozilla/5.0 (Windows NT 10.0; Win64; x64) AppleWebKit/537.36"
203.0.113.34 - - [15/May/2024:20:10:25 +0700] "PUT /logout HTTP/1.1" 301 360 "-" "Go-http-client/1.1"
198.51.100.13 - - [15/May/2024:20:10:57 +0700] "POST /login HTTP/1.1" 401 124 "-" "Mozilla/5.0 (compatible; BadBot/1.0)"
203.0.113.31 - - [15/May/2024:20:11:24 +0700] "GET /api/v1/users HTTP/1.1" 200 37563 "-" "Mozilla/5.0 (X11; Linux x86_64; rv:109.0) Gecko/20100101 Firefox/115.0"
203.0.113.26 - - [15/May/2024:20:11:24 +0700] "POST /login HTTP/1.1" 200 6944 "-" "Mozilla/5.0 (Windows NT 10.0; Win64; x64) AppleWebKit/537.36"
203.0.113.25 - - [15/May/2024:20:11:46 +0700] "GET /static/main.js HTTP/1.1" 200 36970 "-" "Go-http-client/1.1"
203.0.113.19 - - [15/May/2024:20:12:18 +0700] "GET / HTTP/1.1" 404 74 "-" "python-requests/2.31.0"
203.0.113.38 - - [15/May/2024:20:12:38 +0700] "GET /api/v1/orders HTTP/1.1" 404 62 "-" "python-requests/2.31.0"
203.0.113.33 - - [15/May/2024:20:13:07 +0700] "PUT /login HTTP/1.1" 200 17673 "-" "Wget/1.21.4 (linux-gnu)"
203.0.113.17 - - [15/May/2024:20:13:09 +0700] "GET /api/v1/products HTTP/1.1" 200 10043 "-" "curl/7.88.1"
203.0.113.39 - - [15/May/2024:20:13:53 +0700] "HEAD /static/main.js HTTP/1.1" 200 32743 "-" "Wget/1.21.4 (linux-gnu)"
203.0.113.31 - - [15/May/2024:20:13:58 +0700] "HEAD /api/v1/orders HTTP/1.1" 200 25258 "-" "curl/7.88.1"
203.0.113.2 - - [15/May/2024:20:14:31 +0700] "GET /api/v1/users HTTP/1.1" 200 45783 "-" "curl/7.88.1"
203.0.113.6 - - [15/May/2024:20:14:59 +0700] "GET /dashboard HTTP/1.1" 200 39117 "-" "curl/7.88.1"
203.0.113.31 - - [15/May/2024:20:15:02 +0700] "GET /static/style.css HTTP/1.1" 200 35827 "-" "Mozilla/5.0 (Windows NT 10.0; Win64; x64) AppleWebKit/537.36"
198.51.100.13 - - [15/May/2024:20:16:16 +0700] "POST /api/v1/orders HTTP/1.1" 200 40431 "-" "Mozilla/5.0 (compatible; BadBot/1.0)"
203.0.113.19 - - [15/May/2024:20:16:43 +0700] "GET / HTTP/1.1" 200 24580 "-" "Mozilla/5.0 (X11; Linux x86_64; rv:109.0) Gecko/20100101 Firefox/115.0"
198.51.100.13 - - [15/May/2024:20:16:45 +0700] "POST / HTTP/1.1" 401 128 "-" "Mozilla/5.0 (compatible; BadBot/1.0)"
203.0.113.31 - - [15/May/2024:20:17:28 +0700] "HEAD /health HTTP/1.1" 200 13764 "-" "Wget/1.21.4 (linux-gnu)"
203.0.113.37 - - [15/May/2024:20:17:45 +0700] "GET /api/v1/products HTTP/1.1" 200 17837 "-" "Mozilla/5.0 (Windows NT 10.0; Win64; x64) AppleWebKit/537.36"
203.0.113.7 - - [15/May/2024:20:17:55 +0700] "POST /index.html HTTP/1.1" 200 38179 "-" "curl/7.88.1"
203.0.113.20 - - [15/May/2024:20:18:10 +0700] "GET /logout HTTP/1.1" 200 21441 "-" "curl/7.88.1"
203.0.113.6 - - [15/May/2024:20:18:54 +0700] "GET /login HTTP/1.1" 200 4807 "-" "Go-http-client/1.1"
203.0.113.17 - - [15/May/2024:20:18:55 +0700] "GET /static/style.css HTTP/1.1" 500 234 "-" "Mozilla/5.0 (Windows NT 10.0; Win64; x64) AppleWebKit/537.36"
203.0.113.17 - - [15/May/2024:20:19:31 +0700] "GET /logout HTTP/1.1" 200 19069 "-" "python-requests/2.31.0"
203.0.113.13 - - [15/May/2024:20:19:47 +0700] "GET /api/v1/users HTTP/1.1" 500 94 "-" "Mozilla/5.0 (Macintosh; Intel Mac OS X 10_15_7) AppleWebKit/537.36"
203.0.113.8 - - [15/May/2024:20:19:48 +0700] "POST /static/main.js HTTP/1.1" 404 271 "-" "curl/7.88.1"
203.0.113.29 - - [15/May/2024:20:19:53 +0700] "GET /health HTTP/1.1" 404 89 "-" "Go-http-client/1.1"
203.0.113.27 - - [15/May/2024:20:20:23 +0700] "PUT /logout HTTP/1.1" 200 24584 "-" "curl/7.88.1"
203.0.113.30 - - [15/May/2024:20:20:52 +0700] "HEAD /login HTTP/1.1" 404 62 "-" "Go-http-client/1.1"
203.0.113.32 - - [15/May/2024:20:21:11 +0700] "GET /api/v1/orders HTTP/1.1" 200 29128 "-" "Mozilla/5.0 (Windows NT 10.0; Win64; x64) AppleWebKit/537.36"
203.0.113.13 - - [15/May/2024:20:21:25 +0700] "GET /health HTTP/1.1" 200 1225 "-" "Mozilla/5.0 (X11; Linux x86_64; rv:109.0) Gecko/20100101 Firefox/115.0"
203.0.113.37 - - [15/May/2024:20:22:22 +0700] "GET /api/v1/orders HTTP/1.1" 200 18607 "-" "python-requests/2.31.0"
203.0.113.11 - - [15/May/2024:20:23:25 +0700] "PUT /api/v1/orders HTTP/1.1" 200 42292 "-" "curl/7.88.1"
203.0.113.33 - - [15/May/2024:20:24:35 +0700] "GET /robots.txt HTTP/1.1" 301 472 "-" "curl/7.88.1"
203.0.113.19 - - [15/May/2024:20:25:11 +0700] "GET /index.html HTTP/1.1" 200 1382 "-" "Mozilla/5.0 (Windows NT 10.0; Win64; x64) AppleWebKit/537.36"
203.0.113.36 - - [15/May/2024:20:25:20 +0700] "GET /logout HTTP/1.1" 200 22560 "-" "python-requests/2.31.0"
203.0.113.27 - - [15/May/2024:20:25:28 +0700] "GET /api/v1/products HTTP/1.1" 404 82 "-" "curl/7.88.1"
203.0.113.34 - - [15/May/2024:20:25:42 +0700] "GET / HTTP/1.1" 200 11310 "-" "Go-http-client/1.1"
203.0.113.37 - - [15/May/2024:20:26:03 +0700] "GET /logout HTTP/1.1" 200 26165 "-" "python-requests/2.31.0"
203.0.113.19 - - [15/May/2024:20:27:00 +0700] "GET /static/main.js HTTP/1.1" 200 30155 "-" "Mozilla/5.0 (X11; Linux x86_64; rv:109.0) Gecko/20100101 Firefox/115.0"
198.51.100.13 - - [15/May/2024:20:27:35 +0700] "POST /api/v1/orders HTTP/1.1" 403 60 "-" "Mozilla/5.0 (compatible; BadBot/1.0)"
203.0.113.28 - - [15/May/2024:20:28:11 +0700] "PUT /index.html HTTP/1.1" 404 250 "-" "python-requests/2.31.0"
203.0.113.6 - - [15/May/2024:20:28:54 +0700] "PUT /logout HTTP/1.1" 200 9344 "-" "Mozilla/5.0 (Macintosh; Intel Mac OS X 10_15_7) AppleWebKit/537.36"
203.0.113.39 - - [15/May/2024:20:29:15 +0700] "GET / HTTP/1.1" 404 282 "-" "Mozilla/5.0 (X11; Linux x86_64; rv:109.0) Gecko/20100101 Firefox/115.0"
203.0.113.23 - - [15/May/2024:20:30:11 +0700] "GET /api/v1/users HTTP/1.1" 304 209 "-" "Go-http-client/1.1"
203.0.113.20 - - [15/May/2024:20:30:11 +0700] "GET /static/style.css HTTP/1.1" 304 141 "-" "python-requests/2.31.0"
203.0.113.39 - - [15/May/2024:20:30:19 +0700] "GET / HTTP/1.1" 200 10311 "-" "curl/7.88.1"
203.0.113.38 - - [15/May/2024:20:30:43 +0700] "GET /dashboard HTTP/1.1" 200 11561 "-" "Mozilla/5.0 (X11; Linux x86_64; rv:109.0) Gecko/20100101 Firefox/115.0"
203.0.113.12 - - [15/May/2024:20:30:48 +0700] "GET /api/v1/users HTTP/1.1" 500 172 "-" "curl/7.88.1"
203.0.113.11 - - [15/May/2024:20:30:56 +0700] "GET /api/v1/users HTTP/1.1" 200 44256 "-" "Mozilla/5.0 (Windows NT 10.0; Win64; x64) AppleWebKit/537.36"
203.0.113.16 - - [15/May/2024:20:31:32 +0700] "GET /logout HTTP/1.1" 200 44594 "-" "python-requests/2.31.0"
203.0.113.10 - - [15/May/2024:20:31:35 +0700] "POST /robots.txt HTTP/1.1" 200 34980 "-" "python-requests/2.31.0"
203.0.113.17 - - [15/May/2024:20:31:39 +0700] "GET /static/style.css HTTP/1.1" 200 6925 "-" "Go-http-client/1.1"
203.0.113.38 - - [15/May/2024:20:31:55 +0700] "POST / HTTP/1.1" 200 41468 "-" "Mozilla/5.0 (X11; Linux x86_64; rv:109.0) Gecko/20100101 Firefox/115.0"
198.51.100.13 - - [15/May/2024:20:32:03 +0700] "POST /api/v1/products HTTP/1.1" 403 139 "-" "Mozilla/5.0 (compatible; BadBot/1.0)"
203.0.113.2 - - [15/May/2024:20:32:13 +0700] "POST /health HTTP/1.1" 404 157 "-" "Mozilla/5.0 (Windows NT 10.0; Win64; x64) AppleWebKit/537.36"
203.0.113.9 - - [15/May/2024:20:32:16 +0700] "PUT /static/main.js HTTP/1.1" 200 27412 "-" "Wget/1.21.4 (linux-gnu)"
203.0.113.36 - - [15/May/2024:20:32:29 +0700] "GET /index.html HTTP/1.1" 200 39178 "-" "Mozilla/5.0 (Windows NT 10.0; Win64; x64) AppleWebKit/537.36"
203.0.113.6 - - [15/May/2024:20:32:54 +0700] "PUT /api/v1/products HTTP/1.1" 404 299 "-" "Mozilla/5.0 (Macintosh; Intel Mac OS X 10_15_7) AppleWebKit/537.36"
203.0.113.36 - - [15/May/2024:20:33:05 +0700] "GET /logout HTTP/1.1" 200 23084 "-" "Wget/1.21.4 (linux-gnu)"
203.0.113.2 - - [15/May/2024:20:34:53 +0700] "GET /login HTTP/1.1" 200 49235 "-" "curl/7.88.1"
198.51.100.13 - - [15/May/2024:20:35:08 +0700] "POST /api/secret HTTP/1.1" 403 291 "-" "Mozilla/5.0 (compatible; BadBot/1.0)"
203.0.113.17 - - [15/May/2024:20:35:36 +0700] "GET /robots.txt HTTP/1.1" 200 26861 "-" "Mozilla/5.0 (Macintosh; Intel Mac OS X 10_15_7) AppleWebKit/537.36"
203.0.113.20 - - [15/May/2024:20:36:02 +0700] "GET /static/style.css HTTP/1.1" 500 300 "-" "python-requests/2.31.0"
203.0.113.11 - - [15/May/2024:20:36:36 +0700] "GET /index.html HTTP/1.1" 200 4200 "-" "Wget/1.21.4 (linux-gnu)"
203.0.113.32 - - [15/May/2024:20:39:39 +0700] "GET /api/v1/products HTTP/1.1" 200 44092 "-" "Mozilla/5.0 (Windows NT 10.0; Win64; x64) AppleWebKit/537.36"
203.0.113.20 - - [15/May/2024:20:40:06 +0700] "POST /index.html HTTP/1.1" 200 8306 "-" "Mozilla/5.0 (Windows NT 10.0; Win64; x64) AppleWebKit/537.36"
203.0.113.9 - - [15/May/2024:20:40:15 +0700] "PUT /index.html HTTP/1.1" 404 120 "-" "Mozilla/5.0 (X11; Linux x86_64; rv:109.0) Gecko/20100101 Firefox/115.0"
203.0.113.39 - - [15/May/2024:20:40:17 +0700] "PUT /static/style.css HTTP/1.1" 200 34277 "-" "Wget/1.21.4 (linux-gnu)"
203.0.113.37 - - [15/May/2024:20:41:04 +0700] "GET /static/main.js HTTP/1.1" 301 409 "-" "curl/7.88.1"
203.0.113.39 - - [15/May/2024:20:41:45 +0700] "HEAD /logout HTTP/1.1" 200 46290 "-" "Go-http-client/1.1"
203.0.113.38 - - [15/May/2024:20:42:25 +0700] "PUT /static/style.css HTTP/1.1" 200 42546 "-" "curl/7.88.1"
198.51.100.13 - - [15/May/2024:20:42:26 +0700] "POST /login HTTP/1.1" 200 24114 "-" "Mozilla/5.0 (compatible; BadBot/1.0)"
203.0.113.7 - - [15/May/2024:20:43:08 +0700] "PUT /api/v1/users HTTP/1.1" 200 26194 "-" "Mozilla/5.0 (Macintosh; Intel Mac OS X 10_15_7) AppleWebKit/537.36"
203.0.113.13 - - [15/May/2024:20:43:21 +0700] "POST /index.html HTTP/1.1" 200 20903 "-" "python-requests/2.31.0"
203.0.113.15 - - [15/May/2024:20:44:18 +0700] "PUT /api/v1/products HTTP/1.1" 200 24826 "-" "curl/7.88.1"
203.0.113.16 - - [15/May/2024:20:44:29 +0700] "GET /static/style.css HTTP/1.1" 200 11201 "-" "Mozilla/5.0 (Macintosh; Intel Mac OS X 10_15_7) AppleWebKit/537.36"
203.0.113.23 - - [15/May/2024:20:45:46 +0700] "GET /api/v1/orders HTTP/1.1" 404 165 "-" "curl/7.88.1"
203.0.113.24 - - [15/May/2024:20:46:00 +0700] "HEAD /api/v1/users HTTP/1.1" 200 45970 "-" "curl/7.88.1"
203.0.113.6 - - [15/May/2024:20:46:22 +0700] "GET /health HTTP/1.1" 200 30801 "-" "curl/7.88.1"
203.0.113.12 - - [15/May/2024:20:46:53 +0700] "GET /logout HTTP/1.1" 404 231 "-" "Go-http-client/1.1"
203.0.113.25 - - [15/May/2024:20:47:31 +0700] "POST / HTTP/1.1" 200 16134 "-" "Mozilla/5.0 (Windows NT 10.0; Win64; x64) AppleWebKit/537.36"
203.0.113.5 - - [15/May/2024:20:48:07 +0700] "POST /static/style.css HTTP/1.1" 200 18540 "-" "curl/7.88.1"
203.0.113.27 - - [15/May/2024:20:48:16 +0700] "POST /static/main.js HTTP/1.1" 200 34276 "-" "python-requests/2.31.0"
203.0.113.39 - - [15/May/2024:20:50:01 +0700] "GET /api/v1/orders HTTP/1.1" 200 11138 "-" "Mozilla/5.0 (Macintosh; Intel Mac OS X 10_15_7) AppleWebKit/537.36"
203.0.113.8 - - [15/May/2024:20:50:32 +0700] "HEAD /robots.txt HTTP/1.1" 500 217 "-" "Go-http-client/1.1"
203.0.113.29 - - [15/May/2024:20:50:57 +0700] "POST / HTTP/1.1" 200 16842 "-" "Mozilla/5.0 (Macintosh; Intel Mac OS X 10_15_7) AppleWebKit/537.36"
203.0.113.16 - - [15/May/2024:20:51:01 +0700] "POST /dashboard HTTP/1.1" 200 16217 "-" "python-requests/2.31.0"
198.51.100.13 - - [15/May/2024:20:51:07 +0700] "POST /login HTTP/1.1" 401 89 "-" "Mozilla/5.0 (compatible; BadBot/1.0)"
203.0.113.16 - - [15/May/2024:20:51:54 +0700] "POST /static/style.css HTTP/1.1" 200 38036 "-" "Mozilla/5.0 (Macintosh; Intel Mac OS X 10_15_7) AppleWebKit/537.36"
203.0.113.22 - - [15/May/2024:20:53:34 +0700] "PUT /robots.txt HTTP/1.1" 304 192 "-" "curl/7.88.1"
203.0.113.39 - - [15/May/2024:20:54:03 +0700] "GET /robots.txt HTTP/1.1" 200 28689 "-" "python-requests/2.31.0"
203.0.113.37 - - [15/May/2024:20:54:21 +0700] "GET /robots.txt HTTP/1.1" 200 14571 "-" "Mozilla/5.0 (X11; Linux x86_64; rv:109.0) Gecko/20100101 Firefox/115.0"
203.0.113.2 - - [15/May/2024:20:54:47 +0700] "GET /logout HTTP/1.1" 200 3801 "-" "python-requests/2.31.0"
203.0.113.28 - - [15/May/2024:20:55:09 +0700] "POST /logout HTTP/1.1" 200 19126 "-" "curl/7.88.1"
203.0.113.35 - - [15/May/2024:20:55:18 +0700] "HEAD /logout HTTP/1.1" 200 19322 "-" "python-requests/2.31.0"
203.0.113.18 - - [15/May/2024:20:56:12 +0700] "GET /login HTTP/1.1" 200 31194 "-" "curl/7.88.1"
203.0.113.3 - - [15/May/2024:20:56:17 +0700] "GET /static/style.css HTTP/1.1" 200 15455 "-" "python-requests/2.31.0"
203.0.113.24 - - [15/May/2024:20:56:30 +0700] "HEAD /api/v1/orders HTTP/1.1" 200 23454 "-" "python-requests/2.31.0"
203.0.113.39 - - [15/May/2024:20:56:41 +0700] "GET /static/main.js HTTP/1.1" 200 19273 "-" "Go-http-client/1.1"
203.0.113.21 - - [15/May/2024:20:57:12 +0700] "GET /static/main.js HTTP/1.1" 200 49129 "-" "Wget/1.21.4 (linux-gnu)"
203.0.113.28 - - [15/May/2024:20:57:49 +0700] "PUT /static/style.css HTTP/1.1" 200 7072 "-" "Mozilla/5.0 (Windows NT 10.0; Win64; x64) AppleWebKit/537.36"
203.0.113.6 - - [15/May/2024:20:57:51 +0700] "GET /static/style.css HTTP/1.1" 404 146 "-" "Mozilla/5.0 (X11; Linux x86_64; rv:109.0) Gecko/20100101 Firefox/115.0"
203.0.113.31 - - [15/May/2024:20:58:58 +0700] "DELETE /logout HTTP/1.1" 200 9466 "-" "Mozilla/5.0 (Windows NT 10.0; Win64; x64) AppleWebKit/537.36"
203.0.113.8 - - [15/May/2024:21:00:00 +0700] "POST /login HTTP/1.1" 404 139 "-" "Wget/1.21.4 (linux-gnu)"
203.0.113.2 - - [15/May/2024:21:00:05 +0700] "PUT /login HTTP/1.1" 200 45065 "-" "Wget/1.21.4 (linux-gnu)"
203.0.113.9 - - [15/May/2024:21:00:16 +0700] "GET /api/v1/products HTTP/1.1" 200 3423 "-" "Go-http-client/1.1"
203.0.113.10 - - [15/May/2024:21:00:24 +0700] "GET / HTTP/1.1" 200 31917 "-" "Mozilla/5.0 (Macintosh; Intel Mac OS X 10_15_7) AppleWebKit/537.36"
203.0.113.14 - - [15/May/2024:21:01:03 +0700] "POST /dashboard HTTP/1.1" 404 133 "-" "curl/7.88.1"
203.0.113.37 - - [15/May/2024:21:01:36 +0700] "POST /health HTTP/1.1" 404 218 "-" "Mozilla/5.0 (X11; Linux x86_64; rv:109.0) Gecko/20100101 Firefox/115.0"
203.0.113.39 - - [15/May/2024:21:01:59 +0700] "GET /dashboard HTTP/1.1" 200 46494 "-" "Mozilla/5.0 (Macintosh; Intel Mac OS X 10_15_7) AppleWebKit/537.36"
203.0.113.18 - - [15/May/2024:21:02:05 +0700] "GET /api/v1/users HTTP/1.1" 200 29975 "-" "Mozilla/5.0 (X11; Linux x86_64; rv:109.0) Gecko/20100101 Firefox/115.0"
203.0.113.22 - - [15/May/2024:21:02:11 +0700] "GET /health HTTP/1.1" 200 4779 "-" "Mozilla/5.0 (Macintosh; Intel Mac OS X 10_15_7) AppleWebKit/537.36"
198.51.100.13 - - [15/May/2024:21:02:14 +0700] "POST /api/secret HTTP/1.1" 404 131 "-" "Mozilla/5.0 (compatible; BadBot/1.0)"
203.0.113.23 - - [15/May/2024:21:02:26 +0700] "GET /static/main.js HTTP/1.1" 404 266 "-" "Mozilla/5.0 (Macintosh; Intel Mac OS X 10_15_7) AppleWebKit/537.36"
203.0.113.10 - - [15/May/2024:21:02:50 +0700] "PUT / HTTP/1.1" 200 45738 "-" "Mozilla/5.0 (X11; Linux x86_64; rv:109.0) Gecko/20100101 Firefox/115.0"
203.0.113.8 - - [15/May/2024:21:03:17 +0700] "HEAD /api/v1/products HTTP/1.1" 200 34174 "-" "Mozilla/5.0 (Windows NT 10.0; Win64; x64) AppleWebKit/537.36"
203.0.113.26 - - [15/May/2024:21:03:26 +0700] "GET /static/style.css HTTP/1.1" 404 114 "-" "Mozilla/5.0 (Windows NT 10.0; Win64; x64) AppleWebKit/537.36"
203.0.113.1 - - [15/May/2024:21:03:48 +0700] "GET /api/v1/products HTTP/1.1" 200 8684 "-" "Mozilla/5.0 (Windows NT 10.0; Win64; x64) AppleWebKit/537.36"
203.0.113.3 - - [15/May/2024:21:03:49 +0700] "POST /login HTTP/1.1" 404 243 "-" "Wget/1.21.4 (linux-gnu)"
203.0.113.4 - - [15/May/2024:21:04:41 +0700] "DELETE /dashboard HTTP/1.1" 304 107 "-" "Go-http-client/1.1"
203.0.113.11 - - [15/May/2024:21:05:01 +0700] "HEAD / HTTP/1.1" 200 42744 "-" "Mozilla/5.0 (X11; Linux x86_64; rv:109.0) Gecko/20100101 Firefox/115.0"
203.0.113.20 - - [15/May/2024:21:05:20 +0700] "GET /api/v1/products HTTP/1.1" 200 21914 "-" "Mozilla/5.0 (Macintosh; Intel Mac OS X 10_15_7) AppleWebKit/537.36"
203.0.113.3 - - [15/May/2024:21:05:23 +0700] "HEAD /static/main.js HTTP/1.1" 200 39070 "-" "Go-http-client/1.1"
203.0.113.12 - - [15/May/2024:21:05:26 +0700] "POST /health HTTP/1.1" 304 187 "-" "Mozilla/5.0 (Windows NT 10.0; Win64; x64) AppleWebKit/537.36"
203.0.113.25 - - [15/May/2024:21:05:28 +0700] "POST /api/v1/products HTTP/1.1" 200 42056 "-" "Mozilla/5.0 (Windows NT 10.0; Win64; x64) AppleWebKit/537.36"
203.0.113.13 - - [15/May/2024:21:05:35 +0700] "GET /index.html HTTP/1.1" 200 24202 "-" "Mozilla/5.0 (X11; Linux x86_64; rv:109.0) Gecko/20100101 Firefox/115.0"
203.0.113.2 - - [15/May/2024:21:05:48 +0700] "GET /api/v1/orders HTTP/1.1" 200 42691 "-" "python-requests/2.31.0"
203.0.113.7 - - [15/May/2024:21:06:06 +0700] "POST /api/v1/products HTTP/1.1" 200 23992 "-" "python-requests/2.31.0"
203.0.113.8 - - [15/May/2024:21:06:09 +0700] "GET /health HTTP/1.1" 200 23839 "-" "curl/7.88.1"
203.0.113.2 - - [15/May/2024:21:06:22 +0700] "GET /logout HTTP/1.1" 200 36961 "-" "Mozilla/5.0 (Macintosh; Intel Mac OS X 10_15_7) AppleWebKit/537.36"
198.51.100.13 - - [15/May/2024:21:07:24 +0700] "POST /api/v1/products HTTP/1.1" 401 222 "-" "Mozilla/5.0 (compatible; BadBot/1.0)"
203.0.113.2 - - [15/May/2024:21:07:26 +0700] "GET /login HTTP/1.1" 200 18651 "-" "curl/7.88.1"
203.0.113.13 - - [15/May/2024:21:07:28 +0700] "DELETE /api/v1/users HTTP/1.1" 200 47210 "-" "python-requests/2.31.0"
203.0.113.14 - - [15/May/2024:21:07:50 +0700] "POST /static/main.js HTTP/1.1" 200 27990 "-" "python-requests/2.31.0"
203.0.113.35 - - [15/May/2024:21:08:36 +0700] "GET /logout HTTP/1.1" 200 37765 "-" "Mozilla/5.0 (X11; Linux x86_64; rv:109.0) Gecko/20100101 Firefox/115.0"
203.0.113.33 - - [15/May/2024:21:08:52 +0700] "GET /logout HTTP/1.1" 200 42268 "-" "Mozilla/5.0 (Windows NT 10.0; Win64; x64) AppleWebKit/537.36"
203.0.113.3 - - [15/May/2024:21:09:36 +0700] "GET /api/v1/products HTTP/1.1" 200 9467 "-" "Wget/1.21.4 (linux-gnu)"
203.0.113.36 - - [15/May/2024:21:09:51 +0700] "GET /index.html HTTP/1.1" 200 32792 "-" "Wget/1.21.4 (linux-gnu)"
203.0.113.26 - - [15/May/2024:21:09:53 +0700] "POST /dashboard HTTP/1.1" 200 47967 "-" "curl/7.88.1"
203.0.113.3 - - [15/May/2024:21:10:04 +0700] "GET /api/v1/products HTTP/1.1" 404 59 "-" "Mozilla/5.0 (X11; Linux x86_64; rv:109.0) Gecko/20100101 Firefox/115.0"
203.0.113.38 - - [15/May/2024:21:10:55 +0700] "GET /api/v1/products HTTP/1.1" 200 20734 "-" "Wget/1.21.4 (linux-gnu)"
203.0.113.25 - - [15/May/2024:21:11:41 +0700] "GET /logout HTTP/1.1" 200 42231 "-" "Mozilla/5.0 (Macintosh; Intel Mac OS X 10_15_7) AppleWebKit/537.36"
203.0.113.7 - - [15/May/2024:21:12:19 +0700] "POST /index.html HTTP/1.1" 304 268 "-" "Mozilla/5.0 (Macintosh; Intel Mac OS X 10_15_7) AppleWebKit/537.36"
203.0.113.13 - - [15/May/2024:21:12:25 +0700] "GET / HTTP/1.1" 200 12217 "-" "curl/7.88.1"
203.0.113.38 - - [15/May/2024:21:12:44 +0700] "GET /api/v1/orders HTTP/1.1" 200 45729 "-" "Go-http-client/1.1"
203.0.113.12 - - [15/May/2024:21:13:13 +0700] "GET / HTTP/1.1" 200 44386 "-" "python-requests/2.31.0"
203.0.113.37 - - [15/May/2024:21:14:58 +0700] "HEAD / HTTP/1.1" 404 295 "-" "Mozilla/5.0 (Macintosh; Intel Mac OS X 10_15_7) AppleWebKit/537.36"
203.0.113.12 - - [15/May/2024:21:15:01 +0700] "PUT / HTTP/1.1" 200 33159 "-" "Mozilla/5.0 (Windows NT 10.0; Win64; x64) AppleWebKit/537.36"
203.0.113.18 - - [15/May/2024:21:15:04 +0700] "POST /login HTTP/1.1" 404 108 "-" "Mozilla/5.0 (Windows NT 10.0; Win64; x64) AppleWebKit/537.36"
203.0.113.38 - - [15/May/2024:21:15:20 +0700] "GET / HTTP/1.1" 200 15436 "-" "Go-http-client/1.1"
203.0.113.32 - - [15/May/2024:21:16:11 +0700] "GET /api/v1/users HTTP/1.1" 200 25162 "-" "Mozilla/5.0 (Windows NT 10.0; Win64; x64) AppleWebKit/537.36"
203.0.113.16 - - [15/May/2024:21:16:55 +0700] "HEAD /index.html HTTP/1.1" 200 48632 "-" "Wget/1.21.4 (linux-gnu)"
203.0.113.7 - - [15/May/2024:21:17:44 +0700] "POST / HTTP/1.1" 200 23135 "-" "Mozilla/5.0 (Macintosh; Intel Mac OS X 10_15_7) AppleWebKit/537.36"
203.0.113.20 - - [15/May/2024:21:19:06 +0700] "PUT /robots.txt HTTP/1.1" 200 4825 "-" "Mozilla/5.0 (Windows NT 10.0; Win64; x64) AppleWebKit/537.36"
203.0.113.17 - - [15/May/2024:21:19:11 +0700] "GET /static/main.js HTTP/1.1" 200 34318 "-" "Wget/1.21.4 (linux-gnu)"
203.0.113.17 - - [15/May/2024:21:19:12 +0700] "GET /api/v1/products HTTP/1.1" 304 199 "-" "Go-http-client/1.1"
203.0.113.21 - - [15/May/2024:21:19:53 +0700] "GET /logout HTTP/1.1" 200 9395 "-" "Mozilla/5.0 (X11; Linux x86_64; rv:109.0) Gecko/20100101 Firefox/115.0"
203.0.113.2 - - [15/May/2024:21:20:33 +0700] "GET /robots.txt HTTP/1.1" 200 45649 "-" "Mozilla/5.0 (Macintosh; Intel Mac OS X 10_15_7) AppleWebKit/537.36"
203.0.113.10 - - [15/May/2024:21:21:29 +0700] "PUT /api/v1/users HTTP/1.1" 200 34556 "-" "Mozilla/5.0 (Windows NT 10.0; Win64; x64) AppleWebKit/537.36"
203.0.113.11 - - [15/May/2024:21:21:42 +0700] "GET /index.html HTTP/1.1" 404 205 "-" "Mozilla/5.0 (X11; Linux x86_64; rv:109.0) Gecko/20100101 Firefox/115.0"
203.0.113.21 - - [15/May/2024:21:22:08 +0700] "GET /api/v1/products HTTP/1.1" 200 22793 "-" "curl/7.88.1"
203.0.113.21 - - [15/May/2024:21:22:51 +0700] "GET /api/v1/orders HTTP/1.1" 200 27646 "-" "Mozilla/5.0 (X11; Linux x86_64; rv:109.0) Gecko/20100101 Firefox/115.0"
203.0.113.30 - - [15/May/2024:21:23:11 +0700] "POST /static/style.css HTTP/1.1" 200 28327 "-" "Mozilla/5.0 (Macintosh; Intel Mac OS X 10_15_7) AppleWebKit/537.36"
203.0.113.14 - - [15/May/2024:21:23:48 +0700] "POST /dashboard HTTP/1.1" 200 18616 "-" "Mozilla/5.0 (X11; Linux x86_64; rv:109.0) Gecko/20100101 Firefox/115.0"
203.0.113.28 - - [15/May/2024:21:24:31 +0700] "GET /api/v1/orders HTTP/1.1" 301 467 "-" "python-requests/2.31.0"
203.0.113.36 - - [15/May/2024:21:24:36 +0700] "GET /robots.txt HTTP/1.1" 200 17833 "-" "curl/7.88.1"
203.0.113.15 - - [15/May/2024:21:24:46 +0700] "GET / HTTP/1.1" 200 1317 "-" "Wget/1.21.4 (linux-gnu)"
203.0.113.17 - - [15/May/2024:21:24:47 +0700] "GET /api/v1/orders HTTP/1.1" 200 39020 "-" "Mozilla/5.0 (Windows NT 10.0; Win64; x64) AppleWebKit/537.36"
203.0.113.25 - - [15/May/2024:21:25:35 +0700] "GET / HTTP/1.1" 500 188 "-" "Mozilla/5.0 (Macintosh; Intel Mac OS X 10_15_7) AppleWebKit/537.36"
203.0.113.34 - - [15/May/2024:21:26:17 +0700] "GET /index.html HTTP/1.1" 200 32974 "-" "Mozilla/5.0 (Macintosh; Intel Mac OS X 10_15_7) AppleWebKit/537.36"
203.0.113.37 - - [15/May/2024:21:26:33 +0700] "GET /logout HTTP/1.1" 200 34671 "-" "python-requests/2.31.0"
203.0.113.26 - - [15/May/2024:21:28:28 +0700] "GET /api/v1/orders HTTP/1.1" 200 5550 "-" "Wget/1.21.4 (linux-gnu)"
203.0.113.22 - - [15/May/2024:21:28:50 +0700] "POST /api/v1/products HTTP/1.1" 200 37822 "-" "Mozilla/5.0 (X11; Linux x86_64; rv:109.0) Gecko/20100101 Firefox/115.0"
203.0.113.28 - - [15/May/2024:21:28:55 +0700] "POST /index.html HTTP/1.1" 200 9092 "-" "Go-http-client/1.1"
203.0.113.9 - - [15/May/2024:21:30:00 +0700] "GET /static/main.js HTTP/1.1" 200 13272 "-" "python-requests/2.31.0"
203.0.113.8 - - [15/May/2024:21:31:29 +0700] "PUT /api/v1/users HTTP/1.1" 200 43246 "-" "Wget/1.21.4 (linux-gnu)"
203.0.113.23 - - [15/May/2024:21:31:35 +0700] "GET /index.html HTTP/1.1" 200 40141 "-" "curl/7.88.1"
203.0.113.32 - - [15/May/2024:21:31:39 +0700] "GET /health HTTP/1.1" 200 34862 "-" "Mozilla/5.0 (X11; Linux x86_64; rv:109.0) Gecko/20100101 Firefox/115.0"
203.0.113.38 - - [15/May/2024:21:31:43 +0700] "GET /api/v1/users HTTP/1.1" 200 37750 "-" "Mozilla/5.0 (X11; Linux x86_64; rv:109.0) Gecko/20100101 Firefox/115.0"
203.0.113.21 - - [15/May/2024:21:32:30 +0700] "HEAD /logout HTTP/1.1" 200 48808 "-" "python-requests/2.31.0"
203.0.113.39 - - [15/May/2024:21:33:22 +0700] "POST /robots.txt HTTP/1.1" 200 22893 "-" "python-requests/2.31.0"
203.0.113.28 - - [15/May/2024:21:33:46 +0700] "POST /robots.txt HTTP/1.1" 200 37602 "-" "python-requests/2.31.0"
203.0.113.4 - - [15/May/2024:21:34:00 +0700] "GET /static/main.js HTTP/1.1" 200 44031 "-" "Mozilla/5.0 (Windows NT 10.0; Win64; x64) AppleWebKit/537.36"
203.0.113.19 - - [15/May/2024:21:34:12 +0700] "POST /api/v1/products HTTP/1.1" 404 211 "-" "Mozilla/5.0 (Macintosh; Intel Mac OS X 10_15_7) AppleWebKit/537.36"
203.0.113.1 - - [15/May/2024:21:34:20 +0700] "PUT /login HTTP/1.1" 200 34750 "-" "Mozilla/5.0 (Windows NT 10.0; Win64; x64) AppleWebKit/537.36"
203.0.113.26 - - [15/May/2024:21:34:24 +0700] "GET /static/main.js HTTP/1.1" 404 152 "-" "Mozilla/5.0 (Windows NT 10.0; Win64; x64) AppleWebKit/537.36"
203.0.113.16 - - [15/May/2024:21:34:35 +0700] "GET /index.html HTTP/1.1" 404 86 "-" "Go-http-client/1.1"
203.0.113.31 - - [15/May/2024:21:35:06 +0700] "GET /robots.txt HTTP/1.1" 200 39601 "-" "curl/7.88.1"
203.0.113.9 - - [15/May/2024:21:35:48 +0700] "GET /api/v1/users HTTP/1.1" 200 12227 "-" "Go-http-client/1.1"
203.0.113.18 - - [15/May/2024:21:36:14 +0700] "GET /logout HTTP/1.1" 200 18939 "-" "python-requests/2.31.0"
203.0.113.8 - - [15/May/2024:21:36:52 +0700] "GET /robots.txt HTTP/1.1" 200 36555 "-" "Mozilla/5.0 (Windows NT 10.0; Win64; x64) AppleWebKit/537.36"
198.51.100.13 - - [15/May/2024:21:37:58 +0700] "POST /robots.txt HTTP/1.1" 403 232 "-" "Mozilla/5.0 (compatible; BadBot/1.0)"
203.0.113.34 - - [15/May/2024:21:38:56 +0700] "PUT /logout HTTP/1.1" 404 142 "-" "Wget/1.21.4 (linux-gnu)"
203.0.113.14 - - [15/May/2024:21:39:08 +0700] "GET /robots.txt HTTP/1.1" 404 271 "-" "Mozilla/5.0 (X11; Linux x86_64; rv:109.0) Gecko/20100101 Firefox/115.0"
203.0.113.17 - - [15/May/2024:21:39:11 +0700] "GET /logout HTTP/1.1" 200 8605 "-" "Mozilla/5.0 (X11; Linux x86_64; rv:109.0) Gecko/20100101 Firefox/115.0"
203.0.113.39 - - [15/May/2024:21:39:38 +0700] "GET /api/v1/users HTTP/1.1" 304 161 "-" "Go-http-client/1.1"
203.0.113.27 - - [15/May/2024:21:40:34 +0700] "GET /robots.txt HTTP/1.1" 304 53 "-" "Mozilla/5.0 (Macintosh; Intel Mac OS X 10_15_7) AppleWebKit/537.36"
203.0.113.33 - - [15/May/2024:21:40:44 +0700] "GET /robots.txt HTTP/1.1" 200 6522 "-" "python-requests/2.31.0"
203.0.113.16 - - [15/May/2024:21:40:46 +0700] "GET /index.html HTTP/1.1" 500 93 "-" "Wget/1.21.4 (linux-gnu)"
203.0.113.30 - - [15/May/2024:21:42:01 +0700] "PUT /api/v1/orders HTTP/1.1" 500 54 "-" "Go-http-client/1.1"
203.0.113.16 - - [15/May/2024:21:42:23 +0700] "POST /static/style.css HTTP/1.1" 404 283 "-" "Mozilla/5.0 (Windows NT 10.0; Win64; x64) AppleWebKit/537.36"
203.0.113.11 - - [15/May/2024:21:42:33 +0700] "PUT /api/v1/products HTTP/1.1" 404 121 "-" "curl/7.88.1"
203.0.113.34 - - [15/May/2024:21:44:18 +0700] "DELETE /dashboard HTTP/1.1" 200 19122 "-" "Mozilla/5.0 (Windows NT 10.0; Win64; x64) AppleWebKit/537.36"
203.0.113.15 - - [15/May/2024:21:44:56 +0700] "POST /health HTTP/1.1" 200 47352 "-" "Wget/1.21.4 (linux-gnu)"
203.0.113.37 - - [15/May/2024:21:45:23 +0700] "POST /logout HTTP/1.1" 200 46350 "-" "Mozilla/5.0 (Macintosh; Intel Mac OS X 10_15_7) AppleWebKit/537.36"
203.0.113.29 - - [15/May/2024:21:45:29 +0700] "DELETE /api/v1/users HTTP/1.1" 200 18142 "-" "Mozilla/5.0 (X11; Linux x86_64; rv:109.0) Gecko/20100101 Firefox/115.0"
203.0.113.18 - - [15/May/2024:21:46:20 +0700] "GET /login HTTP/1.1" 301 221 "-" "Go-http-client/1.1"
203.0.113.21 - - [15/May/2024:21:46:26 +0700] "GET /login HTTP/1.1" 200 17916 "-" "python-requests/2.31.0"
203.0.113.34 - - [15/May/2024:21:46:55 +0700] "GET /api/v1/products HTTP/1.1" 200 26591 "-" "python-requests/2.31.0"
203.0.113.5 - - [15/May/2024:21:46:59 +0700] "HEAD /static/main.js HTTP/1.1" 200 30297 "-" "python-requests/2.31.0"
198.51.100.13 - - [15/May/2024:21:47:23 +0700] "POST /login HTTP/1.1" 401 262 "-" "Mozilla/5.0 (compatible; BadBot/1.0)"
203.0.113.26 - - [15/May/2024:21:47:30 +0700] "POST /api/v1/users HTTP/1.1" 200 29257 "-" "Mozilla/5.0 (Macintosh; Intel Mac OS X 10_15_7) AppleWebKit/537.36"
203.0.113.29 - - [15/May/2024:21:47:48 +0700] "GET /index.html HTTP/1.1" 200 27537 "-" "Mozilla/5.0 (X11; Linux x86_64; rv:109.0) Gecko/20100101 Firefox/115.0"
203.0.113.22 - - [15/May/2024:21:48:28 +0700] "GET /static/main.js HTTP/1.1" 200 1674 "-" "Mozilla/5.0 (Windows NT 10.0; Win64; x64) AppleWebKit/537.36"
203.0.113.37 - - [15/May/2024:21:48:41 +0700] "GET /robots.txt HTTP/1.1" 404 116 "-" "Mozilla/5.0 (Windows NT 10.0; Win64; x64) AppleWebKit/537.36"
203.0.113.9 - - [15/May/2024:21:48:56 +0700] "PUT /index.html HTTP/1.1" 200 30394 "-" "Mozilla/5.0 (Windows NT 10.0; Win64; x64) AppleWebKit/537.36"
203.0.113.6 - - [15/May/2024:21:49:47 +0700] "GET /health HTTP/1.1" 301 156 "-" "Mozilla/5.0 (Windows NT 10.0; Win64; x64) AppleWebKit/537.36"
203.0.113.24 - - [15/May/2024:21:50:09 +0700] "GET /dashboard HTTP/1.1" 304 154 "-" "Wget/1.21.4 (linux-gnu)"
203.0.113.19 - - [15/May/2024:21:50:17 +0700] "GET /api/v1/users HTTP/1.1" 404 89 "-" "Go-http-client/1.1"
203.0.113.3 - - [15/May/2024:21:50:36 +0700] "POST /index.html HTTP/1.1" 200 43879 "-" "curl/7.88.1"
203.0.113.29 - - [15/May/2024:21:51:11 +0700] "GET /login HTTP/1.1" 200 37751 "-" "Go-http-client/1.1"
203.0.113.30 - - [15/May/2024:21:51:31 +0700] "GET /index.html HTTP/1.1" 200 16030 "-" "Wget/1.21.4 (linux-gnu)"
203.0.113.12 - - [15/May/2024:21:51:45 +0700] "GET /login HTTP/1.1" 200 49265 "-" "Mozilla/5.0 (Windows NT 10.0; Win64; x64) AppleWebKit/537.36"
203.0.113.31 - - [15/May/2024:21:52:07 +0700] "DELETE /robots.txt HTTP/1.1" 200 35574 "-" "Mozilla/5.0 (X11; Linux x86_64; rv:109.0) Gecko/20100101 Firefox/115.0"
203.0.113.35 - - [15/May/2024:21:52:47 +0700] "GET /dashboard HTTP/1.1" 200 16936 "-" "Mozilla/5.0 (Windows NT 10.0; Win64; x64) AppleWebKit/537.36"
203.0.113.4 - - [15/May/2024:21:52:50 +0700] "GET /static/main.js HTTP/1.1" 200 21855 "-" "Mozilla/5.0 (Windows NT 10.0; Win64; x64) AppleWebKit/537.36"
203.0.113.15 - - [15/May/2024:21:53:25 +0700] "HEAD /api/v1/products HTTP/1.1" 200 5937 "-" "Mozilla/5.0 (Macintosh; Intel Mac OS X 10_15_7) AppleWebKit/537.36"
203.0.113.15 - - [15/May/2024:21:53:27 +0700] "GET /api/v1/products HTTP/1.1" 200 45181 "-" "curl/7.88.1"
203.0.113.16 - - [15/May/2024:21:53:50 +0700] "POST / HTTP/1.1" 200 32640 "-" "curl/7.88.1"
203.0.113.36 - - [15/May/2024:21:55:05 +0700] "GET /health HTTP/1.1" 200 40075 "-" "curl/7.88.1"
203.0.113.36 - - [15/May/2024:21:55:33 +0700] "POST /static/main.js HTTP/1.1" 200 10680 "-" "python-requests/2.31.0"
203.0.113.35 - - [15/May/2024:21:55:49 +0700] "HEAD /health HTTP/1.1" 500 115 "-" "Wget/1.21.4 (linux-gnu)"
203.0.113.14 - - [15/May/2024:21:55:58 +0700] "GET /static/style.css HTTP/1.1" 200 41281 "-" "Wget/1.21.4 (linux-gnu)"
203.0.113.22 - - [15/May/2024:21:56:23 +0700] "HEAD /robots.txt HTTP/1.1" 200 36933 "-" "Mozilla/5.0 (X11; Linux x86_64; rv:109.0) Gecko/20100101 Firefox/115.0"
203.0.113.35 - - [15/May/2024:21:56:38 +0700] "GET /robots.txt HTTP/1.1" 200 35466 "-" "python-requests/2.31.0"
203.0.113.8 - - [15/May/2024:21:56:38 +0700] "GET /api/v1/orders HTTP/1.1" 200 40903 "-" "Mozilla/5.0 (X11; Linux x86_64; rv:109.0) Gecko/20100101 Firefox/115.0"
203.0.113.7 - - [15/May/2024:21:57:12 +0700] "GET /api/v1/users HTTP/1.1" 200 5024 "-" "Mozilla/5.0 (X11; Linux x86_64; rv:109.0) Gecko/20100101 Firefox/115.0"
203.0.113.36 - - [15/May/2024:21:58:42 +0700] "GET /api/v1/products HTTP/1.1" 500 235 "-" "Mozilla/5.0 (X11; Linux x86_64; rv:109.0) Gecko/20100101 Firefox/115.0"
203.0.113.34 - - [15/May/2024:21:58:44 +0700] "POST /login HTTP/1.1" 200 23606 "-" "python-requests/2.31.0"
203.0.113.8 - - [15/May/2024:21:59:09 +0700] "POST /dashboard HTTP/1.1" 200 11935 "-" "Go-http-client/1.1"
198.51.100.13 - - [15/May/2024:21:59:35 +0700] "POST /api/secret HTTP/1.1" 404 84 "-" "Mozilla/5.0 (compatible; BadBot/1.0)"
203.0.113.31 - - [15/May/2024:22:00:07 +0700] "GET /index.html HTTP/1.1" 304 215 "-" "Mozilla/5.0 (Macintosh; Intel Mac OS X 10_15_7) AppleWebKit/537.36"
203.0.113.4 - - [15/May/2024:22:00:17 +0700] "GET /static/main.js HTTP/1.1" 200 10137 "-" "Mozilla/5.0 (X11; Linux x86_64; rv:109.0) Gecko/20100101 Firefox/115.0"
203.0.113.20 - - [15/May/2024:22:00:52 +0700] "GET /static/style.css HTTP/1.1" 200 34484 "-" "Mozilla/5.0 (Windows NT 10.0; Win64; x64) AppleWebKit/537.36"
203.0.113.18 - - [15/May/2024:22:01:00 +0700] "GET /static/main.js HTTP/1.1" 301 364 "-" "python-requests/2.31.0"
203.0.113.21 - - [15/May/2024:22:01:24 +0700] "GET /health HTTP/1.1" 200 24933 "-" "python-requests/2.31.0"
203.0.113.6 - - [15/May/2024:22:01:37 +0700] "GET /api/v1/orders HTTP/1.1" 200 10808 "-" "Mozilla/5.0 (X11; Linux x86_64; rv:109.0) Gecko/20100101 Firefox/115.0"
203.0.113.17 - - [15/May/2024:22:01:45 +0700] "DELETE /health HTTP/1.1" 304 126 "-" "Wget/1.21.4 (linux-gnu)"
203.0.113.39 - - [15/May/2024:22:02:08 +0700] "GET /login HTTP/1.1" 200 35856 "-" "curl/7.88.1"
203.0.113.10 - - [15/May/2024:22:02:27 +0700] "PUT / HTTP/1.1" 200 46898 "-" "python-requests/2.31.0"
203.0.113.23 - - [15/May/2024:22:03:04 +0700] "HEAD /api/v1/products HTTP/1.1" 200 6908 "-" "Mozilla/5.0 (Windows NT 10.0; Win64; x64) AppleWebKit/537.36"
203.0.113.14 - - [15/May/2024:22:03:11 +0700] "POST /api/v1/orders HTTP/1.1" 200 41403 "-" "Go-http-client/1.1"
198.51.100.55 - - [15/May/2024:22:03:15 +0700] "GET /health HTTP/1.1" 200 43027 "-" "Mozilla/5.0 (Windows NT 10.0; Win64; x64) AppleWebKit/537.36"
203.0.113.31 - - [15/May/2024:22:03:23 +0700] "GET /static/style.css HTTP/1.1" 200 44463 "-" "curl/7.88.1"
203.0.113.33 - - [15/May/2024:22:03:45 +0700] "HEAD /static/main.js HTTP/1.1" 200 36345 "-" "Wget/1.21.4 (linux-gnu)"
198.51.100.55 - - [15/May/2024:22:03:53 +0700] "GET /api/v1/users HTTP/1.1" 200 43340 "-" "Mozilla/5.0 (Windows NT 10.0; Win64; x64) AppleWebKit/537.36"
203.0.113.14 - - [15/May/2024:22:04:20 +0700] "POST / HTTP/1.1" 404 277 "-" "python-requests/2.31.0"
203.0.113.7 - - [15/May/2024:22:05:03 +0700] "POST /robots.txt HTTP/1.1" 200 3666 "-" "python-requests/2.31.0"
203.0.113.18 - - [15/May/2024:22:05:31 +0700] "POST /api/v1/products HTTP/1.1" 404 109 "-" "python-requests/2.31.0"
203.0.113.17 - - [15/May/2024:22:06:13 +0700] "DELETE / HTTP/1.1" 304 246 "-" "Wget/1.21.4 (linux-gnu)"
203.0.113.22 - - [15/May/2024:22:06:39 +0700] "POST /login HTTP/1.1" 200 15354 "-" "Mozilla/5.0 (Windows NT 10.0; Win64; x64) AppleWebKit/537.36"
203.0.113.16 - - [15/May/2024:22:06:48 +0700] "GET /robots.txt HTTP/1.1" 200 49439 "-" "Mozilla/5.0 (X11; Linux x86_64; rv:109.0) Gecko/20100101 Firefox/115.0"
203.0.113.19 - - [15/May/2024:22:06:48 +0700] "GET /dashboard HTTP/1.1" 500 88 "-" "curl/7.88.1"
203.0.113.12 - - [15/May/2024:22:07:08 +0700] "GET /index.html HTTP/1.1" 404 203 "-" "Wget/1.21.4 (linux-gnu)"
203.0.113.2 - - [15/May/2024:22:07:09 +0700] "POST /api/v1/products HTTP/1.1" 200 39245 "-" "curl/7.88.1"
203.0.113.20 - - [15/May/2024:22:07:13 +0700] "DELETE /static/style.css HTTP/1.1" 301 209 "-" "curl/7.88.1"
198.51.100.55 - - [15/May/2024:22:08:10 +0700] "GET /index.html HTTP/1.1" 200 16982 "-" "Mozilla/5.0 (Windows NT 10.0; Win64; x64) AppleWebKit/537.36"
203.0.113.14 - - [15/May/2024:22:08:18 +0700] "GET /logout HTTP/1.1" 200 13499 "-" "python-requests/2.31.0"
203.0.113.25 - - [15/May/2024:22:10:04 +0700] "GET /logout HTTP/1.1" 200 37726 "-" "Go-http-client/1.1"
203.0.113.11 - - [15/May/2024:22:10:37 +0700] "HEAD /dashboard HTTP/1.1" 404 280 "-" "Go-http-client/1.1"
203.0.113.20 - - [15/May/2024:22:10:46 +0700] "GET /api/v1/orders HTTP/1.1" 200 25725 "-" "Wget/1.21.4 (linux-gnu)"
203.0.113.12 - - [15/May/2024:22:10:53 +0700] "POST /static/style.css HTTP/1.1" 200 5554 "-" "Go-http-client/1.1"
203.0.113.13 - - [15/May/2024:22:11:10 +0700] "POST /api/v1/users HTTP/1.1" 301 280 "-" "Wget/1.21.4 (linux-gnu)"
203.0.113.9 - - [15/May/2024:22:11:12 +0700] "GET / HTTP/1.1" 200 7964 "-" "Mozilla/5.0 (Windows NT 10.0; Win64; x64) AppleWebKit/537.36"
203.0.113.16 - - [15/May/2024:22:11:14 +0700] "GET /api/v1/products HTTP/1.1" 200 32536 "-" "Mozilla/5.0 (Windows NT 10.0; Win64; x64) AppleWebKit/537.36"
203.0.113.10 - - [15/May/2024:22:12:06 +0700] "GET /login HTTP/1.1" 404 210 "-" "Mozilla/5.0 (Macintosh; Intel Mac OS X 10_15_7) AppleWebKit/537.36"
203.0.113.25 - - [15/May/2024:22:12:12 +0700] "POST /logout HTTP/1.1" 200 16116 "-" "Wget/1.21.4 (linux-gnu)"
203.0.113.22 - - [15/May/2024:22:12:22 +0700] "GET / HTTP/1.1" 200 47911 "-" "python-requests/2.31.0"
203.0.113.33 - - [15/May/2024:22:12:38 +0700] "GET /logout HTTP/1.1" 304 212 "-" "Wget/1.21.4 (linux-gnu)"
203.0.113.26 - - [15/May/2024:22:12:49 +0700] "GET /health HTTP/1.1" 200 40761 "-" "curl/7.88.1"
203.0.113.27 - - [15/May/2024:22:12:55 +0700] "POST /health HTTP/1.1" 200 1539 "-" "Mozilla/5.0 (X11; Linux x86_64; rv:109.0) Gecko/20100101 Firefox/115.0"
203.0.113.9 - - [15/May/2024:22:13:19 +0700] "GET /logout HTTP/1.1" 404 214 "-" "Go-http-client/1.1"
203.0.113.17 - - [15/May/2024:22:13:39 +0700] "GET /robots.txt HTTP/1.1" 200 10946 "-" "Wget/1.21.4 (linux-gnu)"
203.0.113.37 - - [15/May/2024:22:13:55 +0700] "GET /logout HTTP/1.1" 200 1798 "-" "Mozilla/5.0 (Windows NT 10.0; Win64; x64) AppleWebKit/537.36"
198.51.100.55 - - [15/May/2024:22:14:07 +0700] "GET /index.html HTTP/1.1" 200 48513 "-" "Mozilla/5.0 (Windows NT 10.0; Win64; x64) AppleWebKit/537.36"
203.0.113.12 - - [15/May/2024:22:14:14 +0700] "GET /logout HTTP/1.1" 200 6878 "-" "Mozilla/5.0 (X11; Linux x86_64; rv:109.0) Gecko/20100101 Firefox/115.0"
203.0.113.28 - - [15/May/2024:22:14:40 +0700] "GET /api/v1/orders HTTP/1.1" 200 21385 "-" "python-requests/2.31.0"
198.51.100.55 - - [15/May/2024:22:14:41 +0700] "GET /logout HTTP/1.1" 200 15159 "-" "Mozilla/5.0 (Windows NT 10.0; Win64; x64) AppleWebKit/537.36"
198.51.100.55 - - [15/May/2024:22:14:49 +0700] "GET /dashboard HTTP/1.1" 200 26206 "-" "Mozilla/5.0 (Windows NT 10.0; Win64; x64) AppleWebKit/537.36"
198.51.100.13 - - [15/May/2024:22:15:12 +0700] "POST / HTTP/1.1" 401 120 "-" "Mozilla/5.0 (compatible; BadBot/1.0)"
203.0.113.28 - - [15/May/2024:22:15:35 +0700] "GET /health HTTP/1.1" 200 34579 "-" "curl/7.88.1"
203.0.113.24 - - [15/May/2024:22:15:47 +0700] "PUT /api/v1/orders HTTP/1.1" 200 18380 "-" "Mozilla/5.0 (Windows NT 10.0; Win64; x64) AppleWebKit/537.36"
203.0.113.34 - - [15/May/2024:22:15:54 +0700] "GET /static/style.css HTTP/1.1" 404 251 "-" "curl/7.88.1"
203.0.113.15 - - [15/May/2024:22:16:23 +0700] "GET /logout HTTP/1.1" 200 19498 "-" "python-requests/2.31.0"
203.0.113.34 - - [15/May/2024:22:16:26 +0700] "GET /api/v1/products HTTP/1.1" 200 48051 "-" "Mozilla/5.0 (X11; Linux x86_64; rv:109.0) Gecko/20100101 Firefox/115.0"
203.0.113.34 - - [