203.0.113.6 - - [15/May/2024:05:31:05 +0700] "GET /api/v1/orders HTTP/1.1" 200 31212 "-" "Wget/1.21.4 (linux-gnu)"
203.0.113.3 - - [15/May/2024:05:31:13 +0700] "PUT / HTTP/1.1" 200 1866 "-" "Go-http-client/1.1"
203.0.113.28 - - [15/May/2024:05:33:23 +0700] "POST /health HTTP/1.1" 404 193 "-" "Mozilla/5.0 (Windows NT 10.0; Win64; x64) AppleWebKit/537.36"
198.51.100.13 - - [15/May/2024:05:33:38 +0700] "POST /login HTTP/1.1" 401 249 "-" "Mozilla/5.0 (compatible; BadBot/1.0)"
203.0.113.15 - - [15/May/2024:05:34:10 +0700] "GET /dashboard HTTP/1.1" 200 32537 "-" "Wget/1.21.4 (linux-gnu)"
203.0.113.33 - - [15/May/2024:05:34:22 +0700] "HEAD /api/v1/orders HTTP/1.1" 404 95 "-" "python-requests/2.31.0"
203.0.113.25 - - [15/May/2024:05:34:46 +0700] "POST /dashboard HTTP/1.1" 404 164 "-" "Wget/1.21.4 (linux-gnu)"
203.0.113.17 - - [15/May/2024:05:35:07 +0700] "POST /static/main.js HTTP/1.1" 500 150 "-" "Mozilla/5.0 (X11; Linux x86_64; rv:109.0) Gecko/20100101 Firefox/115.0"
203.0.113.1 - - [15/May/2024:05:35:37 +0700] "GET / HTTP/1.1" 304 270 "-" "Wget/1.21.4 (linux-gnu)"
203.0.113.30 - - [15/May/2024:05:35:55 +0700] "GET /health HTTP/1.1" 200 44558 "-" "Mozilla/5.0 (Macintosh; Intel Mac OS X 10_15_7) AppleWebKit/537.36"
198.51.100.77 - - [15/May/2024:05:36:24 +0700] "GET /api/v1/products HTTP/1.1" 200 14419 "-" "gobuster/3.6"
203.0.113.30 - - [15/May/2024:05:36:30 +0700] "PUT /logout HTTP/1.1" 200 35161 "-" "Mozilla/5.0 (X11; Linux x86_64; rv:109.0) Gecko/20100101 Firefox/115.0"
203.0.113.24 - - [15/May/2024:05:36:42 +0700] "POST /static/main.js HTTP/1.1" 500 92 "-" "python-requests/2.31.0"
203.0.113.32 - - [15/May/2024:05:36:46 +0700] "GET /static/main.js HTTP/1.1" 200 24648 "-" "Wget/1.21.4 (linux-gnu)"
203.0.113.37 - - [15/May/2024:05:37:49 +0700] "PUT /api/v1/orders HTTP/1.1" 200 7218 "-" "Wget/1.21.4 (linux-gnu)"
198.51.100.77 - - [15/May/2024:05:38:42 +0700] "GET /dashboard HTTP/1.1" 200 19238 "-" "Nikto/2.1.6"
203.0.113.7 - - [15/May/2024:05:38:45 +0700] "GET /robots.txt HTTP/1.1" 200 40671 "-" "python-requests/2.31.0"
203.0.113.30 - - [15/May/2024:05:38:51 +0700] "PUT /static/style.css HTTP/1.1" 200 4353 "-" "Mozilla/5.0 (Macintosh; Intel Mac OS X 10_15_7) AppleWebKit/537.36"
203.0.113.20 - - [15/May/2024:05:39:19 +0700] "POST /api/v1/products HTTP/1.1" 200 40117 "-" "python-requests/2.31.0"
198.51.100.77 - - [15/May/2024:05:39:22 +0700] "GET /api/v1/products HTTP/1.1" 200 40137 "-" "nuclei/2.9.14"
203.0.113.16 - - [15/May/2024:05:39:25 +0700] "POST /dashboard HTTP/1.1" 200 7968 "-" "Mozilla/5.0 (X11; Linux x86_64; rv:109.0) Gecko/20100101 Firefox/115.0"
203.0.113.28 - - [15/May/2024:05:40:58 +0700] "GET /static/style.css HTTP/1.1" 404 212 "-" "Mozilla/5.0 (Windows NT 10.0; Win64; x64) AppleWebKit/537.36"
203.0.113.33 - - [15/May/2024:05:41:01 +0700] "PUT /static/style.css HTTP/1.1" 200 14192 "-" "Mozilla/5.0 (Macintosh; Intel Mac OS X 10_15_7) AppleWebKit/537.36"
203.0.113.32 - - [15/May/2024:05:41:57 +0700] "DELETE /api/v1/orders HTTP/1.1" 200 1702 "-" "Mozilla/5.0 (Macintosh; Intel Mac OS X 10_15_7) AppleWebKit/537.36"
203.0.113.21 - - [15/May/2024:05:42:14 +0700] "PUT /static/main.js HTTP/1.1" 500 101 "-" "Mozilla/5.0 (Windows NT 10.0; Win64; x64) AppleWebKit/537.36"
203.0.113.31 - - [15/May/2024:05:42:15 +0700] "POST / HTTP/1.1" 200 42546 "-" "curl/7.88.1"
203.0.113.16 - - [15/May/2024:05:42:39 +0700] "POST /index.html HTTP/1.1" 200 5330 "-" "Mozilla/5.0 (Macintosh; Intel Mac OS X 10_15_7) AppleWebKit/537.36"
203.0.113.22 - - [15/May/2024:05:42:39 +0700] "PUT /static/main.js HTTP/1.1" 200 41054 "-" "curl/7.88.1"
203.0.113.18 - - [15/May/2024:05:44:35 +0700] "GET /static/main.js HTTP/1.1" 404 281 "-" "Wget/1.21.4 (linux-gnu)"
203.0.113.3 - - [15/May/2024:05:45:46 +0700] "GET /api/v1/products HTTP/1.1" 200 3566 "-" "python-requests/2.31.0"
203.0.113.31 - - [15/May/2024:05:45:47 +0700] "GET / HTTP/1.1" 304 300 "-" "curl/7.88.1"
198.51.100.13 - - [15/May/2024:05:47:01 +0700] "POST /health HTTP/1.1" 404 118 "-" "Mozilla/5.0 (compatible; BadBot/1.0)"
203.0.113.5 - - [15/May/2024:05:47:20 +0700] "GET /health HTTP/1.1" 200 8514 "-" "Mozilla/5.0 (Macintosh; Intel Mac OS X 10_15_7) AppleWebKit/537.36"
203.0.113.25 - - [15/May/2024:05:47:20 +0700] "GET /static/main.js HTTP/1.1" 301 456 "-" "Mozilla/5.0 (Windows NT 10.0; Win64; x64) AppleWebKit/537.36"
203.0.113.39 - - [15/May/2024:05:47:29 +0700] "GET /index.html HTTP/1.1" 200 38626 "-" "Mozilla/5.0 (Windows NT 10.0; Win64; x64) AppleWebKit/537.36"
203.0.113.16 - - [15/May/2024:05:47:36 +0700] "GET /static/style.css HTTP/1.1" 200 6353 "-" "curl/7.88.1"
203.0.113.6 - - [15/May/2024:05:47:38 +0700] "POST /static/style.css HTTP/1.1" 200 32515 "-" "Mozilla/5.0 (Windows NT 10.0; Win64; x64) AppleWebKit/537.36"
203.0.113.14 - - [15/May/2024:05:47:48 +0700] "GET /static/main.js HTTP/1.1" 200 28617 "-" "Wget/1.21.4 (linux-gnu)"
203.0.113.23 - - [15/May/2024:05:48:46 +0700] "DELETE /logout HTTP/1.1" 200 19776 "-" "Mozilla/5.0 (Macintosh; Intel Mac OS X 10_15_7) AppleWebKit/537.36"
203.0.113.16 - - [15/May/2024:05:49:09 +0700] "GET / HTTP/1.1" 200 29119 "-" "Wget/1.21.4 (linux-gnu)"
203.0.113.35 - - [15/May/2024:05:49:15 +0700] "GET /login HTTP/1.1" 200 29019 "-" "python-requests/2.31.0"
203.0.113.21 - - [15/May/2024:05:49:16 +0700] "POST /api/v1/products HTTP/1.1" 200 15461 "-" "Mozilla/5.0 (Windows NT 10.0; Win64; x64) AppleWebKit/537.36"
203.0.113.15 - - [15/May/2024:05:49:16 +0700] "POST /api/v1/orders HTTP/1.1" 200 22547 "-" "Wget/1.21.4 (linux-gnu)"
203.0.113.19 - - [15/May/2024:05:50:00 +0700] "POST /logout HTTP/1.1" 200 6787 "-" "python-requests/2.31.0"
203.0.113.9 - - [15/May/2024:05:51:08 +0700] "POST /static/main.js HTTP/1.1" 404 287 "-" "python-requests/2.31.0"
203.0.113.4 - - [15/May/2024:05:51:33 +0700] "GET /api/v1/users HTTP/1.1" 200 2281 "-" "Go-http-client/1.1"
203.0.113.29 - - [15/May/2024:05:51:50 +0700] "GET /api/v1/orders HTTP/1.1" 200 8828 "-" "Mozilla/5.0 (X11; Linux x86_64; rv:109.0) Gecko/20100101 Firefox/115.0"
203.0.113.36 - - [15/May/2024:05:52:43 +0700] "GET /dashboard HTTP/1.1" 200 34363 "-" "Wget/1.21.4 (linux-gnu)"
203.0.113.33 - - [15/May/2024:05:52:46 +0700] "GET /api/v1/products HTTP/1.1" 200 41294 "-" "Mozilla/5.0 (Windows NT 10.0; Win64; x64) AppleWebKit/537.36"
203.0.113.17 - - [15/May/2024:05:53:16 +0700] "GET /dashboard HTTP/1.1" 200 28193 "-" "Mozilla/5.0 (Macintosh; Intel Mac OS X 10_15_7) AppleWebKit/537.36"
203.0.113.23 - - [15/May/2024:05:54:30 +0700] "POST /health HTTP/1.1" 200 24092 "-" "Mozilla/5.0 (Macintosh; Intel Mac OS X 10_15_7) AppleWebKit/537.36"
198.51.100.77 - - [15/May/2024:05:54:49 +0700] "GET /index.html HTTP/1.1" 200 16222 "-" "ZAP/2.14.0"
203.0.113.35 - - [15/May/2024:05:55:04 +0700] "GET /login HTTP/1.1" 404 132 "-" "Wget/1.21.4 (linux-gnu)"
198.51.100.13 - - [15/May/2024:05:55:04 +0700] "POST / HTTP/1.1" 401 227 "-" "Mozilla/5.0 (compatible; BadBot/1.0)"
203.0.113.15 - - [15/May/2024:05:55:08 +0700] "POST / HTTP/1.1" 200 11356 "-" "Wget/1.21.4 (linux-gnu)"
203.0.113.18 - - [15/May/2024:05:55:15 +0700] "POST / HTTP/1.1" 200 19979 "-" "Mozilla/5.0 (X11; Linux x86_64; rv:109.0) Gecko/20100101 Firefox/115.0"
203.0.113.38 - - [15/May/2024:05:55:36 +0700] "HEAD /static/style.css HTTP/1.1" 200 17135 "-" "Mozilla/5.0 (X11; Linux x86_64; rv:109.0) Gecko/20100101 Firefox/115.0"
203.0.113.3 - - [15/May/2024:05:55:38 +0700] "PUT /index.html HTTP/1.1" 404 265 "-" "python-requests/2.31.0"
203.0.113.14 - - [15/May/2024:05:55:50 +0700] "POST /static/main.js HTTP/1.1" 200 2434 "-" "Mozilla/5.0 (Windows NT 10.0; Win64; x64) AppleWebKit/537.36"
198.51.100.77 - - [15/May/2024:05:56:12 +0700] "GET /login HTTP/1.1" 200 4453 "-" "masscan/1.3.2"
203.0.113.18 - - [15/May/2024:05:56:52 +0700] "PUT /logout HTTP/1.1" 200 41218 "-" "Wget/1.21.4 (linux-gnu)"
203.0.113.2 - - [15/May/2024:05:57:09 +0700] "HEAD /api/v1/orders HTTP/1.1" 200 41769 "-" "curl/7.88.1"
203.0.113.27 - - [15/May/2024:05:57:30 +0700] "GET /health HTTP/1.1" 404 151 "-" "Mozilla/5.0 (Macintosh; Intel Mac OS X 10_15_7) AppleWebKit/537.36"
203.0.113.25 - - [15/May/2024:05:57:33 +0700] "PUT /static/main.js HTTP/1.1" 200 21332 "-" "Go-http-client/1.1"
203.0.113.23 - - [15/May/2024:05:57:42 +0700] "HEAD /api/v1/products HTTP/1.1" 200 25468 "-" "Mozilla/5.0 (X11; Linux x86_64; rv:109.0) Gecko/20100101 Firefox/115.0"
203.0.113.19 - - [15/May/2024:05:58:01 +0700] "POST /api/v1/users HTTP/1.1" 200 12045 "-" "Mozilla/5.0 (X11; Linux x86_64; rv:109.0) Gecko/20100101 Firefox/115.0"
198.51.100.13 - - [15/May/2024:05:58:25 +0700] "POST / HTTP/1.1" 401 132 "-" "Mozilla/5.0 (compatible; BadBot/1.0)"
203.0.113.16 - - [15/May/2024:05:58:34 +0700] "GET /api/v1/orders HTTP/1.1" 404 218 "-" "Go-http-client/1.1"
203.0.113.29 - - [15/May/2024:05:58:48 +0700] "GET /dashboard HTTP/1.1" 200 23919 "-" "Go-http-client/1.1"
203.0.113.23 - - [15/May/2024:05:59:32 +0700] "GET /index.html HTTP/1.1" 200 4016 "-" "Wget/1.21.4 (linux-gnu)"
203.0.113.30 - - [15/May/2024:05:59:40 +0700] "POST /api/v1/products HTTP/1.1" 404 229 "-" "Mozilla/5.0 (X11; Linux x86_64; rv:109.0) Gecko/20100101 Firefox/115.0"
198.51.100.77 - - [15/May/2024:05:59:46 +0700] "GET /index.html HTTP/1.1" 200 31196 "-" "Nikto/2.1.6"
203.0.113.21 - - [15/May/2024:05:59:54 +0700] "HEAD /dashboard HTTP/1.1" 200 20322 "-" "Mozilla/5.0 (Windows NT 10.0; Win64; x64) AppleWebKit/537.36"
203.0.113.2 - - [15/May/2024:06:00:04 +0700] "GET /dashboard HTTP/1.1" 200 47480 "-" "Wget/1.21.4 (linux-gnu)"
203.0.113.9 - - [15/May/2024:06:00:19 +0700] "POST /index.html HTTP/1.1" 200 15284 "-" "Wget/1.21.4 (linux-gnu)"
203.0.113.16 - - [15/May/2024:06:01:03 +0700] "GET /logout HTTP/1.1" 200 13829 "-" "Wget/1.21.4 (linux-gnu)"
203.0.113.23 - - [15/May/2024:06:01:06 +0700] "GET / HTTP/1.1" 200 1083 "-" "Go-http-client/1.1"
203.0.113.12 - - [15/May/2024:06:01:59 +0700] "GET /api/v1/products HTTP/1.1" 301 115 "-" "Go-http-client/1.1"
203.0.113.13 - - [15/May/2024:06:02:34 +0700] "GET / HTTP/1.1" 200 47929 "-" "Go-http-client/1.1"
198.51.100.77 - - [15/May/2024:06:02:35 +0700] "GET /static/main.js HTTP/1.1" 200 47629 "-" "dirbuster/1.0-RC1"
203.0.113.18 - - [15/May/2024:06:02:48 +0700] "GET /api/v1/users HTTP/1.1" 200 29655 "-" "python-requests/2.31.0"
198.51.100.13 - - [15/May/2024:06:02:51 +0700] "POST /health HTTP/1.1" 404 243 "-" "Mozilla/5.0 (compatible; BadBot/1.0)"
203.0.113.7 - - [15/May/2024:06:03:04 +0700] "GET /api/v1/users HTTP/1.1" 200 6048 "-" "Mozilla/5.0 (Macintosh; Intel Mac OS X 10_15_7) AppleWebKit/537.36"
203.0.113.15 - - [15/May/2024:06:03:21 +0700] "GET /index.html HTTP/1.1" 200 31675 "-" "Mozilla/5.0 (Macintosh; Intel Mac OS X 10_15_7) AppleWebKit/537.36"
203.0.113.16 - - [15/May/2024:06:03:41 +0700] "GET /static/style.css HTTP/1.1" 500 237 "-" "curl/7.88.1"
203.0.113.34 - - [15/May/2024:06:04:16 +0700] "GET /dashboard HTTP/1.1" 200 30757 "-" "Mozilla/5.0 (X11; Linux x86_64; rv:109.0) Gecko/20100101 Firefox/115.0"
203.0.113.28 - - [15/May/2024:06:04:25 +0700] "DELETE /api/v1/products HTTP/1.1" 200 31111 "-" "Mozilla/5.0 (Windows NT 10.0; Win64; x64) AppleWebKit/537.36"
203.0.113.36 - - [15/May/2024:06:04:46 +0700] "POST /api/v1/users HTTP/1.1" 200 44718 "-" "Wget/1.21.4 (linux-gnu)"
203.0.113.35 - - [15/May/2024:06:04:53 +0700] "GET /api/v1/products HTTP/1.1" 200 6043 "-" "python-requests/2.31.0"
203.0.113.30 - - [15/May/2024:06:04:54 +0700] "GET /dashboard HTTP/1.1" 200 9601 "-" "Mozilla/5.0 (Windows NT 10.0; Win64; x64) AppleWebKit/537.36"
203.0.113.15 - - [15/May/2024:06:05:14 +0700] "PUT /logout HTTP/1.1" 200 11516 "-" "Mozilla/5.0 (X11; Linux x86_64; rv:109.0) Gecko/20100101 Firefox/115.0"
203.0.113.14 - - [15/May/2024:06:05:25 +0700] "POST /static/style.css HTTP/1.1" 200 49721 "-" "Mozilla/5.0 (X11; Linux x86_64; rv:109.0) Gecko/20100101 Firefox/115.0"
203.0.113.37 - - [15/May/2024:06:05:51 +0700] "HEAD /api/v1/users HTTP/1.1" 200 7094 "-" "Mozilla/5.0 (Windows NT 10.0; Win64; x64) AppleWebKit/537.36"
203.0.113.10 - - [15/May/2024:06:05:58 +0700] "POST /static/main.js HTTP/1.1" 200 22116 "-" "Wget/1.21.4 (linux-gnu)"
203.0.113.39 - - [15/May/2024:06:05:59 +0700] "DELETE /api/v1/users HTTP/1.1" 200 16386 "-" "Go-http-client/1.1"
203.0.113.32 - - [15/May/2024:06:06:54 +0700] "POST /index.html HTTP/1.1" 200 48797 "-" "python-requests/2.31.0"
203.0.113.15 - - [15/May/2024:06:06:55 +0700] "HEAD / HTTP/1.1" 500 143 "-" "Go-http-client/1.1"
203.0.113.30 - - [15/May/2024:06:07:12 +0700] "GET /logout HTTP/1.1" 200 26687 "-" "Mozilla/5.0 (Macintosh; Intel Mac OS X 10_15_7) AppleWebKit/537.36"
203.0.113.21 - - [15/May/2024:06:07:43 +0700] "PUT /robots.txt HTTP/1.1" 301 418 "-" "Wget/1.21.4 (linux-gnu)"
203.0.113.26 - - [15/May/2024:06:08:00 +0700] "GET /api/v1/orders HTTP/1.1" 200 42008 "-" "Go-http-client/1.1"
198.51.100.77 - - [15/May/2024:06:09:10 +0700] "GET /logout HTTP/1.1" 200 39942 "-" "wfuzz/3.1.0"
203.0.113.37 - - [15/May/2024:06:09:12 +0700] "HEAD /api/v1/users HTTP/1.1" 200 21191 "-" "Mozilla/5.0 (X11; Linux x86_64; rv:109.0) Gecko/20100101 Firefox/115.0"
203.0.113.34 - - [15/May/2024:06:09:24 +0700] "PUT /health HTTP/1.1" 200 19027 "-" "Wget/1.21.4 (linux-gnu)"
203.0.113.1 - - [15/May/2024:06:09:41 +0700] "GET /static/main.js HTTP/1.1" 200 22144 "-" "python-requests/2.31.0"
203.0.113.37 - - [15/May/2024:06:10:28 +0700] "GET /robots.txt HTTP/1.1" 200 41408 "-" "Wget/1.21.4 (linux-gnu)"
203.0.113.25 - - [15/May/2024:06:10:32 +0700] "DELETE / HTTP/1.1" 301 305 "-" "Mozilla/5.0 (X11; Linux x86_64; rv:109.0) Gecko/20100101 Firefox/115.0"
203.0.113.15 - - [15/May/2024:06:10:59 +0700] "GET /index.html HTTP/1.1" 200 20617 "-" "Wget/1.21.4 (linux-gnu)"
203.0.113.12 - - [15/May/2024:06:11:10 +0700] "POST /robots.txt HTTP/1.1" 200 23330 "-" "Mozilla/5.0 (Windows NT 10.0; Win64; x64) AppleWebKit/537.36"
198.51.100.77 - - [15/May/2024:06:11:15 +0700] "GET /api/v1/products HTTP/1.1" 200 47284 "-" "sqlmap/1.7.8#stable"
203.0.113.4 - - [15/May/2024:06:12:00 +0700] "DELETE /api/v1/orders HTTP/1.1" 404 201 "-" "python-requests/2.31.0"
203.0.113.24 - - [15/May/2024:06:12:47 +0700] "GET / HTTP/1.1" 200 5403 "-" "python-requests/2.31.0"
203.0.113.37 - - [15/May/2024:06:12:52 +0700] "GET /index.html HTTP/1.1" 200 4576 "-" "Mozilla/5.0 (Windows NT 10.0; Win64; x64) AppleWebKit/537.36"
203.0.113.25 - - [15/May/2024:06:13:07 +0700] "GET /dashboard HTTP/1.1" 301 120 "-" "python-requests/2.31.0"
203.0.113.31 - - [15/May/2024:06:13:18 +0700] "GET /health HTTP/1.1" 200 9319 "-" "python-requests/2.31.0"
203.0.113.21 - - [15/May/2024:06:14:10 +0700] "GET /api/v1/users HTTP/1.1" 200 6194 "-" "Mozilla/5.0 (Windows NT 10.0; Win64; x64) AppleWebKit/537.36"
203.0.113.34 - - [15/May/2024:06:14:27 +0700] "GET /logout HTTP/1.1" 200 8842 "-" "Mozilla/5.0 (X11; Linux x86_64; rv:109.0) Gecko/20100101 Firefox/115.0"
203.0.113.4 - - [15/May/2024:06:14:31 +0700] "DELETE /api/v1/users HTTP/1.1" 404 203 "-" "Mozilla/5.0 (X11; Linux x86_64; rv:109.0) Gecko/20100101 Firefox/115.0"
203.0.113.3 - - [15/May/2024:06:14:33 +0700] "PUT /api/v1/orders HTTP/1.1" 301 161 "-" "curl/7.88.1"
203.0.113.6 - - [15/May/2024:06:14:58 +0700] "DELETE / HTTP/1.1" 200 49153 "-" "Mozilla/5.0 (Windows NT 10.0; Win64; x64) AppleWebKit/537.36"
203.0.113.12 - - [15/May/2024:06:15:22 +0700] "POST /logout HTTP/1.1" 301 163 "-" "Wget/1.21.4 (linux-gnu)"
203.0.113.14 - - [15/May/2024:06:15:57 +0700] "POST /api/v1/users HTTP/1.1" 200 10444 "-" "Mozilla/5.0 (Macintosh; Intel Mac OS X 10_15_7) AppleWebKit/537.36"
203.0.113.25 - - [15/May/2024:06:16:06 +0700] "GET /health HTTP/1.1" 200 14283 "-" "Wget/1.21.4 (linux-gnu)"
203.0.113.14 - - [15/May/2024:06:16:10 +0700] "GET /health HTTP/1.1" 200 5915 "-" "curl/7.88.1"
203.0.113.11 - - [15/May/2024:06:16:53 +0700] "POST /login HTTP/1.1" 200 48073 "-" "Wget/1.21.4 (linux-gnu)"
203.0.113.20 - - [15/May/2024:06:17:00 +0700] "GET /health HTTP/1.1" 500 285 "-" "Mozilla/5.0 (X11; Linux x86_64; rv:109.0) Gecko/20100101 Firefox/115.0"
203.0.113.18 - - [15/May/2024:06:17:20 +0700] "PUT /api/v1/products HTTP/1.1" 200 29699 "-" "Mozilla/5.0 (Windows NT 10.0; Win64; x64) AppleWebKit/537.36"
198.51.100.13 - - [15/May/2024:06:17:49 +0700] "POST /login HTTP/1.1" 401 207 "-" "Mozilla/5.0 (compatible; BadBot/1.0)"
203.0.113.1 - - [15/May/2024:06:18:08 +0700] "GET /logout HTTP/1.1" 200 8268 "-" "Go-http-client/1.1"
203.0.113.15 - - [15/May/2024:06:18:10 +0700] "HEAD /static/main.js HTTP/1.1" 404 183 "-" "curl/7.88.1"
203.0.113.2 - - [15/May/2024:06:18:56 +0700] "GET /api/v1/products HTTP/1.1" 200 33111 "-" "Mozilla/5.0 (Windows NT 10.0; Win64; x64) AppleWebKit/537.36"
203.0.113.30 - - [15/May/2024:06:18:59 +0700] "GET /dashboard HTTP/1.1" 200 2406 "-" "python-requests/2.31.0"
203.0.113.19 - - [15/May/2024:06:19:30 +0700] "GET /static/main.js HTTP/1.1" 404 261 "-" "Wget/1.21.4 (linux-gnu)"
203.0.113.22 - - [15/May/2024:06:19:39 +0700] "POST /dashboard HTTP/1.1" 500 190 "-" "Mozilla/5.0 (Windows NT 10.0; Win64; x64) AppleWebKit/537.36"
198.51.100.77 - - [15/May/2024:06:19:40 +0700] "GET /logout HTTP/1.1" 200 5144 "-" "Nmap Scripting Engine"
203.0.113.30 - - [15/May/2024:06:20:17 +0700] "POST /health HTTP/1.1" 200 1144 "-" "Mozilla/5.0 (X11; Linux x86_64; rv:109.0) Gecko/20100101 Firefox/115.0"
203.0.113.37 - - [15/May/2024:06:20:21 +0700] "GET /api/v1/orders HTTP/1.1" 200 46491 "-" "curl/7.88.1"
203.0.113.3 - - [15/May/2024:06:20:26 +0700] "GET /health HTTP/1.1" 200 2614 "-" "Go-http-client/1.1"
203.0.113.6 - - [15/May/2024:06:20:42 +0700] "GET /api/v1/users HTTP/1.1" 200 22620 "-" "Mozilla/5.0 (Macintosh; Intel Mac OS X 10_15_7) AppleWebKit/537.36"
203.0.113.37 - - [15/May/2024:06:20:42 +0700] "PUT /static/style.css HTTP/1.1" 200 12749 "-" "Mozilla/5.0 (X11; Linux x86_64; rv:109.0) Gecko/20100101 Firefox/115.0"
198.51.100.13 - - [15/May/2024:06:20:42 +0700] "POST /api/v1/users HTTP/1.1" 404 74 "-" "Mozilla/5.0 (compatible; BadBot/1.0)"
198.51.100.77 - - [15/May/2024:06:21:04 +0700] "GET /api/v1/users HTTP/1.1" 200 15438 "-" "dirbuster/1.0-RC1"
203.0.113.12 - - [15/May/2024:06:21:08 +0700] "GET /health HTTP/1.1" 200 42080 "-" "Mozilla/5.0 (X11; Linux x86_64; rv:109.0) Gecko/20100101 Firefox/115.0"
203.0.113.14 - - [15/May/2024:06:21:57 +0700] "GET /dashboard HTTP/1.1" 200 9916 "-" "Mozilla/5.0 (X11; Linux x86_64; rv:109.0) Gecko/20100101 Firefox/115.0"
203.0.113.30 - - [15/May/2024:06:23:05 +0700] "GET /static/main.js HTTP/1.1" 200 28435 "-" "Mozilla/5.0 (X11; Linux x86_64; rv:109.0) Gecko/20100101 Firefox/115.0"
203.0.113.5 - - [15/May/2024:06:25:07 +0700] "POST /logout HTTP/1.1" 200 32023 "-" "curl/7.88.1"
203.0.113.25 - - [15/May/2024:06:25:18 +0700] "POST /robots.txt HTTP/1.1" 200 37409 "-" "Mozilla/5.0 (Macintosh; Intel Mac OS X 10_15_7) AppleWebKit/537.36"
203.0.113.8 - - [15/May/2024:06:25:19 +0700] "PUT / HTTP/1.1" 200 8088 "-" "curl/7.88.1"
203.0.113.12 - - [15/May/2024:06:25:21 +0700] "GET /robots.txt HTTP/1.1" 200 38201 "-" "Go-http-client/1.1"
203.0.113.4 - - [15/May/2024:06:25:45 +0700] "GET /login HTTP/1.1" 200 11542 "-" "Go-http-client/1.1"
203.0.113.20 - - [15/May/2024:06:25:53 +0700] "GET / HTTP/1.1" 200 31379 "-" "Mozilla/5.0 (X11; Linux x86_64; rv:109.0) Gecko/20100101 Firefox/115.0"
203.0.113.37 - - [15/May/2024:06:26:30 +0700] "GET /api/v1/orders HTTP/1.1" 404 134 "-" "Mozilla/5.0 (Windows NT 10.0; Win64; x64) AppleWebKit/537.36"
198.51.100.77 - - [15/May/2024:06:26:34 +0700] "GET /login HTTP/1.1" 200 47870 "-" "sqlmap/1.7.8#stable"
198.51.100.77 - - [15/May/2024:06:26:55 +0700] "GET /dashboard HTTP/1.1" 200 6475 "-" "nuclei/2.9.14"
203.0.113.6 - - [15/May/2024:06:27:10 +0700] "GET / HTTP/1.1" 200 9250 "-" "curl/7.88.1"
203.0.113.16 - - [15/May/2024:06:28:17 +0700] "GET /logout HTTP/1.1" 200 6441 "-" "Go-http-client/1.1"
203.0.113.24 - - [15/May/2024:06:28:21 +0700] "GET /index.html HTTP/1.1" 200 37769 "-" "python-requests/2.31.0"
203.0.113.37 - - [15/May/2024:06:28:47 +0700] "GET /dashboard HTTP/1.1" 200 31740 "-" "Mozilla/5.0 (Windows NT 10.0; Win64; x64) AppleWebKit/537.36"
203.0.113.8 - - [15/May/2024:06:29:54 +0700] "POST /dashboard HTTP/1.1" 200 2550 "-" "Mozilla/5.0 (Macintosh; Intel Mac OS X 10_15_7) AppleWebKit/537.36"
203.0.113.39 - - [15/May/2024:06:30:40 +0700] "GET /login HTTP/1.1" 404 279 "-" "Mozilla/5.0 (Windows NT 10.0; Win64; x64) AppleWebKit/537.36"
198.51.100.77 - - [15/May/2024:06:30:51 +0700] "GET /health HTTP/1.1" 200 48456 "-" "gobuster/3.6"
203.0.113.3 - - [15/May/2024:06:30:55 +0700] "PUT /dashboard HTTP/1.1" 404 224 "-" "python-requests/2.31.0"
203.0.113.7 - - [15/May/2024:06:31:54 +0700] "POST /login HTTP/1.1" 200 22535 "-" "Mozilla/5.0 (X11; Linux x86_64; rv:109.0) Gecko/20100101 Firefox/115.0"
203.0.113.24 - - [15/May/2024:06:31:57 +0700] "DELETE /api/v1/orders HTTP/1.1" 200 8365 "-" "Mozilla/5.0 (X11; Linux x86_64; rv:109.0) Gecko/20100101 Firefox/115.0"
203.0.113.19 - - [15/May/2024:06:32:18 +0700] "GET /api/v1/users HTTP/1.1" 304 247 "-" "Mozilla/5.0 (X11; Linux x86_64; rv:109.0) Gecko/20100101 Firefox/115.0"
203.0.113.15 - - [15/May/2024:06:32:32 +0700] "GET /robots.txt HTTP/1.1" 404 218 "-" "python-requests/2.31.0"
203.0.113.22 - - [15/May/2024:06:33:00 +0700] "GET /api/v1/orders HTTP/1.1" 200 30638 "-" "curl/7.88.1"
203.0.113.39 - - [15/May/2024:06:33:03 +0700] "GET /static/main.js HTTP/1.1" 200 28792 "-" "curl/7.88.1"
198.51.100.77 - - [15/May/2024:06:33:20 +0700] "GET / HTTP/1.1" 200 9799 "-" "dirbuster/1.0-RC1"
203.0.113.6 - - [15/May/2024:06:33:24 +0700] "GET /static/main.js HTTP/1.1" 200 29756 "-" "curl/7.88.1"
203.0.113.8 - - [15/May/2024:06:33:45 +0700] "HEAD /logout HTTP/1.1" 200 19186 "-" "Go-http-client/1.1"
203.0.113.34 - - [15/May/2024:06:33:54 +0700] "GET / HTTP/1.1" 200 12121 "-" "Go-http-client/1.1"
203.0.113.29 - - [15/May/2024:06:34:53 +0700] "GET /logout HTTP/1.1" 200 37349 "-" "Mozilla/5.0 (X11; Linux x86_64; rv:109.0) Gecko/20100101 Firefox/115.0"
203.0.113.12 - - [15/May/2024:06:35:12 +0700] "GET /static/style.css HTTP/1.1" 200 16060 "-" "Mozilla/5.0 (Macintosh; Intel Mac OS X 10_15_7) AppleWebKit/537.36"
203.0.113.36 - - [15/May/2024:06:35:22 +0700] "HEAD /static/main.js HTTP/1.1" 200 5511 "-" "Mozilla/5.0 (X11; Linux x86_64; rv:109.0) Gecko/20100101 Firefox/115.0"
203.0.113.5 - - [15/May/2024:06:35:47 +0700] "GET / HTTP/1.1" 200 6358 "-" "Mozilla/5.0 (X11; Linux x86_64; rv:109.0) Gecko/20100101 Firefox/115.0"
203.0.113.4 - - [15/May/2024:06:36:11 +0700] "DELETE /login HTTP/1.1" 301 482 "-" "Go-http-client/1.1"
203.0.113.38 - - [15/May/2024:06:36:18 +0700] "GET /robots.txt HTTP/1.1" 200 19644 "-" "python-requests/2.31.0"
203.0.113.16 - - [15/May/2024:06:37:05 +0700] "GET /static/main.js HTTP/1.1" 200 49245 "-" "curl/7.88.1"
203.0.113.36 - - [15/May/2024:06:37:06 +0700] "GET /robots.txt HTTP/1.1" 304 183 "-" "Go-http-client/1.1"
203.0.113.34 - - [15/May/2024:06:37:22 +0700] "GET /static/main.js HTTP/1.1" 200 22631 "-" "curl/7.88.1"
198.51.100.77 - - [15/May/2024:06:37:40 +0700] "GET /login HTTP/1.1" 200 27257 "-" "masscan/1.3.2"
198.51.100.13 - - [15/May/2024:06:37:42 +0700] "POST /static/style.css HTTP/1.1" 404 80 "-" "Mozilla/5.0 (compatible; BadBot/1.0)"
203.0.113.17 - - [15/May/2024:06:37:57 +0700] "POST /api/v1/orders HTTP/1.1" 200 22190 "-" "Mozilla/5.0 (Windows NT 10.0; Win64; x64) AppleWebKit/537.36"
203.0.113.31 - - [15/May/2024:06:38:00 +0700] "PUT /logout HTTP/1.1" 301 434 "-" "Mozilla/5.0 (X11; Linux x86_64; rv:109.0) Gecko/20100101 Firefox/115.0"
203.0.113.18 - - [15/May/2024:06:38:22 +0700] "GET /robots.txt HTTP/1.1" 200 30731 "-" "Go-http-client/1.1"
203.0.113.27 - - [15/May/2024:06:38:22 +0700] "GET /static/main.js HTTP/1.1" 301 165 "-" "Mozilla/5.0 (Windows NT 10.0; Win64; x64) AppleWebKit/537.36"
203.0.113.14 - - [15/May/2024:06:39:25 +0700] "GET /health HTTP/1.1" 500 234 "-" "curl/7.88.1"
203.0.113.14 - - [15/May/2024:06:39:28 +0700] "POST /health HTTP/1.1" 200 35945 "-" "Go-http-client/1.1"
203.0.113.30 - - [15/May/2024:06:39:41 +0700] "GET /api/v1/orders HTTP/1.1" 200 31382 "-" "python-requests/2.31.0"
203.0.113.32 - - [15/May/2024:06:40:05 +0700] "GET /health HTTP/1.1" 304 258 "-" "Mozilla/5.0 (Windows NT 10.0; Win64; x64) AppleWebKit/537.36"
203.0.113.5 - - [15/May/2024:06:41:12 +0700] "HEAD /login HTTP/1.1" 404 96 "-" "python-requests/2.31.0"
203.0.113.38 - - [15/May/2024:06:41:14 +0700] "GET /login HTTP/1.1" 301 351 "-" "Mozilla/5.0 (X11; Linux x86_64; rv:109.0) Gecko/20100101 Firefox/115.0"
203.0.113.38 - - [15/May/2024:06:41:34 +0700] "HEAD /robots.txt HTTP/1.1" 200 19834 "-" "Mozilla/5.0 (X11; Linux x86_64; rv:109.0) Gecko/20100101 Firefox/115.0"
203.0.113.19 - - [15/May/2024:06:41:53 +0700] "PUT /api/v1/orders HTTP/1.1" 200 2521 "-" "curl/7.88.1"
203.0.113.32 - - [15/May/2024:06:42:17 +0700] "POST /api/v1/products HTTP/1.1" 404 291 "-" "Go-http-client/1.1"
203.0.113.6 - - [15/May/2024:06:42:53 +0700] "POST /robots.txt HTTP/1.1" 404 264 "-" "Mozilla/5.0 (Macintosh; Intel Mac OS X 10_15_7) AppleWebKit/537.36"
203.0.113.22 - - [15/May/2024:06:43:30 +0700] "POST /robots.txt HTTP/1.1" 200 29506 "-" "Go-http-client/1.1"
203.0.113.29 - - [15/May/2024:06:43:46 +0700] "PUT /static/style.css HTTP/1.1" 404 138 "-" "Wget/1.21.4 (linux-gnu)"
203.0.113.23 - - [15/May/2024:06:43:48 +0700] "GET /static/main.js HTTP/1.1" 304 79 "-" "Go-http-client/1.1"
203.0.113.13 - - [15/May/2024:06:44:17 +0700] "GET /login HTTP/1.1" 404 59 "-" "Mozilla/5.0 (X11; Linux x86_64; rv:109.0) Gecko/20100101 Firefox/115.0"
203.0.113.39 - - [15/May/2024:06:44:22 +0700] "GET /api/v1/users HTTP/1.1" 404 244 "-" "Mozilla/5.0 (X11; Linux x86_64; rv:109.0) Gecko/20100101 Firefox/115.0"
203.0.113.6 - - [15/May/2024:06:45:05 +0700] "GET / HTTP/1.1" 200 18872 "-" "Mozilla/5.0 (X11; Linux x86_64; rv:109.0) Gecko/20100101 Firefox/115.0"
203.0.113.19 - - [15/May/2024:06:45:05 +0700] "GET /static/main.js HTTP/1.1" 200 41418 "-" "curl/7.88.1"
203.0.113.21 - - [15/May/2024:06:45:11 +0700] "GET /logout HTTP/1.1" 200 21520 "-" "Mozilla/5.0 (Macintosh; Intel Mac OS X 10_15_7) AppleWebKit/537.36"
203.0.113.29 - - [15/May/2024:06:45:51 +0700] "GET /login HTTP/1.1" 500 162 "-" "curl/7.88.1"
203.0.113.19 - - [15/May/2024:06:45:56 +0700] "DELETE /static/style.css HTTP/1.1" 304 139 "-" "Mozilla/5.0 (Macintosh; Intel Mac OS X 10_15_7) AppleWebKit/537.36"
203.0.113.13 - - [15/May/2024:06:46:05 +0700] "HEAD / HTTP/1.1" 200 35121 "-" "python-requests/2.31.0"
203.0.113.26 - - [15/May/2024:06:46:33 +0700] "GET /api/v1/orders HTTP/1.1" 200 39104 "-" "curl/7.88.1"
203.0.113.31 - - [15/May/2024:06:46:49 +0700] "HEAD /api/v1/users HTTP/1.1" 200 36134 "-" "Mozilla/5.0 (Macintosh; Intel Mac OS X 10_15_7) AppleWebKit/537.36"
203.0.113.2 - - [15/May/2024:06:47:04 +0700] "GET /index.html HTTP/1.1" 200 48643 "-" "Wget/1.21.4 (linux-gnu)"
203.0.113.15 - - [15/May/2024:06:47:32 +0700] "GET /static/main.js HTTP/1.1" 200 33361 "-" "curl/7.88.1"
198.51.100.77 - - [15/May/2024:06:47:36 +0700] "GET /api/v1/users HTTP/1.1" 200 31978 "-" "Burp Suite Professional"
203.0.113.9 - - [15/May/2024:06:47:37 +0700] "POST /api/v1/products HTTP/1.1" 200 17636 "-" "Wget/1.21.4 (linux-gnu)"
203.0.113.34 - - [15/May/2024:06:47:48 +0700] "GET /robots.txt HTTP/1.1" 200 3853 "-" "python-requests/2.31.0"
203.0.113.10 - - [15/May/2024:06:47:58 +0700] "POST /index.html HTTP/1.1" 200 14070 "-" "python-requests/2.31.0"
203.0.113.9 - - [15/May/2024:06:47:59 +0700] "GET /index.html HTTP/1.1" 200 9387 "-" "Go-http-client/1.1"
198.51.100.77 - - [15/May/2024:06:48:54 +0700] "GET /health HTTP/1.1" 200 7766 "-" "masscan/1.3.2"
203.0.113.9 - - [15/May/2024:06:49:00 +0700] "PUT /static/main.js HTTP/1.1" 200 44114 "-" "Wget/1.21.4 (linux-gnu)"
203.0.113.3 - - [15/May/2024:06:50:16 +0700] "GET /login HTTP/1.1" 200 6649 "-" "Mozilla/5.0 (Windows NT 10.0; Win64; x64) AppleWebKit/537.36"
203.0.113.16 - - [15/May/2024:06:51:08 +0700] "GET /static/main.js HTTP/1.1" 200 43964 "-" "Go-http-client/1.1"
203.0.113.18 - - [15/May/2024:06:51:09 +0700] "GET /api/v1/orders HTTP/1.1" 404 80 "-" "Mozilla/5.0 (Macintosh; Intel Mac OS X 10_15_7) AppleWebKit/537.36"
203.0.113.32 - - [15/May/2024:06:51:20 +0700] "GET /api/v1/orders HTTP/1.1" 200 22539 "-" "Mozilla/5.0 (X11; Linux x86_64; rv:109.0) Gecko/20100101 Firefox/115.0"
203.0.113.2 - - [15/May/2024:06:51:27 +0700] "POST /index.html HTTP/1.1" 200 29347 "-" "Mozilla/5.0 (Macintosh; Intel Mac OS X 10_15_7) AppleWebKit/537.36"
203.0.113.9 - - [15/May/2024:06:52:18 +0700] "PUT /static/main.js HTTP/1.1" 200 27330 "-" "Mozilla/5.0 (Macintosh; Intel Mac OS X 10_15_7) AppleWebKit/537.36"
203.0.113.31 - - [15/May/2024:06:52:38 +0700] "HEAD / HTTP/1.1" 500 73 "-" "Wget/1.21.4 (linux-gnu)"
203.0.113.34 - - [15/May/2024:06:52:41 +0700] "GET /health HTTP/1.1" 404 126 "-" "python-requests/2.31.0"
198.51.100.13 - - [15/May/2024:06:53:25 +0700] "POST /health HTTP/1.1" 404 197 "-" "Mozilla/5.0 (compatible; BadBot/1.0)"
203.0.113.12 - - [15/May/2024:06:53:41 +0700] "GET / HTTP/1.1" 200 19595 "-" "Mozilla/5.0 (X11; Linux x86_64; rv:109.0) Gecko/20100101 Firefox/115.0"
203.0.113.7 - - [15/May/2024:06:53:57 +0700] "POST /dashboard HTTP/1.1" 200 3218 "-" "Go-http-client/1.1"
203.0.113.33 - - [15/May/2024:06:54:50 +0700] "GET /index.html HTTP/1.1" 404 257 "-" "Mozilla/5.0 (Windows NT 10.0; Win64; x64) AppleWebKit/537.36"
203.0.113.25 - - [15/May/2024:06:54:51 +0700] "GET /dashboard HTTP/1.1" 200 41365 "-" "Mozilla/5.0 (Windows NT 10.0; Win64; x64) AppleWebKit/537.36"
198.51.100.77 - - [15/May/2024:06:55:20 +0700] "GET /robots.txt HTTP/1.1" 200 5943 "-" "dirbuster/1.0-RC1"
203.0.113.36 - - [15/May/2024:06:56:17 +0700] "GET /api/v1/users HTTP/1.1" 200 15415 "-" "Mozilla/5.0 (X11; Linux x86_64; rv:109.0) Gecko/20100101 Firefox/115.0"
203.0.113.3 - - [15/May/2024:06:56:23 +0700] "HEAD /health HTTP/1.1" 200 1146 "-" "Mozilla/5.0 (Windows NT 10.0; Win64; x64) AppleWebKit/537.36"
203.0.113.4 - - [15/May/2024:06:57:16 +0700] "POST /api/v1/users HTTP/1.1" 304 160 "-" "Wget/1.21.4 (linux-gnu)"
203.0.113.33 - - [15/May/2024:06:57:22 +0700] "PUT /login HTTP/1.1" 200 23987 "-" "python-requests/2.31.0"
203.0.113.25 - - [15/May/2024:06:57:28 +0700] "GET /health HTTP/1.1" 200 4456 "-" "curl/7.88.1"
203.0.113.30 - - [15/May/2024:06:57:36 +0700] "GET /static/style.css HTTP/1.1" 304 72 "-" "curl/7.88.1"
203.0.113.16 - - [15/May/2024:06:58:02 +0700] "GET /robots.txt HTTP/1.1" 200 2675 "-" "Mozilla/5.0 (X11; Linux x86_64; rv:109.0) Gecko/20100101 Firefox/115.0"
198.51.100.77 - - [15/May/2024:06:58:09 +0700] "GET /robots.txt HTTP/1.1" 200 6902 "-" "ZAP/2.14.0"
203.0.113.27 - - [15/May/2024:06:58:45 +0700] "GET /static/style.css HTTP/1.1" 200 12971 "-" "python-requests/2.31.0"
203.0.113.9 - - [15/May/2024:06:59:04 +0700] "GET /dashboard HTTP/1.1" 200 23180 "-" "Mozilla/5.0 (X11; Linux x86_64; rv:109.0) Gecko/20100101 Firefox/115.0"
203.0.113.30 - - [15/May/2024:06:59:08 +0700] "GET /static/style.css HTTP/1.1" 200 33082 "-" "Go-http-client/1.1"
203.0.113.16 - - [15/May/2024:06:59:30 +0700] "DELETE /login HTTP/1.1" 404 283 "-" "Wget/1.21.4 (linux-gnu)"
203.0.113.25 - - [15/May/2024:06:59:54 +0700] "POST /api/v1/products HTTP/1.1" 304 241 "-" "Mozilla/5.0 (X11; Linux x86_64; rv:109.0) Gecko/20100101 Firefox/115.0"
203.0.113.2 - - [15/May/2024:07:00:24 +0700] "GET /login HTTP/1.1" 200 14564 "-" "curl/7.88.1"
203.0.113.33 - - [15/May/2024:07:00:24 +0700] "GET /static/style.css HTTP/1.1" 200 4522 "-" "Go-http-client/1.1"
198.51.100.13 - - [15/May/2024:07:00:59 +0700] "POST /api/secret HTTP/1.1" 401 117 "-" "Mozilla/5.0 (compatible; BadBot/1.0)"
203.0.113.30 - - [15/May/2024:07:01:00 +0700] "POST /static/main.js HTTP/1.1" 200 22380 "-" "Mozilla/5.0 (X11; Linux x86_64; rv:109.0) Gecko/20100101 Firefox/115.0"
198.51.100.77 - - [15/May/2024:07:01:08 +0700] "GET /static/main.js HTTP/1.1" 200 3658 "-" "gobuster/3.6"
203.0.113.3 - - [15/May/2024:07:01:33 +0700] "POST /api/v1/products HTTP/1.1" 304 239 "-" "Mozilla/5.0 (Macintosh; Intel Mac OS X 10_15_7) AppleWebKit/537.36"
198.51.100.77 - - [15/May/2024:07:02:17 +0700] "GET /api/v1/products HTTP/1.1" 200 49969 "-" "Nikto/2.1.6"
203.0.113.3 - - [15/May/2024:07:02:52 +0700] "GET /api/v1/orders HTTP/1.1" 200 46150 "-" "Go-http-client/1.1"
198.51.100.13 - - [15/May/2024:07:03:11 +0700] "POST /api/secret HTTP/1.1" 200 7642 "-" "Mozilla/5.0 (compatible; BadBot/1.0)"
203.0.113.4 - - [15/May/2024:07:03:50 +0700] "GET /api/v1/orders HTTP/1.1" 200 46539 "-" "Mozilla/5.0 (Windows NT 10.0; Win64; x64) AppleWebKit/537.36"
198.51.100.77 - - [15/May/2024:07:05:35 +0700] "GET /api/v1/orders HTTP/1.1" 200 39425 "-" "Nikto/2.1.6"
203.0.113.22 - - [15/May/2024:07:06:25 +0700] "GET /static/main.js HTTP/1.1" 200 21263 "-" "Go-http-client/1.1"
203.0.113.1 - - [15/May/2024:07:06:40 +0700] "GET / HTTP/1.1" 404 299 "-" "Mozilla/5.0 (Windows NT 10.0; Win64; x64) AppleWebKit/537.36"
203.0.113.27 - - [15/May/2024:07:07:09 +0700] "GET /login HTTP/1.1" 200 41812 "-" "curl/7.88.1"
203.0.113.1 - - [15/May/2024:07:07:19 +0700] "PUT /static/style.css HTTP/1.1" 200 43682 "-" "python-requests/2.31.0"
203.0.113.7 - - [15/May/2024:07:07:32 +0700] "GET /static/main.js HTTP/1.1" 200 26814 "-" "Go-http-client/1.1"
203.0.113.35 - - [15/May/2024:07:07:34 +0700] "GET /static/main.js HTTP/1.1" 404 158 "-" "python-requests/2.31.0"
203.0.113.10 - - [15/May/2024:07:08:22 +0700] "POST /static/style.css HTTP/1.1" 301 447 "-" "curl/7.88.1"
203.0.113.4 - - [15/May/2024:07:08:47 +0700] "PUT /api/v1/users HTTP/1.1" 200 42136 "-" "Mozilla/5.0 (Macintosh; Intel Mac OS X 10_15_7) AppleWebKit/537.36"
203.0.113.3 - - [15/May/2024:07:08:50 +0700] "GET /static/style.css HTTP/1.1" 301 308 "-" "Mozilla/5.0 (Windows NT 10.0; Win64; x64) AppleWebKit/537.36"
203.0.113.36 - - [15/May/2024:07:09:17 +0700] "GET /index.html HTTP/1.1" 404 157 "-" "Mozilla/5.0 (Macintosh; Intel Mac OS X 10_15_7) AppleWebKit/537.36"
203.0.113.13 - - [15/May/2024:07:09:50 +0700] "GET /index.html HTTP/1.1" 200 49685 "-" "Go-http-client/1.1"
203.0.113.16 - - [15/May/2024:07:09:57 +0700] "GET /api/v1/orders HTTP/1.1" 200 20786 "-" "Go-http-client/1.1"
203.0.113.1 - - [15/May/2024:07:10:10 +0700] "GET /static/main.js HTTP/1.1" 200 44951 "-" "curl/7.88.1"
203.0.113.4 - - [15/May/2024:07:10:29 +0700] "GET /api/v1/products HTTP/1.1" 301 263 "-" "Go-http-client/1.1"
203.0.113.13 - - [15/May/2024:07:10:51 +0700] "GET /logout HTTP/1.1" 200 48605 "-" "Mozilla/5.0 (Windows NT 10.0; Win64; x64) AppleWebKit/537.36"
198.51.100.77 - - [15/May/2024:07:10:58 +0700] "GET /static/main.js HTTP/1.1" 200 27981 "-" "nuclei/2.9.14"
203.0.113.6 - - [15/May/2024:07:11:00 +0700] "GET /robots.txt HTTP/1.1" 200 38467 "-" "Mozilla/5.0 (X11; Linux x86_64; rv:109.0) Gecko/20100101 Firefox/115.0"
203.0.113.7 - - [15/May/2024:07:11:15 +0700] "GET /api/v1/products HTTP/1.1" 200 13197 "-" "curl/7.88.1"
203.0.113.7 - - [15/May/2024:07:11:31 +0700] "GET /static/main.js HTTP/1.1" 500 188 "-" "Mozilla/5.0 (Windows NT 10.0; Win64; x64) AppleWebKit/537.36"
203.0.113.34 - - [15/May/2024:07:12:37 +0700] "GET /dashboard HTTP/1.1" 200 19244 "-" "Mozilla/5.0 (X11; Linux x86_64; rv:109.0) Gecko/20100101 Firefox/115.0"
198.51.100.77 - - [15/May/2024:07:12:39 +0700] "GET /api/v1/orders HTTP/1.1" 200 11324 "-" "ZAP/2.14.0"
198.51.100.77 - - [15/May/2024:07:12:51 +0700] "GET /dashboard HTTP/1.1" 200 4890 "-" "Burp Suite Professional"
203.0.113.13 - - [15/May/2024:07:13:28 +0700] "POST /api/v1/products HTTP/1.1" 304 277 "-" "Mozilla/5.0 (Windows NT 10.0; Win64; x64) AppleWebKit/537.36"
203.0.113.32 - - [15/May/2024:07:14:04 +0700] "GET /dashboard HTTP/1.1" 404 224 "-" "Mozilla/5.0 (Macintosh; Intel Mac OS X 10_15_7) AppleWebKit/537.36"
203.0.113.18 - - [15/May/2024:07:14:49 +0700] "GET /static/main.js HTTP/1.1" 200 33831 "-" "Mozilla/5.0 (Macintosh; Intel Mac OS X 10_15_7) AppleWebKit/537.36"
203.0.113.7 - - [15/May/2024:07:15:38 +0700] "POST /api/v1/products HTTP/1.1" 200 10940 "-" "Mozilla/5.0 (X11; Linux x86_64; rv:109.0) Gecko/20100101 Firefox/115.0"
203.0.113.18 - - [15/May/2024:07:16:11 +0700] "DELETE / HTTP/1.1" 200 11281 "-" "Mozilla/5.0 (X11; Linux x86_64; rv:109.0) Gecko/20100101 Firefox/115.0"
203.0.113.17 - - [15/May/2024:07:17:27 +0700] "GET /api/v1/users HTTP/1.1" 200 23026 "-" "Mozilla/5.0 (Windows NT 10.0; Win64; x64) AppleWebKit/537.36"
203.0.113.17 - - [15/May/2024:07:17:39 +0700] "PUT / HTTP/1.1" 200 48186 "-" "Mozilla/5.0 (Windows NT 10.0; Win64; x64) AppleWebKit/537.36"
203.0.113.33 - - [15/May/2024:07:18:31 +0700] "GET /login HTTP/1.1" 200 45043 "-" "Go-http-client/1.1"
203.0.113.31 - - [15/May/2024:07:18:58 +0700] "GET / HTTP/1.1" 404 115 "-" "Mozilla/5.0 (X11; Linux x86_64; rv:109.0) Gecko/20100101 Firefox/115.0"
203.0.113.20 - - [15/May/2024:07:19:12 +0700] "GET /index.html HTTP/1.1" 200 6604 "-" "Mozilla/5.0 (Windows NT 10.0; Win64; x64) AppleWebKit/537.36"
203.0.113.12 - - [15/May/2024:07:19:33 +0700] "GET /api/v1/products HTTP/1.1" 404 158 "-" "curl/7.88.1"
198.51.100.77 - - [15/May/2024:07:19:39 +0700] "GET /dashboard HTTP/1.1" 200 42166 "-" "Nikto/2.1.6"
203.0.113.18 - - [15/May/2024:07:20:13 +0700] "POST /api/v1/orders HTTP/1.1" 200 13867 "-" "Mozilla/5.0 (X11; Linux x86_64; rv:109.0) Gecko/20100101 Firefox/115.0"
203.0.113.24 - - [15/May/2024:07:20:21 +0700] "DELETE /index.html HTTP/1.1" 200 34944 "-" "Go-http-client/1.1"
198.51.100.13 - - [15/May/2024:07:20:28 +0700] "POST /robots.txt HTTP/1.1" 404 155 "-" "Mozilla/5.0 (compatible; BadBot/1.0)"
198.51.100.77 - - [15/May/2024:07:20:33 +0700] "GET /index.html HTTP/1.1" 200 44218 "-" "gobuster/3.6"
203.0.113.14 - - [15/May/2024:07:21:13 +0700] "GET /api/v1/orders HTTP/1.1" 200 41495 "-" "Mozilla/5.0 (Windows NT 10.0; Win64; x64) AppleWebKit/537.36"
203.0.113.26 - - [15/May/2024:07:21:15 +0700] "GET /robots.txt HTTP/1.1" 200 30674 "-" "curl/7.88.1"
203.0.113.15 - - [15/May/2024:07:21:51 +0700] "GET /static/main.js HTTP/1.1" 200 38020 "-" "Mozilla/5.0 (Macintosh; Intel Mac OS X 10_15_7) AppleWebKit/537.36"
203.0.113.35 - - [15/May/2024:07:22:11 +0700] "GET /static/style.css HTTP/1.1" 200 5602 "-" "Wget/1.21.4 (linux-gnu)"
203.0.113.12 - - [15/May/2024:07:24:06 +0700] "GET /api/v1/orders HTTP/1.1" 200 15033 "-" "Mozilla/5.0 (Windows NT 10.0; Win64; x64) AppleWebKit/537.36"
203.0.113.5 - - [15/May/2024:07:24:33 +0700] "GET /api/v1/users HTTP/1.1" 200 16949 "-" "Wget/1.21.4 (linux-gnu)"
203.0.113.10 - - [15/May/2024:07:24:54 +0700] "POST /static/style.css HTTP/1.1" 200 28462 "-" "Wget/1.21.4 (linux-gnu)"
203.0.113.34 - - [15/May/2024:07:24:57 +0700] "PUT /static/style.css HTTP/1.1" 404 254 "-" "python-requests/2.31.0"
203.0.113.5 - - [15/May/2024:07:26:05 +0700] "POST /dashboard HTTP/1.1" 200 46338 "-" "Mozilla/5.0 (Macintosh; Intel Mac OS X 10_15_7) AppleWebKit/537.36"
203.0.113.13 - - [15/May/2024:07:26:20 +0700] "GET /dashboard HTTP/1.1" 200 26219 "-" "Mozilla/5.0 (Macintosh; Intel Mac OS X 10_15_7) AppleWebKit/537.36"
203.0.113.26 - - [15/May/2024:07:26:46 +0700] "GET /health HTTP/1.1" 200 34391 "-" "Mozilla/5.0 (Macintosh; Intel Mac OS X 10_15_7) AppleWebKit/537.36"
203.0.113.20 - - [15/May/2024:07:27:04 +0700] "GET /static/main.js HTTP/1.1" 200 20842 "-" "Mozilla/5.0 (Macintosh; Intel Mac OS X 10_15_7) AppleWebKit/537.36"
203.0.113.4 - - [15/May/2024:07:27:14 +0700] "GET /api/v1/orders HTTP/1.1" 200 15039 "-" "Wget/1.21.4 (linux-gnu)"
203.0.113.32 - - [15/May/2024:07:27:26 +0700] "GET /robots.txt HTTP/1.1" 200 8510 "-" "Wget/1.21.4 (linux-gnu)"
203.0.113.35 - - [15/May/2024:07:27:53 +0700] "POST /logout HTTP/1.1" 500 172 "-" "Go-http-client/1.1"
203.0.113.12 - - [15/May/2024:07:28:10 +0700] "GET /login HTTP/1.1" 200 1568 "-" "curl/7.88.1"
203.0.113.35 - - [15/May/2024:07:28:21 +0700] "GET /logout HTTP/1.1" 200 28460 "-" "Mozilla/5.0 (Windows NT 10.0; Win64; x64) AppleWebKit/537.36"
203.0.113.18 - - [15/May/2024:07:28:27 +0700] "POST /api/v1/products HTTP/1.1" 200 41374 "-" "Wget/1.21.4 (linux-gnu)"
203.0.113.20 - - [15/May/2024:07:28:33 +0700] "GET /login HTTP/1.1" 200 43330 "-" "Wget/1.21.4 (linux-gnu)"
203.0.113.21 - - [15/May/2024:07:28:45 +0700] "PUT /login HTTP/1.1" 200 11131 "-" "Go-http-client/1.1"
203.0.113.36 - - [15/May/2024:07:28:55 +0700] "GET /login HTTP/1.1" 304 299 "-" "curl/7.88.1"
203.0.113.11 - - [15/May/2024:07:29:13 +0700] "GET /index.html HTTP/1.1" 301 291 "-" "Mozilla/5.0 (Windows NT 10.0; Win64; x64) AppleWebKit/537.36"
203.0.113.18 - - [15/May/2024:07:29:20 +0700] "POST /api/v1/orders HTTP/1.1" 200 48643 "-" "curl/7.88.1"
203.0.113.34 - - [15/May/2024:07:29:46 +0700] "HEAD /static/style.css HTTP/1.1" 200 48489 "-" "Go-http-client/1.1"
198.51.100.77 - - [15/May/2024:07:31:11 +0700] "GET /dashboard HTTP/1.1" 200 39208 "-" "masscan/1.3.2"
203.0.113.23 - - [15/May/2024:07:31:29 +0700] "GET /index.html HTTP/1.1" 200 35435 "-" "Go-http-client/1.1"
203.0.113.26 - - [15/May/2024:07:32:16 +0700] "DELETE / HTTP/1.1" 200 28087 "-" "Mozilla/5.0 (Windows NT 10.0; Win64; x64) AppleWebKit/537.36"
203.0.113.25 - - [15/May/2024:07:32:20 +0700] "GET /api/v1/products HTTP/1.1" 200 39327 "-" "Mozilla/5.0 (Macintosh; Intel Mac OS X 10_15_7) AppleWebKit/537.36"
198.51.100.77 - - [15/May/2024:07:32:22 +0700] "GET /logout HTTP/1.1" 200 29172 "-" "wfuzz/3.1.0"
198.51.100.77 - - [15/May/2024:07:32:39 +0700] "GET /api/v1/products HTTP/1.1" 200 48829 "-" "dirbuster/1.0-RC1"
203.0.113.35 - - [15/May/2024:07:32:52 +0700] "GET /dashboard HTTP/1.1" 200 8643 "-" "Mozilla/5.0 (Macintosh; Intel Mac OS X 10_15_7) AppleWebKit/537.36"
198.51.100.77 - - [15/May/2024:07:33:37 +0700] "GET /api/v1/orders HTTP/1.1" 200 41026 "-" "masscan/1.3.2"
203.0.113.18 - - [15/May/2024:07:33:43 +0700] "POST /static/main.js HTTP/1.1" 200 6166 "-" "curl/7.88.1"
203.0.113.13 - - [15/May/2024:07:33:50 +0700] "GET /health HTTP/1.1" 200 17746 "-" "Mozilla/5.0 (Macintosh; Intel Mac OS X 10_15_7) AppleWebKit/537.36"
203.0.113.21 - - [15/May/2024:07:34:00 +0700] "GET /health HTTP/1.1" 404 157 "-" "python-requests/2.31.0"
203.0.113.38 - - [15/May/2024:07:34:15 +0700] "POST /api/v1/orders HTTP/1.1" 200 38002 "-" "Mozilla/5.0 (X11; Linux x86_64; rv:109.0) Gecko/20100101 Firefox/115.0"
203.0.113.39 - - [15/May/2024:07:34:17 +0700] "GET /health HTTP/1.1" 200 21920 "-" "Wget/1.21.4 (linux-gnu)"
198.51.100.13 - - [15/May/2024:07:34:18 +0700] "POST /static/style.css HTTP/1.1" 404 196 "-" "Mozilla/5.0 (compatible; BadBot/1.0)"
203.0.113.4 - - [15/May/2024:07:34:47 +0700] "GET /robots.txt HTTP/1.1" 304 150 "-" "Mozilla/5.0 (X11; Linux x86_64; rv:109.0) Gecko/20100101 Firefox/115.0"
203.0.113.21 - - [15/May/2024:07:34:48 +0700] "GET / HTTP/1.1" 200 44591 "-" "Go-http-client/1.1"
203.0.113.31 - - [15/May/2024:07:35:42 +0700] "PUT /health HTTP/1.1" 200 33861 "-" "Mozilla/5.0 (Windows NT 10.0; Win64; x64) AppleWebKit/537.36"
198.51.100.13 - - [15/May/2024:07:35:42 +0700] "POST /logout HTTP/1.1" 403 112 "-" "Mozilla/5.0 (compatible; BadBot/1.0)"
198.51.100.13 - - [15/May/2024:07:36:35 +0700] "POST /dashboard HTTP/1.1" 401 109 "-" "Mozilla/5.0 (compatible; BadBot/1.0)"
203.0.113.33 - - [15/May/2024:07:37:10 +0700] "PUT /health HTTP/1.1" 404 204 "-" "curl/7.88.1"
203.0.113.6 - - [15/May/2024:07:38:32 +0700] "GET /robots.txt HTTP/1.1" 200 45078 "-" "Mozilla/5.0 (X11; Linux x86_64; rv:109.0) Gecko/20100101 Firefox/115.0"
203.0.113.17 - - [15/May/2024:07:38:41 +0700] "GET /static/main.js HTTP/1.1" 200 32538 "-" "Mozilla/5.0 (Macintosh; Intel Mac OS X 10_15_7) AppleWebKit/537.36"
203.0.113.9 - - [15/May/2024:07:38:42 +0700] "GET /logout HTTP/1.1" 404 65 "-" "python-requests/2.31.0"
203.0.113.23 - - [15/May/2024:07:39:02 +0700] "GET /logout HTTP/1.1" 200 5581 "-" "Mozilla/5.0 (Macintosh; Intel Mac OS X 10_15_7) AppleWebKit/537.36"
203.0.113.37 - - [15/May/2024:07:39:10 +0700] "POST /health HTTP/1.1" 200 19198 "-" "Go-http-client/1.1"
203.0.113.17 - - [15/May/2024:07:39:16 +0700] "GET /dashboard HTTP/1.1" 200 21698 "-" "python-requests/2.31.0"
198.51.100.77 - - [15/May/2024:07:39:23 +0700] "GET /static/main.js HTTP/1.1" 200 31150 "-" "nuclei/2.9.14"
203.0.113.6 - - [15/May/2024:07:39:43 +0700] "GET /dashboard HTTP/1.1" 200 41804 "-" "python-requests/2.31.0"
203.0.113.25 - - [15/May/2024:07:40:57 +0700] "POST / HTTP/1.1" 200 41626 "-" "Wget/1.21.4 (linux-gnu)"
203.0.113.31 - - [15/May/2024:07:41:43 +0700] "GET /dashboard HTTP/1.1" 200 43534 "-" "Go-http-client/1.1"
198.51.100.77 - - [15/May/2024:07:42:15 +0700] "GET /static/main.js HTTP/1.1" 200 44619 "-" "ZAP/2.14.0"
203.0.113.35 - - [15/May/2024:07:42:16 +0700] "GET /api/v1/orders HTTP/1.1" 304 257 "-" "Go-http-client/1.1"
203.0.113.23 - - [15/May/2024:07:42:53 +0700] "GET /api/v1/orders HTTP/1.1" 200 34932 "-" "Go-http-client/1.1"
203.0.113.23 - - [15/May/2024:07:43:11 +0700] "GET /index.html HTTP/1.1" 200 11305 "-" "curl/7.88.1"
203.0.113.21 - - [15/May/2024:07:43:17 +0700] "GET /logout HTTP/1.1" 200 32203 "-" "Mozilla/5.0 (X11; Linux x86_64; rv:109.0) Gecko/20100101 Firefox/115.0"
203.0.113.1 - - [15/May/2024:07:43:46 +0700] "POST /api/v1/users HTTP/1.1" 200 22776 "-" "Mozilla/5.0 (Macintosh; Intel Mac OS X 10_15_7) AppleWebKit/537.36"
203.0.113.26 - - [15/May/2024:07:43:57 +0700] "PUT /health HTTP/1.1" 200 3376 "-" "Wget/1.21.4 (linux-gnu)"
203.0.113.13 - - [15/May/2024:07:44:00 +0700] "PUT /health HTTP/1.1" 301 318 "-" "curl/7.88.1"
203.0.113.30 - - [15/May/2024:07:44:11 +0700] "PUT /api/v1/orders HTTP/1.1" 200 5155 "-" "Go-http-client/1.1"
203.0.113.10 - - [15/May/2024:07:44:12 +0700] "GET /static/style.css HTTP/1.1" 200 9724 "-" "Wget/1.21.4 (linux-gnu)"
203.0.113.10 - - [15/May/2024:07:44:14 +0700] "GET / HTTP/1.1" 200 37761 "-" "Mozilla/5.0 (X11; Linux x86_64; rv:109.0) Gecko/20100101 Firefox/115.0"
203.0.113.15 - - [15/May/2024:07:44:54 +0700] "DELETE /api/v1/users HTTP/1.1" 200 45815 "-" "curl/7.88.1"
203.0.113.16 - - [15/May/2024:07:45:07 +0700] "GET /login HTTP/1.1" 404 250 "-" "curl/7.88.1"
198.51.100.13 - - [15/May/2024:07:45:29 +0700] "POST /api/v1/orders HTTP/1.1" 401 135 "-" "Mozilla/5.0 (compatible; BadBot/1.0)"
203.0.113.23 - - [15/May/2024:07:46:23 +0700] "GET /api/v1/users HTTP/1.1" 200 2064 "-" "python-requests/2.31.0"
198.51.100.13 - - [15/May/2024:07:47:11 +0700] "POST / HTTP/1.1" 200 12408 "-" "Mozilla/5.0 (compatible; BadBot/1.0)"
203.0.113.20 - - [15/May/2024:07:47:15 +0700] "HEAD /health HTTP/1.1" 404 180 "-" "Mozilla/5.0 (X11; Linux x86_64; rv:109.0) Gecko/20100101 Firefox/115.0"
203.0.113.3 - - [15/May/2024:07:47:17 +0700] "GET /api/v1/orders HTTP/1.1" 200 35963 "-" "Mozilla/5.0 (X11; Linux x86_64; rv:109.0) Gecko/20100101 Firefox/115.0"
203.0.113.36 - - [15/May/2024:07:48:57 +0700] "GET /api/v1/orders HTTP/1.1" 200 10811 "-" "Wget/1.21.4 (linux-gnu)"
203.0.113.8 - - [15/May/2024:07:50:09 +0700] "GET /logout HTTP/1.1" 200 29905 "-" "curl/7.88.1"
203.0.113.13 - - [15/May/2024:07:50:54 +0700] "GET / HTTP/1.1" 304 297 "-" "Mozilla/5.0 (X11; Linux x86_64; rv:109.0) Gecko/20100101 Firefox/115.0"
203.0.113.7 - - [15/May/2024:07:51:34 +0700] "GET /index.html HTTP/1.1" 200 22838 "-" "curl/7.88.1"
203.0.113.1 - - [15/May/2024:07:51:36 +0700] "POST /dashboard HTTP/1.1" 404 133 "-" "Wget/1.21.4 (linux-gnu)"
203.0.113.33 - - [15/May/2024:07:51:42 +0700] "HEAD /logout HTTP/1.1" 200 43231 "-" "Mozilla/5.0 (Windows NT 10.0; Win64; x64) AppleWebKit/537.36"
203.0.113.28 - - [15/May/2024:07:52:27 +0700] "GET /static/main.js HTTP/1.1" 200 36884 "-" "Mozilla/5.0 (X11; Linux x86_64; rv:109.0) Gecko/20100101 Firefox/115.0"
203.0.113.20 - - [15/May/2024:07:52:29 +0700] "GET /static/style.css HTTP/1.1" 200 37123 "-" "Mozilla/5.0 (Macintosh; Intel Mac OS X 10_15_7) AppleWebKit/537.36"
198.51.100.77 - - [15/May/2024:07:52:32 +0700] "GET /api/v1/orders HTTP/1.1" 200 36339 "-" "masscan/1.3.2"
203.0.113.15 - - [15/May/2024:07:54:10 +0700] "POST /api/v1/users HTTP/1.1" 200 23770 "-" "Go-http-client/1.1"
203.0.113.9 - - [15/May/2024:07:54:33 +0700] "POST /health HTTP/1.1" 200 16076 "-" "Mozilla/5.0 (Macintosh; Intel Mac OS X 10_15_7) AppleWebKit/537.36"
198.51.100.13 - - [15/May/2024:07:54:33 +0700] "POST /dashboard HTTP/1.1" 200 28435 "-" "Mozilla/5.0 (compatible; BadBot/1.0)"
203.0.113.11 - - [15/May/2024:07:55:12 +0700] "POST /index.html HTTP/1.1" 404 112 "-" "Mozilla/5.0 (Macintosh; Intel Mac OS X 10_15_7) AppleWebKit/537.36"
203.0.113.12 - - [15/May/2024:07:55:20 +0700] "POST /index.html HTTP/1.1" 301 133 "-" "Mozilla/5.0 (Windows NT 10.0; Win64; x64) AppleWebKit/537.36"
198.51.100.13 - - [15/May/2024:07:55:38 +0700] "POST /api/secret HTTP/1.1" 403 76 "-" "Mozilla/5.0 (compatible; BadBot/1.0)"
203.0.113.22 - - [15/May/2024:07:56:35 +0700] "POST /api/v1/users HTTP/1.1" 200 34894 "-" "Mozilla/5.0 (Windows NT 10.0; Win64; x64) AppleWebKit/537.36"
203.0.113.8 - - [15/May/2024:07:56:44 +0700] "PUT /health HTTP/1.1" 200 31876 "-" "curl/7.88.1"
203.0.113.10 - - [15/May/2024:07:56:46 +0700] "GET /static/main.js HTTP/1.1" 200 12990 "-" "python-requests/2.31.0"
203.0.113.20 - - [15/May/2024:07:57:00 +0700] "GET /login HTTP/1.1" 200 43097 "-" "Mozilla/5.0 (X11; Linux x86_64; rv:109.0) Gecko/20100101 Firefox/115.0"
203.0.113.13 - - [15/May/2024:07:57:55 +0700] "HEAD /logout HTTP/1.1" 200 1469 "-" "curl/7.88.1"
203.0.113.7 - - [15/May/2024:07:58:25 +0700] "GET /robots.txt HTTP/1.1" 200 1983 "-" "Mozilla/5.0 (Macintosh; Intel Mac OS X 10_15_7) AppleWebKit/537.36"
203.0.113.39 - - [15/May/2024:07:58:47 +0700] "GET /static/style.css HTTP/1.1" 200 27422 "-" "curl/7.88.1"
203.0.113.11 - - [15/May/2024:07:59:10 +0700] "PUT / HTTP/1.1" 200 40353 "-" "Mozilla/5.0 (X11; Linux x86_64; rv:109.0) Gecko/20100101 Firefox/115.0"
203.0.113.39 - - [15/May/2024:08:00:02 +0700] "GET /api/v1/products HTTP/1.1" 200 5013 "-" "curl/7.88.1"
203.0.113.9 - - [15/May/2024:08:00:04 +0700] "GET /api/v1/orders HTTP/1.1" 200 23458 "-" "python-requests/2.31.0"
203.0.113.34 - - [15/May/2024:08:00:06 +0700] "GET / HTTP/1.1" 200 49716 "-" "python-requests/2.31.0"
203.0.113.37 - - [15/May/2024:08:00:10 +0700] "GET /robots.txt HTTP/1.1" 200 11639 "-" "Go-http-client/1.1"
203.0.113.11 - - [15/May/2024:08:00:34 +0700] "POST /api/v1/orders HTTP/1.1" 200 39381 "-" "Mozilla/5.0 (X11; Linux x86_64; rv:109.0) Gecko/20100101 Firefox/115.0"
198.51.100.77 - - [15/May/2024:08:01:42 +0700] "GET /api/v1/users HTTP/1.1" 200 26643 "-" "sqlmap/1.7.8#stable"
