198.51.100.99 - - [15/May/2024:03:16:21 +0700] "GET /api/v1/users HTTP/1.1" 200 4200 "-" "python-requests/2.31.0"
198.51.100.99 - - [15/May/2024:03:16:21 +0700] "GET /api/v1/users HTTP/1.1" 200 4200 "-" "python-requests/2.31.0"
198.51.100.99 - - [15/May/2024:03:16:22 +0700] "GET /api/v1/users HTTP/1.1" 200 4200 "-" "python-requests/2.31.0"
198.51.100.99 - - [15/May/2024:03:16:22 +0700] "GET /api/v1/users HTTP/1.1" 200 4200 "-" "python-requests/2.31.0"
198.51.100.99 - - [15/May/2024:03:16:22 +0700] "GET /api/v1/users HTTP/1.1" 200 4200 "-" "python-requests/2.31.0"
198.51.100.99 - - [15/May/2024:03:16:22 +0700] "GET /api/v1/users HTTP/1.1" 200 4200 "-" "python-requests/2.31.0"
198.51.100.99 - - [15/May/2024:03:16:22 +0700] "GET /api/v1/users HTTP/1.1" 200 4200 "-" "python-requests/2.31.0"
198.51.100.99 - - [15/May/2024:03:16:22 +0700] "GET /api/v1/users HTTP/1.1" 200 4200 "-" "python-requests/2.31.0"
198.51.100.99 - - [15/May/2024:03:16:22 +0700] "GET /api/v1/users HTTP/1.1" 200 4200 "-" "python-requests/2.31.0"
198.51.100.99 - - [15/May/2024:03:16:22 +0700] "GET /api/v1/users HTTP/1.1" 200 4200 "-" "python-requests/2.31.0"
198.51.100.99 - - [15/May/2024:03:16:23 +0700] "GET /api/v1/users HTTP/1.1" 200 4200 "-" "python-requests/2.31.0"
198.51.100.99 - - [15/May/2024:03:16:23 +0700] "GET /api/v1/users HTTP/1.1" 200 4200 "-" "python-requests/2.31.0"
198.51.100.99 - - [15/May/2024:03:16:23 +0700] "GET /api/v1/users HTTP/1.1" 200 4200 "-" "python-requests/2.31.0"
198.51.100.99 - - [15/May/2024:03:16:23 +0700] "GET /api/v1/users HTTP/1.1" 200 4200 "-" "python-requests/2.31.0"
198.51.100.99 - - [15/May/2024:03:16:23 +0700] "GET /api/v1/users HTTP/1.1" 200 4200 "-" "python-requests/2.31.0"
198.51.100.99 - - [15/May/2024:03:16:23 +0700] "GET /api/v1/users HTTP/1.1" 200 4200 "-" "python-requests/2.31.0"
198.51.100.99 - - [15/May/2024:03:16:23 +0700] "GET /api/v1/users HTTP/1.1" 200 4200 "-" "python-requests/2.31.0"
198.51.100.99 - - [15/May/2024:03:16:23 +0700] "GET /api/v1/users HTTP/1.1" 200 4200 "-" "python-requests/2.31.0"
198.51.100.99 - - [15/May/2024:03:16:23 +0700] "GET /api/v1/users HTTP/1.1" 200 4200 "-" "python-requests/2.31.0"
198.51.100.99 - - [15/May/2024:03:16:23 +0700] "GET /api/v1/users HTTP/1.1" 200 4200 "-" "python-requests/2.31.0"
198.51.100.99 - - [15/May/2024:03:16:23 +0700] "GET /api/v1/users HTTP/1.1" 200 4200 "-" "python-requests/2.31.0"
198.51.100.99 - - [15/May/2024:03:16:24 +0700] "GET /api/v1/users HTTP/1.1" 200 4200 "-" "python-requests/2.31.0"
198.51.100.99 - - [15/May/2024:03:16:24 +0700] "GET /api/v1/users HTTP/1.1" 200 4200 "-" "python-requests/2.31.0"
198.51.100.99 - - [15/May/2024:03:16:24 +0700] "GET /api/v1/users HTTP/1.1" 200 4200 "-" "python-requests/2.31.0"
198.51.100.99 - - [15/May/2024:03:16:24 +0700] "GET /api/v1/users HTTP/1.1" 200 4200 "-" "python-requests/2.31.0"
198.51.100.99 - - [15/May/2024:03:16:24 +0700] "GET /api/v1/users HTTP/1.1" 200 4200 "-" "python-requests/2.31.0"
198.51.100.99 - - [15/May/2024:03:16:24 +0700] "GET /api/v1/users HTTP/1.1" 200 4200 "-" "python-requests/2.31.0"
198.51.100.99 - - [15/May/2024:03:16:25 +0700] "GET /api/v1/users HTTP/1.1" 200 4200 "-" "python-requests/2.31.0"
198.51.100.99 - - [15/May/2024:03:16:25 +0700] "GET /api/v1/users HTTP/1.1" 200 4200 "-" "python-requests/2.31.0"
198.51.100.99 - - [15/May/2024:03:16:25 +0700] "GET /api/v1/users HTTP/1.1" 200 4200 "-" "python-requests/2.31.0"
198.51.100.99 - - [15/May/2024:03:16:25 +0700] "GET /api/v1/users HTTP/1.1" 200 4200 "-" "python-requests/2.31.0"
198.51.100.99 - - [15/May/2024:03:16:25 +0700] "GET /api/v1/users HTTP/1.1" 200 4200 "-" "python-requests/2.31.0"
198.51.100.99 - - [15/May/2024:03:16:25 +0700] "GET /api/v1/users HTTP/1.1" 200 4200 "-" "python-requests/2.31.0"
198.51.100.99 - - [15/May/2024:03:16:25 +0700] "GET /api/v1/users HTTP/1.1" 200 4200 "-" "python-requests/2.31.0"
198.51.100.99 - - [15/May/2024:03:16:25 +0700] "GET /api/v1/users HTTP/1.1" 200 4200 "-" "python-requests/2.31.0"
198.51.100.99 - - [15/May/2024:03:16:26 +0700] "GET /api/v1/users HTTP/1.1" 200 4200 "-" "python-requests/2.31.0"
198.51.100.99 - - [15/May/2024:03:16:26 +0700] "GET /api/v1/users HTTP/1.1" 200 4200 "-" "python-requests/2.31.0"
198.51.100.99 - - [15/May/2024:03:16:26 +0700] "GET /api/v1/users HTTP/1.1" 200 4200 "-" "python-requests/2.31.0"
198.51.100.99 - - [15/May/2024:03:16:26 +0700] "GET /api/v1/users HTTP/1.1" 200 4200 "-" "python-requests/2.31.0"
198.51.100.99 - - [15/May/2024:03:16:26 +0700] "GET /api/v1/users HTTP/1.1" 200 4200 "-" "python-requests/2.31.0"
198.51.100.99 - - [15/May/2024:03:16:26 +0700] "GET /api/v1/users HTTP/1.1" 200 4200 "-" "python-requests/2.31.0"
198.51.100.99 - - [15/May/2024:03:16:26 +0700] "GET /api/v1/users HTTP/1.1" 200 4200 "-" "python-requests/2.31.0"
198.51.100.99 - - [15/May/2024:03:16:26 +0700] "GET /api/v1/users HTTP/1.1" 200 4200 "-" "python-requests/2.31.0"
198.51.100.99 - - [15/May/2024:03:16:27 +0700] "GET /api/v1/users HTTP/1.1" 200 4200 "-" "python-requests/2.31.0"
198.51.100.99 - - [15/May/2024:03:16:27 +0700] "GET /api/v1/users HTTP/1.1" 200 4200 "-" "python-requests/2.31.0"
198.51.100.99 - - [15/May/2024:03:16:27 +0700] "GET /api/v1/users HTTP/1.1" 200 4200 "-" "python-requests/2.31.0"
198.51.100.99 - - [15/May/2024:03:16:27 +0700] "GET /api/v1/users HTTP/1.1" 200 4200 "-" "python-requests/2.31.0"
198.51.100.99 - - [15/May/2024:03:16:27 +0700] "GET /api/v1/users HTTP/1.1" 200 4200 "-" "python-requests/2.31.0"
198.51.100.99 - - [15/May/2024:03:16:28 +0700] "GET /api/v1/users HTTP/1.1" 200 4200 "-" "python-requests/2.31.0"
198.51.100.99 - - [15/May/2024:03:16:28 +0700] "GET /api/v1/users HTTP/1.1" 200 4200 "-" "python-requests/2.31.0"
198.51.100.99 - - [15/May/2024:03:16:28 +0700] "GET /api/v1/users HTTP/1.1" 200 4200 "-" "python-requests/2.31.0"
198.51.100.99 - - [15/May/2024:03:16:28 +0700] "GET /api/v1/users HTTP/1.1" 200 4200 "-" "python-requests/2.31.0"
198.51.100.99 - - [15/May/2024:03:16:28 +0700] "GET /api/v1/users HTTP/1.1" 200 4200 "-" "python-requests/2.31.0"
198.51.100.99 - - [15/May/2024:03:16:28 +0700] "GET /api/v1/users HTTP/1.1" 200 4200 "-" "python-requests/2.31.0"
198.51.100.99 - - [15/May/2024:03:16:28 +0700] "GET /api/v1/users HTTP/1.1" 200 4200 "-" "python-requests/2.31.0"
198.51.100.99 - - [15/May/2024:03:16:28 +0700] "GET /api/v1/users HTTP/1.1" 200 4200 "-" "python-requests/2.31.0"
198.51.100.99 - - [15/May/2024:03:16:28 +0700] "GET /api/v1/users HTTP/1.1" 200 4200 "-" "python-requests/2.31.0"
198.51.100.99 - - [15/May/2024:03:16:28 +0700] "GET /api/v1/users HTTP/1.1" 200 4200 "-" "python-requests/2.31.0"
198.51.100.99 - - [15/May/2024:03:16:28 +0700] "GET /api/v1/users HTTP/1.1" 200 4200 "-" "python-requests/2.31.0"
198.51.100.99 - - [15/May/2024:03:16:28 +0700] "GET /api/v1/users HTTP/1.1" 200 4200 "-" "python-requests/2.31.0"
198.51.100.99 - - [15/May/2024:03:16:28 +0700] "GET /api/v1/users HTTP/1.1" 200 4200 "-" "python-requests/2.31.0"
198.51.100.99 - - [15/May/2024:03:16:29 +0700] "GET /api/v1/users HTTP/1.1" 200 4200 "-" "python-requests/2.31.0"
198.51.100.99 - - [15/May/2024:03:16:29 +0700] "GET /api/v1/users HTTP/1.1" 200 4200 "-" "python-requests/2.31.0"
198.51.100.99 - - [15/May/2024:03:16:29 +0700] "GET /api/v1/users HTTP/1.1" 200 4200 "-" "python-requests/2.31.0"
198.51.100.99 - - [15/May/2024:03:16:29 +0700] "GET /api/v1/users HTTP/1.1" 200 4200 "-" "python-requests/2.31.0"
198.51.100.99 - - [15/May/2024:03:16:29 +0700] "GET /api/v1/users HTTP/1.1" 200 4200 "-" "python-requests/2.31.0"
198.51.100.99 - - [15/May/2024:03:16:29 +0700] "GET /api/v1/users HTTP/1.1" 200 4200 "-" "python-requests/2.31.0"
198.51.100.99 - - [15/May/2024:03:16:29 +0700] "GET /api/v1/users HTTP/1.1" 200 4200 "-" "python-requests/2.31.0"
198.51.100.99 - - [15/May/2024:03:16:29 +0700] "GET /api/v1/users HTTP/1.1" 200 4200 "-" "python-requests/2.31.0"
198.51.100.99 - - [15/May/2024:03:16:29 +0700] "GET /api/v1/users HTTP/1.1" 200 4200 "-" "python-requests/2.31.0"
198.51.100.99 - - [15/May/2024:03:16:29 +0700] "GET /api/v1/users HTTP/1.1" 200 4200 "-" "python-requests/2.31.0"
203.0.113.31 - - [15/May/2024:03:16:46 +0700] "GET /robots.txt HTTP/1.1" 200 13470 "-" "Go-http-client/1.1"
203.0.113.17 - - [15/May/2024:03:17:09 +0700] "GET /index.html HTTP/1.1" 200 21474 "-" "Wget/1.21.4 (linux-gnu)"
203.0.113.6 - - [15/May/2024:03:17:18 +0700] "GET /index.html HTTP/1.1" 200 20798 "-" "Mozilla/5.0 (X11; Linux x86_64; rv:109.0) Gecko/20100101 Firefox/115.0"
203.0.113.25 - - [15/May/2024:03:17:51 +0700] "GET /login HTTP/1.1" 200 14639 "-" "Mozilla/5.0 (Macintosh; Intel Mac OS X 10_15_7) AppleWebKit/537.36"
203.0.113.28 - - [15/May/2024:03:18:05 +0700] "GET /health HTTP/1.1" 200 44518 "-" "python-requests/2.31.0"
203.0.113.30 - - [15/May/2024:03:18:12 +0700] "PUT /logout HTTP/1.1" 200 41426 "-" "Go-http-client/1.1"
198.51.100.77 - - [15/May/2024:03:18:14 +0700] "GET /dashboard HTTP/1.1" 200 47103 "-" "dirbuster/1.0-RC1"
198.51.100.77 - - [15/May/2024:03:18:40 +0700] "GET /health HTTP/1.1" 200 12897 "-" "masscan/1.3.2"
198.51.100.55 - - [15/May/2024:03:18:44 +0700] "GET /health HTTP/1.1" 200 12682 "-" "Mozilla/5.0 (Windows NT 10.0; Win64; x64) AppleWebKit/537.36"
203.0.113.9 - - [15/May/2024:03:19:07 +0700] "POST /robots.txt HTTP/1.1" 200 15547 "-" "Mozilla/5.0 (X11; Linux x86_64; rv:109.0) Gecko/20100101 Firefox/115.0"
203.0.113.24 - - [15/May/2024:03:19:39 +0700] "HEAD /api/v1/products HTTP/1.1" 301 370 "-" "curl/7.88.1"
203.0.113.30 - - [15/May/2024:03:20:00 +0700] "GET /index.html HTTP/1.1" 200 11937 "-" "curl/7.88.1"
198.51.100.55 - - [15/May/2024:03:20:17 +0700] "GET /logout HTTP/1.1" 200 3825 "-" "Mozilla/5.0 (Windows NT 10.0; Win64; x64) AppleWebKit/537.36"
203.0.113.35 - - [15/May/2024:03:20:22 +0700] "PUT /dashboard HTTP/1.1" 200 36167 "-" "Go-http-client/1.1"
203.0.113.1 - - [15/May/2024:03:20:55 +0700] "GET /static/main.js HTTP/1.1" 200 9742 "-" "curl/7.88.1"
203.0.113.30 - - [15/May/2024:03:21:01 +0700] "GET /static/main.js HTTP/1.1" 200 29751 "-" "python-requests/2.31.0"
203.0.113.10 - - [15/May/2024:03:21:32 +0700] "GET /static/style.css HTTP/1.1" 200 4375 "-" "curl/7.88.1"
198.51.100.55 - - [15/May/2024:03:21:38 +0700] "GET /dashboard HTTP/1.1" 200 27836 "-" "Mozilla/5.0 (Windows NT 10.0; Win64; x64) AppleWebKit/537.36"
203.0.113.1 - - [15/May/2024:03:21:40 +0700] "HEAD /static/main.js HTTP/1.1" 200 3746 "-" "Mozilla/5.0 (X11; Linux x86_64; rv:109.0) Gecko/20100101 Firefox/115.0"
203.0.113.6 - - [15/May/2024:03:22:39 +0700] "DELETE /api/v1/orders HTTP/1.1" 200 31231 "-" "Mozilla/5.0 (X11; Linux x86_64; rv:109.0) Gecko/20100101 Firefox/115.0"
203.0.113.4 - - [15/May/2024:03:22:47 +0700] "HEAD /health HTTP/1.1" 200 20934 "-" "Mozilla/5.0 (Windows NT 10.0; Win64; x64) AppleWebKit/537.36"
198.51.100.77 - - [15/May/2024:03:22:56 +0700] "GET /logout HTTP/1.1" 200 3817 "-" "wfuzz/3.1.0"
203.0.113.26 - - [15/May/2024:03:23:00 +0700] "POST /robots.txt HTTP/1.1" 200 21490 "-" "python-requests/2.31.0"
203.0.113.5 - - [15/May/2024:03:23:11 +0700] "GET /robots.txt HTTP/1.1" 404 261 "-" "curl/7.88.1"
203.0.113.13 - - [15/May/2024:03:23:30 +0700] "PUT /index.html HTTP/1.1" 200 34717 "-" "python-requests/2.31.0"
203.0.113.5 - - [15/May/2024:03:23:44 +0700] "GET /login HTTP/1.1" 200 1562 "-" "python-requests/2.31.0"
198.51.100.55 - - [15/May/2024:03:24:03 +0700] "GET /static/style.css HTTP/1.1" 200 44536 "-" "Mozilla/5.0 (Windows NT 10.0; Win64; x64) AppleWebKit/537.36"
198.51.100.77 - - [15/May/2024:03:24:29 +0700] "GET /dashboard HTTP/1.1" 200 9651 "-" "ZAP/2.14.0"
198.51.100.13 - - [15/May/2024:03:25:01 +0700] "POST /api/v1/users HTTP/1.1" 200 22642 "-" "Mozilla/5.0 (compatible; BadBot/1.0)"
203.0.113.21 - - [15/May/2024:03:25:10 +0700] "GET /index.html HTTP/1.1" 200 43910 "-" "python-requests/2.31.0"
198.51.100.55 - - [15/May/2024:03:26:34 +0700] "GET /static/style.css HTTP/1.1" 200 18840 "-" "Mozilla/5.0 (Windows NT 10.0; Win64; x64) AppleWebKit/537.36"
203.0.113.6 - - [15/May/2024:03:26:56 +0700] "DELETE /login HTTP/1.1" 404 82 "-" "Mozilla/5.0 (X11; Linux x86_64; rv:109.0) Gecko/20100101 Firefox/115.0"
203.0.113.21 - - [15/May/2024:03:27:00 +0700] "GET /dashboard HTTP/1.1" 200 24925 "-" "Mozilla/5.0 (X11; Linux x86_64; rv:109.0) Gecko/20100101 Firefox/115.0"
203.0.113.25 - - [15/May/2024:03:27:46 +0700] "DELETE /index.html HTTP/1.1" 200 9205 "-" "Mozilla/5.0 (X11; Linux x86_64; rv:109.0) Gecko/20100101 Firefox/115.0"
203.0.113.39 - - [15/May/2024:03:27:55 +0700] "GET /api/v1/users HTTP/1.1" 404 50 "-" "Mozilla/5.0 (Windows NT 10.0; Win64; x64) AppleWebKit/537.36"
203.0.113.11 - - [15/May/2024:03:28:34 +0700] "POST /static/style.css HTTP/1.1" 200 9191 "-" "Go-http-client/1.1"
203.0.113.18 - - [15/May/2024:03:28:53 +0700] "GET /api/v1/orders HTTP/1.1" 304 164 "-" "Mozilla/5.0 (X11; Linux x86_64; rv:109.0) Gecko/20100101 Firefox/115.0"
198.51.100.13 - - [15/May/2024:03:29:12 +0700] "POST / HTTP/1.1" 500 163 "-" "Mozilla/5.0 (compatible; BadBot/1.0)"
198.51.100.55 - - [15/May/2024:03:29:13 +0700] "GET /health HTTP/1.1" 200 16873 "-" "Mozilla/5.0 (Windows NT 10.0; Win64; x64) AppleWebKit/537.36"
198.51.100.55 - - [15/May/2024:03:29:20 +0700] "GET /static/style.css HTTP/1.1" 200 2916 "-" "Mozilla/5.0 (Windows NT 10.0; Win64; x64) AppleWebKit/537.36"
198.51.100.77 - - [15/May/2024:03:29:26 +0700] "GET /index.html HTTP/1.1" 200 23029 "-" "sqlmap/1.7.8#stable"
203.0.113.30 - - [15/May/2024:03:29:58 +0700] "POST /health HTTP/1.1" 200 16430 "-" "curl/7.88.1"
203.0.113.6 - - [15/May/2024:03:30:34 +0700] "POST /api/v1/users HTTP/1.1" 200 47017 "-" "Wget/1.21.4 (linux-gnu)"
203.0.113.21 - - [15/May/2024:03:31:57 +0700] "DELETE /logout HTTP/1.1" 404 189 "-" "Mozilla/5.0 (Macintosh; Intel Mac OS X 10_15_7) AppleWebKit/537.36"
203.0.113.29 - - [15/May/2024:03:32:12 +0700] "GET / HTTP/1.1" 301 286 "-" "Mozilla/5.0 (X11; Linux x86_64; rv:109.0) Gecko/20100101 Firefox/115.0"
203.0.113.12 - - [15/May/2024:03:32:12 +0700] "GET /robots.txt HTTP/1.1" 200 48030 "-" "python-requests/2.31.0"
203.0.113.14 - - [15/May/2024:03:32:45 +0700] "GET /robots.txt HTTP/1.1" 200 1791 "-" "Go-http-client/1.1"
198.51.100.77 - - [15/May/2024:03:32:46 +0700] "GET /health HTTP/1.1" 200 7567 "-" "masscan/1.3.2"
203.0.113.24 - - [15/May/2024:03:33:03 +0700] "GET /static/style.css HTTP/1.1" 200 8858 "-" "Mozilla/5.0 (X11; Linux x86_64; rv:109.0) Gecko/20100101 Firefox/115.0"
203.0.113.19 - - [15/May/2024:03:33:06 +0700] "GET /index.html HTTP/1.1" 200 44508 "-" "Mozilla/5.0 (Macintosh; Intel Mac OS X 10_15_7) AppleWebKit/537.36"
203.0.113.10 - - [15/May/2024:03:33:22 +0700] "GET /index.html HTTP/1.1" 301 273 "-" "Mozilla/5.0 (X11; Linux x86_64; rv:109.0) Gecko/20100101 Firefox/115.0"
203.0.113.26 - - [15/May/2024:03:33:29 +0700] "POST /api/v1/orders HTTP/1.1" 404 81 "-" "Mozilla/5.0 (Windows NT 10.0; Win64; x64) AppleWebKit/537.36"
203.0.113.10 - - [15/May/2024:03:33:37 +0700] "GET /dashboard HTTP/1.1" 404 160 "-" "python-requests/2.31.0"
203.0.113.21 - - [15/May/2024:03:33:56 +0700] "GET /static/main.js HTTP/1.1" 304 252 "-" "Mozilla/5.0 (Macintosh; Intel Mac OS X 10_15_7) AppleWebKit/537.36"
203.0.113.7 - - [15/May/2024:03:34:15 +0700] "GET /static/style.css HTTP/1.1" 404 195 "-" "Go-http-client/1.1"
203.0.113.5 - - [15/May/2024:03:34:19 +0700] "GET /login HTTP/1.1" 200 44408 "-" "Go-http-client/1.1"
203.0.113.3 - - [15/May/2024:03:34:43 +0700] "GET /health HTTP/1.1" 404 175 "-" "Mozilla/5.0 (Macintosh; Intel Mac OS X 10_15_7) AppleWebKit/537.36"
198.51.100.55 - - [15/May/2024:03:36:25 +0700] "GET /login HTTP/1.1" 200 37131 "-" "Mozilla/5.0 (Windows NT 10.0; Win64; x64) AppleWebKit/537.36"
198.51.100.77 - - [15/May/2024:03:36:30 +0700] "GET /dashboard HTTP/1.1" 200 37364 "-" "masscan/1.3.2"
203.0.113.31 - - [15/May/2024:03:36:42 +0700] "GET /logout HTTP/1.1" 500 221 "-" "Mozilla/5.0 (X11; Linux x86_64; rv:109.0) Gecko/20100101 Firefox/115.0"
203.0.113.11 - - [15/May/2024:03:36:42 +0700] "GET /api/v1/products HTTP/1.1" 404 200 "-" "Wget/1.21.4 (linux-gnu)"
198.51.100.77 - - [15/May/2024:03:37:52 +0700] "GET /robots.txt HTTP/1.1" 200 18933 "-" "gobuster/3.6"
203.0.113.1 - - [15/May/2024:03:39:05 +0700] "PUT /api/v1/orders HTTP/1.1" 200 13292 "-" "Mozilla/5.0 (X11; Linux x86_64; rv:109.0) Gecko/20100101 Firefox/115.0"
203.0.113.16 - - [15/May/2024:03:39:35 +0700] "PUT /api/v1/products HTTP/1.1" 200 48791 "-" "Wget/1.21.4 (linux-gnu)"
203.0.113.4 - - [15/May/2024:03:40:40 +0700] "DELETE /logout HTTP/1.1" 304 206 "-" "Wget/1.21.4 (linux-gnu)"
198.51.100.55 - - [15/May/2024:03:40:41 +0700] "GET /login HTTP/1.1" 200 13587 "-" "Mozilla/5.0 (Windows NT 10.0; Win64; x64) AppleWebKit/537.36"
203.0.113.25 - - [15/May/2024:03:41:01 +0700] "POST /api/v1/orders HTTP/1.1" 200 25341 "-" "Mozilla/5.0 (Windows NT 10.0; Win64; x64) AppleWebKit/537.36"
198.51.100.55 - - [15/May/2024:03:41:06 +0700] "GET /dashboard HTTP/1.1" 200 2512 "-" "Mozilla/5.0 (Windows NT 10.0; Win64; x64) AppleWebKit/537.36"
203.0.113.13 - - [15/May/2024:03:41:15 +0700] "POST /robots.txt HTTP/1.1" 404 181 "-" "Mozilla/5.0 (Windows NT 10.0; Win64; x64) AppleWebKit/537.36"
203.0.113.7 - - [15/May/2024:03:41:22 +0700] "GET /health HTTP/1.1" 200 27109 "-" "curl/7.88.1"
203.0.113.6 - - [15/May/2024:03:41:56 +0700] "PUT / HTTP/1.1" 301 320 "-" "Wget/1.21.4 (linux-gnu)"
203.0.113.13 - - [15/May/2024:03:42:20 +0700] "GET /static/style.css HTTP/1.1" 404 61 "-" "Mozilla/5.0 (X11; Linux x86_64; rv:109.0) Gecko/20100101 Firefox/115.0"
203.0.113.31 - - [15/May/2024:03:42:21 +0700] "GET /robots.txt HTTP/1.1" 200 21539 "-" "curl/7.88.1"
198.51.100.77 - - [15/May/2024:03:42:24 +0700] "GET /dashboard HTTP/1.1" 200 11220 "-" "Burp Suite Professional"
198.51.100.77 - - [15/May/2024:03:43:06 +0700] "GET /static/main.js HTTP/1.1" 200 20044 "-" "masscan/1.3.2"
198.51.100.77 - - [15/May/2024:03:43:56 +0700] "GET /logout HTTP/1.1" 200 47809 "-" "dirbuster/1.0-RC1"
198.51.100.55 - - [15/May/2024:03:44:51 +0700] "GET /static/style.css HTTP/1.1" 200 3840 "-" "Mozilla/5.0 (Windows NT 10.0; Win64; x64) AppleWebKit/537.36"
203.0.113.2 - - [15/May/2024:03:45:04 +0700] "GET /static/style.css HTTP/1.1" 200 28243 "-" "Mozilla/5.0 (Windows NT 10.0; Win64; x64) AppleWebKit/537.36"
203.0.113.19 - - [15/May/2024:03:45:13 +0700] "DELETE /static/style.css HTTP/1.1" 200 2190 "-" "Mozilla/5.0 (X11; Linux x86_64; rv:109.0) Gecko/20100101 Firefox/115.0"
203.0.113.26 - - [15/May/2024:03:45:24 +0700] "POST /health HTTP/1.1" 200 34740 "-" "Mozilla/5.0 (Macintosh; Intel Mac OS X 10_15_7) AppleWebKit/537.36"
203.0.113.16 - - [15/May/2024:03:45:39 +0700] "GET /static/style.css HTTP/1.1" 200 31296 "-" "python-requests/2.31.0"
198.51.100.77 - - [15/May/2024:03:46:05 +0700] "GET /api/v1/users HTTP/1.1" 200 44185 "-" "sqlmap/1.7.8#stable"
203.0.113.3 - - [15/May/2024:03:46:30 +0700] "GET /login HTTP/1.1" 200 38606 "-" "Wget/1.21.4 (linux-gnu)"
198.51.100.55 - - [15/May/2024:03:46:39 +0700] "GET /dashboard HTTP/1.1" 200 49299 "-" "Mozilla/5.0 (Windows NT 10.0; Win64; x64) AppleWebKit/537.36"
198.51.100.55 - - [15/May/2024:03:46:46 +0700] "GET /health HTTP/1.1" 200 28195 "-" "Mozilla/5.0 (Windows NT 10.0; Win64; x64) AppleWebKit/537.36"
198.51.100.55 - - [15/May/2024:03:46:49 +0700] "GET /login HTTP/1.1" 200 4902 "-" "Mozilla/5.0 (Windows NT 10.0; Win64; x64) AppleWebKit/537.36"
203.0.113.21 - - [15/May/2024:03:47:25 +0700] "GET /api/v1/orders HTTP/1.1" 200 8718 "-" "Mozilla/5.0 (Macintosh; Intel Mac OS X 10_15_7) AppleWebKit/537.36"
203.0.113.15 - - [15/May/2024:03:47:39 +0700] "DELETE /login HTTP/1.1" 200 27678 "-" "curl/7.88.1"
203.0.113.34 - - [15/May/2024:03:48:12 +0700] "HEAD /api/v1/users HTTP/1.1" 404 178 "-" "Mozilla/5.0 (X11; Linux x86_64; rv:109.0) Gecko/20100101 Firefox/115.0"
203.0.113.13 - - [15/May/2024:03:48:15 +0700] "GET /api/v1/orders HTTP/1.1" 200 3452 "-" "Go-http-client/1.1"
203.0.113.12 - - [15/May/2024:03:49:05 +0700] "GET /robots.txt HTTP/1.1" 200 2946 "-" "Mozilla/5.0 (Windows NT 10.0; Win64; x64) AppleWebKit/537.36"
203.0.113.3 - - [15/May/2024:03:49:09 +0700] "GET /dashboard HTTP/1.1" 200 15140 "-" "Mozilla/5.0 (Macintosh; Intel Mac OS X 10_15_7) AppleWebKit/537.36"
203.0.113.4 - - [15/May/2024:03:49:09 +0700] "GET /health HTTP/1.1" 301 355 "-" "python-requests/2.31.0"
198.51.100.55 - - [15/May/2024:03:51:41 +0700] "GET /health HTTP/1.1" 200 44138 "-" "Mozilla/5.0 (Windows NT 10.0; Win64; x64) AppleWebKit/537.36"
198.51.100.55 - - [15/May/2024:03:52:05 +0700] "GET /api/v1/products HTTP/1.1" 200 28830 "-" "Mozilla/5.0 (Windows NT 10.0; Win64; x64) AppleWebKit/537.36"
203.0.113.9 - - [15/May/2024:03:52:08 +0700] "GET /dashboard HTTP/1.1" 200 2166 "-" "Go-http-client/1.1"
198.51.100.55 - - [15/May/2024:03:53:26 +0700] "GET /static/style.css HTTP/1.1" 200 37694 "-" "Mozilla/5.0 (Windows NT 10.0; Win64; x64) AppleWebKit/537.36"
203.0.113.13 - - [15/May/2024:03:53:42 +0700] "GET /index.html HTTP/1.1" 200 39342 "-" "Go-http-client/1.1"
203.0.113.23 - - [15/May/2024:03:53:48 +0700] "GET /logout HTTP/1.1" 200 13774 "-" "Mozilla/5.0 (X11; Linux x86_64; rv:109.0) Gecko/20100101 Firefox/115.0"
203.0.113.35 - - [15/May/2024:03:53:53 +0700] "POST /api/v1/products HTTP/1.1" 200 10262 "-" "curl/7.88.1"
198.51.100.13 - - [15/May/2024:03:55:17 +0700] "POST /logout HTTP/1.1" 500 64 "-" "Mozilla/5.0 (compatible; BadBot/1.0)"
203.0.113.30 - - [15/May/2024:03:55:19 +0700] "GET /dashboard HTTP/1.1" 200 32308 "-" "python-requests/2.31.0"
203.0.113.22 - - [15/May/2024:03:56:13 +0700] "POST /index.html HTTP/1.1" 200 41423 "-" "Mozilla/5.0 (X11; Linux x86_64; rv:109.0) Gecko/20100101 Firefox/115.0"
203.0.113.32 - - [15/May/2024:03:56:14 +0700] "GET /api/v1/products HTTP/1.1" 200 30020 "-" "Go-http-client/1.1"
203.0.113.9 - - [15/May/2024:03:56:25 +0700] "GET /api/v1/products HTTP/1.1" 200 37817 "-" "Go-http-client/1.1"
203.0.113.35 - - [15/May/2024:03:57:00 +0700] "GET /robots.txt HTTP/1.1" 301 349 "-" "Mozilla/5.0 (Macintosh; Intel Mac OS X 10_15_7) AppleWebKit/537.36"
203.0.113.39 - - [15/May/2024:03:57:13 +0700] "GET /api/v1/users HTTP/1.1" 304 209 "-" "Mozilla/5.0 (Macintosh; Intel Mac OS X 10_15_7) AppleWebKit/537.36"
203.0.113.1 - - [15/May/2024:03:57:41 +0700] "GET /index.html HTTP/1.1" 304 139 "-" "curl/7.88.1"
203.0.113.26 - - [15/May/2024:03:58:26 +0700] "GET / HTTP/1.1" 200 48247 "-" "curl/7.88.1"
203.0.113.3 - - [15/May/2024:03:58:32 +0700] "GET / HTTP/1.1" 200 15106 "-" "Mozilla/5.0 (X11; Linux x86_64; rv:109.0) Gecko/20100101 Firefox/115.0"
198.51.100.13 - - [15/May/2024:03:58:43 +0700] "POST /index.html HTTP/1.1" 403 198 "-" "Mozilla/5.0 (compatible; BadBot/1.0)"
203.0.113.25 - - [15/May/2024:03:59:28 +0700] "POST /dashboard HTTP/1.1" 200 43070 "-" "python-requests/2.31.0"
198.51.100.55 - - [15/May/2024:03:59:32 +0700] "GET / HTTP/1.1" 200 5966 "-" "Mozilla/5.0 (Windows NT 10.0; Win64; x64) AppleWebKit/537.36"
198.51.100.77 - - [15/May/2024:03:59:32 +0700] "GET /static/style.css HTTP/1.1" 200 25372 "-" "Burp Suite Professional"
203.0.113.21 - - [15/May/2024:03:59:39 +0700] "GET /api/v1/orders HTTP/1.1" 200 25319 "-" "Mozilla/5.0 (Windows NT 10.0; Win64; x64) AppleWebKit/537.36"
198.51.100.77 - - [15/May/2024:04:00:17 +0700] "GET /api/v1/products HTTP/1.1" 200 22720 "-" "masscan/1.3.2"
203.0.113.34 - - [15/May/2024:04:00:22 +0700] "GET /robots.txt HTTP/1.1" 404 219 "-" "Mozilla/5.0 (X11; Linux x86_64; rv:109.0) Gecko/20100101 Firefox/115.0"
203.0.113.27 - - [15/May/2024:04:00:25 +0700] "PUT /index.html HTTP/1.1" 200 7067 "-" "Wget/1.21.4 (linux-gnu)"
198.51.100.55 - - [15/May/2024:04:00:30 +0700] "GET /static/style.css HTTP/1.1" 200 2016 "-" "Mozilla/5.0 (Windows NT 10.0; Win64; x64) AppleWebKit/537.36"
203.0.113.18 - - [15/May/2024:04:01:28 +0700] "PUT /logout HTTP/1.1" 200 4924 "-" "Go-http-client/1.1"
198.51.100.77 - - [15/May/2024:04:02:04 +0700] "GET /static/main.js HTTP/1.1" 200 42804 "-" "Nikto/2.1.6"
203.0.113.2 - - [15/May/2024:04:02:10 +0700] "PUT /index.html HTTP/1.1" 200 36008 "-" "python-requests/2.31.0"
198.51.100.55 - - [15/May/2024:04:02:23 +0700] "GET /dashboard HTTP/1.1" 200 9509 "-" "Mozilla/5.0 (Windows NT 10.0; Win64; x64) AppleWebKit/537.36"
203.0.113.38 - - [15/May/2024:04:02:40 +0700] "GET / HTTP/1.1" 200 22453 "-" "Mozilla/5.0 (Windows NT 10.0; Win64; x64) AppleWebKit/537.36"
203.0.113.28 - - [15/May/2024:04:02:41 +0700] "HEAD /api/v1/users HTTP/1.1" 200 28686 "-" "python-requests/2.31.0"
203.0.113.4 - - [15/May/2024:04:03:19 +0700] "GET /dashboard HTTP/1.1" 500 189 "-" "Mozilla/5.0 (Windows NT 10.0; Win64; x64) AppleWebKit/537.36"
203.0.113.23 - - [15/May/2024:04:03:39 +0700] "GET /dashboard HTTP/1.1" 200 41729 "-" "python-requests/2.31.0"
203.0.113.32 - - [15/May/2024:04:03:46 +0700] "GET /static/style.css HTTP/1.1" 200 7153 "-" "python-requests/2.31.0"
198.51.100.77 - - [15/May/2024:04:03:46 +0700] "GET /health HTTP/1.1" 200 12426 "-" "sqlmap/1.7.8#stable"
198.51.100.13 - - [15/May/2024:04:03:56 +0700] "POST /login HTTP/1.1" 401 256 "-" "Mozilla/5.0 (compatible; BadBot/1.0)"
203.0.113.29 - - [15/May/2024:04:04:13 +0700] "GET /login HTTP/1.1" 200 4209 "-" "Mozilla/5.0 (Windows NT 10.0; Win64; x64) AppleWebKit/537.36"
203.0.113.26 - - [15/May/2024:04:04:58 +0700] "GET /health HTTP/1.1" 200 9637 "-" "curl/7.88.1"
203.0.113.24 - - [15/May/2024:04:05:27 +0700] "GET /api/v1/products HTTP/1.1" 200 35968 "-" "Mozilla/5.0 (Windows NT 10.0; Win64; x64) AppleWebKit/537.36"
203.0.113.36 - - [15/May/2024:04:05:37 +0700] "POST /dashboard HTTP/1.1" 200 15420 "-" "curl/7.88.1"
198.51.100.77 - - [15/May/2024:04:05:54 +0700] "GET /static/main.js HTTP/1.1" 200 20681 "-" "Burp Suite Professional"
203.0.113.15 - - [15/May/2024:04:06:10 +0700] "POST /robots.txt HTTP/1.1" 200 33484 "-" "Wget/1.21.4 (linux-gnu)"
198.51.100.77 - - [15/May/2024:04:06:12 +0700] "GET /api/v1/orders HTTP/1.1" 200 12232 "-" "sqlmap/1.7.8#stable"
203.0.113.36 - - [15/May/2024:04:06:16 +0700] "GET /login HTTP/1.1" 200 13174 "-" "Go-http-client/1.1"
203.0.113.30 - - [15/May/2024:04:06:30 +0700] "GET /login HTTP/1.1" 200 30824 "-" "curl/7.88.1"
203.0.113.39 - - [15/May/2024:04:06:59 +0700] "GET /api/v1/orders HTTP/1.1" 500 61 "-" "Mozilla/5.0 (Macintosh; Intel Mac OS X 10_15_7) AppleWebKit/537.36"
198.51.100.55 - - [15/May/2024:04:07:38 +0700] "GET /api/v1/products HTTP/1.1" 200 8925 "-" "Mozilla/5.0 (Windows NT 10.0; Win64; x64) AppleWebKit/537.36"
203.0.113.25 - - [15/May/2024:04:08:48 +0700] "GET /logout HTTP/1.1" 200 40051 "-" "curl/7.88.1"
203.0.113.3 - - [15/May/2024:04:09:06 +0700] "GET /api/v1/users HTTP/1.1" 200 6186 "-" "Go-http-client/1.1"
203.0.113.10 - - [15/May/2024:04:09:08 +0700] "PUT /logout HTTP/1.1" 301 334 "-" "Mozilla/5.0 (X11; Linux x86_64; rv:109.0) Gecko/20100101 Firefox/115.0"
203.0.113.8 - - [15/May/2024:04:09:34 +0700] "POST /login HTTP/1.1" 301 265 "-" "Mozilla/5.0 (X11; Linux x86_64; rv:109.0) Gecko/20100101 Firefox/115.0"
203.0.113.34 - - [15/May/2024:04:09:38 +0700] "GET /api/v1/orders HTTP/1.1" 200 4411 "-" "Mozilla/5.0 (X11; Linux x86_64; rv:109.0) Gecko/20100101 Firefox/115.0"
203.0.113.31 - - [15/May/2024:04:11:03 +0700] "GET /dashboard HTTP/1.1" 200 47553 "-" "Mozilla/5.0 (Windows NT 10.0; Win64; x64) AppleWebKit/537.36"
203.0.113.35 - - [15/May/2024:04:11:06 +0700] "GET / HTTP/1.1" 200 33386 "-" "Go-http-client/1.1"
203.0.113.13 - - [15/May/2024:04:11:11 +0700] "DELETE /static/main.js HTTP/1.1" 200 9626 "-" "Mozilla/5.0 (Macintosh; Intel Mac OS X 10_15_7) AppleWebKit/537.36"
203.0.113.14 - - [15/May/2024:04:12:16 +0700] "PUT /static/main.js HTTP/1.1" 200 24488 "-" "Mozilla/5.0 (Macintosh; Intel Mac OS X 10_15_7) AppleWebKit/537.36"
203.0.113.25 - - [15/May/2024:04:12:19 +0700] "HEAD /api/v1/products HTTP/1.1" 200 2607 "-" "curl/7.88.1"
203.0.113.14 - - [15/May/2024:04:13:05 +0700] "POST /robots.txt HTTP/1.1" 200 43032 "-" "Go-http-client/1.1"
198.51.100.55 - - [15/May/2024:04:13:57 +0700] "GET /static/main.js HTTP/1.1" 200 7377 "-" "Mozilla/5.0 (Windows NT 10.0; Win64; x64) AppleWebKit/537.36"
203.0.113.28 - - [15/May/2024:04:14:09 +0700] "PUT /health HTTP/1.1" 200 9715 "-" "Wget/1.21.4 (linux-gnu)"
203.0.113.33 - - [15/May/2024:04:14:30 +0700] "POST /api/v1/orders HTTP/1.1" 200 2855 "-" "Mozilla/5.0 (Windows NT 10.0; Win64; x64) AppleWebKit/537.36"
203.0.113.31 - - [15/May/2024:04:14:59 +0700] "POST /api/v1/products HTTP/1.1" 200 40964 "-" "Mozilla/5.0 (Windows NT 10.0; Win64; x64) AppleWebKit/537.36"
203.0.113.32 - - [15/May/2024:04:16:09 +0700] "GET /dashboard HTTP/1.1" 200 5368 "-" "Mozilla/5.0 (Windows NT 10.0; Win64; x64) AppleWebKit/537.36"
203.0.113.8 - - [15/May/2024:04:17:24 +0700] "GET /login HTTP/1.1" 200 12332 "-" "python-requests/2.31.0"
203.0.113.12 - - [15/May/2024:04:17:58 +0700] "GET / HTTP/1.1" 200 21359 "-" "python-requests/2.31.0"
203.0.113.38 - - [15/May/2024:04:18:44 +0700] "GET /static/main.js HTTP/1.1" 200 4217 "-" "Go-http-client/1.1"
198.51.100.55 - - [15/May/2024:04:18:57 +0700] "GET /health HTTP/1.1" 200 24032 "-" "Mozilla/5.0 (Windows NT 10.0; Win64; x64) AppleWebKit/537.36"
203.0.113.26 - - [15/May/2024:04:19:09 +0700] "GET /login HTTP/1.1" 200 46703 "-" "Wget/1.21.4 (linux-gnu)"
198.51.100.77 - - [15/May/2024:04:19:16 +0700] "GET /api/v1/users HTTP/1.1" 200 48761 "-" "nuclei/2.9.14"
198.51.100.55 - - [15/May/2024:04:19:18 +0700] "GET /logout HTTP/1.1" 200 14992 "-" "Mozilla/5.0 (Windows NT 10.0; Win64; x64) AppleWebKit/537.36"
203.0.113.13 - - [15/May/2024:04:20:28 +0700] "PUT /health HTTP/1.1" 200 30467 "-" "Wget/1.21.4 (linux-gnu)"
203.0.113.38 - - [15/May/2024:04:20:38 +0700] "GET /login HTTP/1.1" 404 118 "-" "Go-http-client/1.1"
203.0.113.22 - - [15/May/2024:04:20:51 +0700] "GET /dashboard HTTP/1.1" 200 17006 "-" "Wget/1.21.4 (linux-gnu)"
203.0.113.34 - - [15/May/2024:04:21:27 +0700] "GET /login HTTP/1.1" 200 24198 "-" "Go-http-client/1.1"
203.0.113.33 - - [15/May/2024:04:21:33 +0700] "GET /logout HTTP/1.1" 200 38380 "-" "Mozilla/5.0 (X11; Linux x86_64; rv:109.0) Gecko/20100101 Firefox/115.0"
203.0.113.38 - - [15/May/2024:04:22:12 +0700] "PUT /index.html HTTP/1.1" 200 31036 "-" "python-requests/2.31.0"
203.0.113.15 - - [15/May/2024:04:23:15 +0700] "HEAD /static/style.css HTTP/1.1" 200 24155 "-" "Mozilla/5.0 (X11; Linux x86_64; rv:109.0) Gecko/20100101 Firefox/115.0"
203.0.113.22 - - [15/May/2024:04:23:37 +0700] "GET /static/main.js HTTP/1.1" 500 277 "-" "Go-http-client/1.1"
203.0.113.8 - - [15/May/2024:04:23:39 +0700] "PUT /api/v1/products HTTP/1.1" 200 8400 "-" "Mozilla/5.0 (X11; Linux x86_64; rv:109.0) Gecko/20100101 Firefox/115.0"
198.51.100.77 - - [15/May/2024:04:23:45 +0700] "GET /static/main.js HTTP/1.1" 200 6995 "-" "dirbuster/1.0-RC1"
203.0.113.37 - - [15/May/2024:04:24:19 +0700] "POST /api/v1/products HTTP/1.1" 200 11254 "-" "Mozilla/5.0 (Macintosh; Intel Mac OS X 10_15_7) AppleWebKit/537.36"
198.51.100.77 - - [15/May/2024:04:25:40 +0700] "GET /index.html HTTP/1.1" 200 24733 "-" "Nikto/2.1.6"
198.51.100.55 - - [15/May/2024:04:25:42 +0700] "GET /health HTTP/1.1" 200 14845 "-" "Mozilla/5.0 (Windows NT 10.0; Win64; x64) AppleWebKit/537.36"
203.0.113.16 - - [15/May/2024:04:25:55 +0700] "GET /api/v1/users HTTP/1.1" 301 172 "-" "Mozilla/5.0 (Macintosh; Intel Mac OS X 10_15_7) AppleWebKit/537.36"
203.0.113.27 - - [15/May/2024:04:26:22 +0700] "GET /health HTTP/1.1" 404 178 "-" "Mozilla/5.0 (Macintosh; Intel Mac OS X 10_15_7) AppleWebKit/537.36"
203.0.113.15 - - [15/May/2024:04:27:48 +0700] "PUT /api/v1/orders HTTP/1.1" 200 36946 "-" "Mozilla/5.0 (Macintosh; Intel Mac OS X 10_15_7) AppleWebKit/537.36"
198.51.100.77 - - [15/May/2024:04:28:42 +0700] "GET /api/v1/users HTTP/1.1" 200 32083 "-" "ZAP/2.14.0"
203.0.113.8 - - [15/May/2024:04:28:57 +0700] "HEAD /static/style.css HTTP/1.1" 200 2804 "-" "Wget/1.21.4 (linux-gnu)"
203.0.113.9 - - [15/May/2024:04:29:10 +0700] "GET /static/style.css HTTP/1.1" 404 62 "-" "Mozilla/5.0 (X11; Linux x86_64; rv:109.0) Gecko/20100101 Firefox/115.0"
198.51.100.55 - - [15/May/2024:04:29:17 +0700] "GET /api/v1/users HTTP/1.1" 200 46173 "-" "Mozilla/5.0 (Windows NT 10.0; Win64; x64) AppleWebKit/537.36"
198.51.100.55 - - [15/May/2024:04:29:46 +0700] "GET / HTTP/1.1" 200 49820 "-" "Mozilla/5.0 (Windows NT 10.0; Win64; x64) AppleWebKit/537.36"
203.0.113.38 - - [15/May/2024:04:29:56 +0700] "GET /static/style.css HTTP/1.1" 200 24041 "-" "Mozilla/5.0 (X11; Linux x86_64; rv:109.0) Gecko/20100101 Firefox/115.0"
198.51.100.55 - - [15/May/2024:04:30:13 +0700] "GET /api/v1/orders HTTP/1.1" 200 8978 "-" "Mozilla/5.0 (Windows NT 10.0; Win64; x64) AppleWebKit/537.36"
198.51.100.13 - - [15/May/2024:04:30:38 +0700] "POST /index.html HTTP/1.1" 401 299 "-" "Mozilla/5.0 (compatible; BadBot/1.0)"
198.51.100.55 - - [15/May/2024:04:30:45 +0700] "GET /logout HTTP/1.1" 200 46332 "-" "Mozilla/5.0 (Windows NT 10.0; Win64; x64) AppleWebKit/537.36"
203.0.113.39 - - [15/May/2024:04:30:51 +0700] "GET /logout HTTP/1.1" 301 348 "-" "Wget/1.21.4 (linux-gnu)"
198.51.100.77 - - [15/May/2024:04:30:57 +0700] "GET /login HTTP/1.1" 200 41491 "-" "gobuster/3.6"
203.0.113.3 - - [15/May/2024:04:31:26 +0700] "HEAD /dashboard HTTP/1.1" 200 43740 "-" "Mozilla/5.0 (X11; Linux x86_64; rv:109.0) Gecko/20100101 Firefox/115.0"
203.0.113.23 - - [15/May/2024:04:31:28 +0700] "PUT /api/v1/products HTTP/1.1" 200 35836 "-" "Go-http-client/1.1"
203.0.113.25 - - [15/May/2024:04:31:39 +0700] "HEAD /robots.txt HTTP/1.1" 200 18807 "-" "Mozilla/5.0 (X11; Linux x86_64; rv:109.0) Gecko/20100101 Firefox/115.0"
198.51.100.55 - - [15/May/2024:04:32:19 +0700] "GET /static/style.css HTTP/1.1" 200 28188 "-" "Mozilla/5.0 (Windows NT 10.0; Win64; x64) AppleWebKit/537.36"
203.0.113.29 - - [15/May/2024:04:32:30 +0700] "PUT / HTTP/1.1" 200 42624 "-" "Mozilla/5.0 (Macintosh; Intel Mac OS X 10_15_7) AppleWebKit/537.36"
198.51.100.55 - - [15/May/2024:04:33:19 +0700] "GET /health HTTP/1.1" 200 31014 "-" "Mozilla/5.0 (Windows NT 10.0; Win64; x64) AppleWebKit/537.36"
203.0.113.29 - - [15/May/2024:04:33:44 +0700] "GET /logout HTTP/1.1" 200 44191 "-" "Mozilla/5.0 (Windows NT 10.0; Win64; x64) AppleWebKit/537.36"
198.51.100.77 - - [15/May/2024:04:34:08 +0700] "GET /login HTTP/1.1" 200 26919 "-" "ZAP/2.14.0"
203.0.113.23 - - [15/May/2024:04:34:17 +0700] "HEAD /robots.txt HTTP/1.1" 200 18489 "-" "Mozilla/5.0 (Macintosh; Intel Mac OS X 10_15_7) AppleWebKit/537.36"
203.0.113.7 - - [15/May/2024:04:34:21 +0700] "PUT /api/v1/users HTTP/1.1" 304 181 "-" "Go-http-client/1.1"
198.51.100.77 - - [15/May/2024:04:34:24 +0700] "GET /robots.txt HTTP/1.1" 200 37838 "-" "Nmap Scripting Engine"
203.0.113.15 - - [15/May/2024:04:35:05 +0700] "GET /api/v1/users HTTP/1.1" 200 47545 "-" "python-requests/2.31.0"
203.0.113.5 - - [15/May/2024:04:35:41 +0700] "POST /api/v1/products HTTP/1.1" 200 17028 "-" "curl/7.88.1"
203.0.113.31 - - [15/May/2024:04:37:03 +0700] "GET /static/style.css HTTP/1.1" 200 8630 "-" "Mozilla/5.0 (X11; Linux x86_64; rv:109.0) Gecko/20100101 Firefox/115.0"
203.0.113.15 - - [15/May/2024:04:38:47 +0700] "DELETE /dashboard HTTP/1.1" 200 46885 "-" "Wget/1.21.4 (linux-gnu)"
203.0.113.10 - - [15/May/2024:04:39:06 +0700] "POST /static/style.css HTTP/1.1" 301 186 "-" "Mozilla/5.0 (Windows NT 10.0; Win64; x64) AppleWebKit/537.36"
203.0.113.34 - - [15/May/2024:04:39:19 +0700] "GET /index.html HTTP/1.1" 404 159 "-" "Wget/1.21.4 (linux-gnu)"
198.51.100.55 - - [15/May/2024:04:39:34 +0700] "GET /index.html HTTP/1.1" 200 26127 "-" "Mozilla/5.0 (Windows NT 10.0; Win64; x64) AppleWebKit/537.36"
203.0.113.9 - - [15/May/2024:04:39:53 +0700] "GET /api/v1/orders HTTP/1.1" 500 131 "-" "Mozilla/5.0 (Windows NT 10.0; Win64; x64) AppleWebKit/537.36"
203.0.113.13 - - [15/May/2024:04:40:08 +0700] "GET /api/v1/users HTTP/1.1" 404 105 "-" "Mozilla/5.0 (Macintosh; Intel Mac OS X 10_15_7) AppleWebKit/537.36"
198.51.100.55 - - [15/May/2024:04:40:12 +0700] "GET /api/v1/products HTTP/1.1" 200 6492 "-" "Mozilla/5.0 (Windows NT 10.0; Win64; x64) AppleWebKit/537.36"
198.51.100.55 - - [15/May/2024:04:40:13 +0700] "GET /static/main.js HTTP/1.1" 200 13381 "-" "Mozilla/5.0 (Windows NT 10.0; Win64; x64) AppleWebKit/537.36"
203.0.113.13 - - [15/May/2024:04:40:54 +0700] "POST /api/v1/products HTTP/1.1" 200 21280 "-" "Go-http-client/1.1"
203.0.113.21 - - [15/May/2024:04:41:11 +0700] "HEAD /index.html HTTP/1.1" 200 49123 "-" "Mozilla/5.0 (Windows NT 10.0; Win64; x64) AppleWebKit/537.36"
203.0.113.19 - - [15/May/2024:04:41:17 +0700] "GET /api/v1/users HTTP/1.1" 200 33609 "-" "curl/7.88.1"
203.0.113.28 - - [15/May/2024:04:42:00 +0700] "GET /api/v1/products HTTP/1.1" 301 273 "-" "python-requests/2.31.0"
198.51.100.13 - - [15/May/2024:04:42:41 +0700] "POST /login HTTP/1.1" 403 139 "-" "Mozilla/5.0 (compatible; BadBot/1.0)"
203.0.113.16 - - [15/May/2024:04:42:55 +0700] "GET /api/v1/orders HTTP/1.1" 200 37988 "-" "Wget/1.21.4 (linux-gnu)"
203.0.113.9 - - [15/May/2024:04:43:01 +0700] "GET /api/v1/orders HTTP/1.1" 500 145 "-" "python-requests/2.31.0"
198.51.100.13 - - [15/May/2024:04:43:07 +0700] "POST /static/style.css HTTP/1.1" 401 282 "-" "Mozilla/5.0 (compatible; BadBot/1.0)"
203.0.113.31 - - [15/May/2024:04:43:29 +0700] "PUT /login HTTP/1.1" 200 39727 "-" "Mozilla/5.0 (X11; Linux x86_64; rv:109.0) Gecko/20100101 Firefox/115.0"
203.0.113.28 - - [15/May/2024:04:44:19 +0700] "GET /login HTTP/1.1" 404 221 "-" "Mozilla/5.0 (Windows NT 10.0; Win64; x64) AppleWebKit/537.36"
203.0.113.30 - - [15/May/2024:04:44:57 +0700] "GET /robots.txt HTTP/1.1" 200 33254 "-" "Mozilla/5.0 (Windows NT 10.0; Win64; x64) AppleWebKit/537.36"
198.51.100.77 - - [15/May/2024:04:45:59 +0700] "GET /static/style.css HTTP/1.1" 200 32356 "-" "ZAP/2.14.0"
203.0.113.12 - - [15/May/2024:04:46:08 +0700] "PUT /index.html HTTP/1.1" 200 5454 "-" "Go-http-client/1.1"
203.0.113.8 - - [15/May/2024:04:47:12 +0700] "PUT /api/v1/products HTTP/1.1" 200 32509 "-" "curl/7.88.1"
203.0.113.12 - - [15/May/2024:04:47:20 +0700] "GET /index.html HTTP/1.1" 404 244 "-" "Mozilla/5.0 (X11; Linux x86_64; rv:109.0) Gecko/20100101 Firefox/115.0"
203.0.113.25 - - [15/May/2024:04:47:52 +0700] "GET /index.html HTTP/1.1" 304 271 "-" "Mozilla/5.0 (X11; Linux x86_64; rv:109.0) Gecko/20100101 Firefox/115.0"
198.51.100.13 - - [15/May/2024:04:48:24 +0700] "POST /login HTTP/1.1" 404 179 "-" "Mozilla/5.0 (compatible; BadBot/1.0)"
198.51.100.55 - - [15/May/2024:04:48:49 +0700] "GET /static/style.css HTTP/1.1" 200 2528 "-" "Mozilla/5.0 (Windows NT 10.0; Win64; x64) AppleWebKit/537.36"
203.0.113.11 - - [15/May/2024:04:48:58 +0700] "GET /api/v1/users HTTP/1.1" 200 7393 "-" "Wget/1.21.4 (linux-gnu)"
203.0.113.14 - - [15/May/2024:04:49:01 +0700] "GET /login HTTP/1.1" 200 27494 "-" "Mozilla/5.0 (Windows NT 10.0; Win64; x64) AppleWebKit/537.36"
203.0.113.25 - - [15/May/2024:04:49:25 +0700] "GET /health HTTP/1.1" 200 47788 "-" "Mozilla/5.0 (Macintosh; Intel Mac OS X 10_15_7) AppleWebKit/537.36"
203.0.113.2 - - [15/May/2024:04:50:05 +0700] "POST /dashboard HTTP/1.1" 200 42584 "-" "curl/7.88.1"
198.51.100.55 - - [15/May/2024:04:50:21 +0700] "GET /static/style.css HTTP/1.1" 200 41085 "-" "Mozilla/5.0 (Windows NT 10.0; Win64; x64) AppleWebKit/537.36"
203.0.113.12 - - [15/May/2024:04:51:37 +0700] "PUT /api/v1/products HTTP/1.1" 200 6290 "-" "Wget/1.21.4 (linux-gnu)"
203.0.113.11 - - [15/May/2024:04:51:54 +0700] "GET / HTTP/1.1" 200 42235 "-" "Wget/1.21.4 (linux-gnu)"
203.0.113.35 - - [15/May/2024:04:52:25 +0700] "POST /api/v1/products HTTP/1.1" 500 61 "-" "python-requests/2.31.0"
203.0.113.1 - - [15/May/2024:04:52:29 +0700] "GET /login HTTP/1.1" 200 17369 "-" "curl/7.88.1"
203.0.113.21 - - [15/May/2024:04:52:55 +0700] "POST /api/v1/orders HTTP/1.1" 200 20777 "-" "python-requests/2.31.0"
198.51.100.55 - - [15/May/2024:04:53:05 +0700] "GET /api/v1/users HTTP/1.1" 200 26799 "-" "Mozilla/5.0 (Windows NT 10.0; Win64; x64) AppleWebKit/537.36"
198.51.100.55 - - [15/May/2024:04:53:14 +0700] "GET /index.html HTTP/1.1" 200 36597 "-" "Mozilla/5.0 (Windows NT 10.0; Win64; x64) AppleWebKit/537.36"
198.51.100.55 - - [15/May/2024:04:53:50 +0700] "GET /health HTTP/1.1" 200 47039 "-" "Mozilla/5.0 (Windows NT 10.0; Win64; x64) AppleWebKit/537.36"
203.0.113.34 - - [15/May/2024:04:54:17 +0700] "GET /static/style.css HTTP/1.1" 200 49037 "-" "python-requests/2.31.0"
198.51.100.55 - - [15/May/2024:04:54:27 +0700] "GET /api/v1/orders HTTP/1.1" 200 27689 "-" "Mozilla/5.0 (Windows NT 10.0; Win64; x64) AppleWebKit/537.36"
203.0.113.2 - - [15/May/2024:04:54:53 +0700] "GET / HTTP/1.1" 200 17784 "-" "python-requests/2.31.0"
198.51.100.77 - - [15/May/2024:04:55:41 +0700] "GET /logout HTTP/1.1" 200 40463 "-" "dirbuster/1.0-RC1"
203.0.113.5 - - [15/May/2024:04:56:20 +0700] "HEAD /api/v1/orders HTTP/1.1" 200 4167 "-" "Go-http-client/1.1"
203.0.113.11 - - [15/May/2024:04:57:02 +0700] "GET /api/v1/users HTTP/1.1" 200 17147 "-" "curl/7.88.1"
203.0.113.13 - - [15/May/2024:04:58:00 +0700] "HEAD /health HTTP/1.1" 200 35221 "-" "Mozilla/5.0 (X11; Linux x86_64; rv:109.0) Gecko/20100101 Firefox/115.0"
203.0.113.34 - - [15/May/2024:04:58:08 +0700] "GET / HTTP/1.1" 200 43960 "-" "Wget/1.21.4 (linux-gnu)"
203.0.113.34 - - [15/May/2024:04:58:09 +0700] "PUT /logout HTTP/1.1" 200 26090 "-" "curl/7.88.1"
203.0.113.2 - - [15/May/2024:04:58:33 +0700] "GET /login HTTP/1.1" 200 42060 "-" "Mozilla/5.0 (Macintosh; Intel Mac OS X 10_15_7) AppleWebKit/537.36"
198.51.100.77 - - [15/May/2024:04:59:20 +0700] "GET /static/style.css HTTP/1.1" 200 3833 "-" "Nikto/2.1.6"
203.0.113.3 - - [15/May/2024:05:00:03 +0700] "GET /api/v1/products HTTP/1.1" 301 165 "-" "python-requests/2.31.0"
203.0.113.16 - - [15/May/2024:05:00:28 +0700] "GET /login HTTP/1.1" 200 17612 "-" "Mozilla/5.0 (X11; Linux x86_64; rv:109.0) Gecko/20100101 Firefox/115.0"
198.51.100.13 - - [15/May/2024:05:00:48 +0700] "POST /robots.txt HTTP/1.1" 404 223 "-" "Mozilla/5.0 (compatible; BadBot/1.0)"
203.0.113.19 - - [15/May/2024:05:01:02 +0700] "POST /api/v1/users HTTP/1.1" 200 28223 "-" "Wget/1.21.4 (linux-gnu)"
203.0.113.20 - - [15/May/2024:05:01:23 +0700] "GET /logout HTTP/1.1" 200 16730 "-" "Mozilla/5.0 (Macintosh; Intel Mac OS X 10_15_7) AppleWebKit/537.36"
203.0.113.5 - - [15/May/2024:05:02:03 +0700] "GET /api/v1/products HTTP/1.1" 200 23796 "-" "Mozilla/5.0 (X11; Linux x86_64; rv:109.0) Gecko/20100101 Firefox/115.0"
203.0.113.21 - - [15/May/2024:05:02:14 +0700] "GET /api/v1/users HTTP/1.1" 404 255 "-" "Wget/1.21.4 (linux-gnu)"
203.0.113.35 - - [15/May/2024:05:02:17 +0700] "GET /index.html HTTP/1.1" 301 281 "-" "Wget/1.21.4 (linux-gnu)"
203.0.113.10 - - [15/May/2024:05:02:38 +0700] "HEAD /api/v1/products HTTP/1.1" 200 39347 "-" "Mozilla/5.0 (Windows NT 10.0; Win64; x64) AppleWebKit/537.36"
203.0.113.20 - - [15/May/2024:05:03:10 +0700] "PUT /logout HTTP/1.1" 200 9671 "-" "Mozilla/5.0 (Windows NT 10.0; Win64; x64) AppleWebKit/537.36"
198.51.100.13 - - [15/May/2024:05:04:12 +0700] "POST /logout HTTP/1.1" 403 218 "-" "Mozilla/5.0 (compatible; BadBot/1.0)"
203.0.113.7 - - [15/May/2024:05:04:26 +0700] "GET /api/v1/users HTTP/1.1" 404 206 "-" "Mozilla/5.0 (Macintosh; Intel Mac OS X 10_15_7) AppleWebKit/537.36"
203.0.113.1 - - [15/May/2024:05:05:18 +0700] "PUT /api/v1/users HTTP/1.1" 200 28194 "-" "Wget/1.21.4 (linux-gnu)"
198.51.100.13 - - [15/May/2024:05:05:41 +0700] "POST /health HTTP/1.1" 404 220 "-" "Mozilla/5.0 (compatible; BadBot/1.0)"
198.51.100.77 - - [15/May/2024:05:05:51 +0700] "GET /api/v1/orders HTTP/1.1" 200 23934 "-" "nuclei/2.9.14"
203.0.113.20 - - [15/May/2024:05:06:00 +0700] "GET /static/style.css HTTP/1.1" 200 32303 "-" "python-requests/2.31.0"
203.0.113.16 - - [15/May/2024:05:07:15 +0700] "GET /api/v1/users HTTP/1.1" 200 45068 "-" "Go-http-client/1.1"
203.0.113.10 - - [15/May/2024:05:07:54 +0700] "PUT /api/v1/products HTTP/1.1" 200 10655 "-" "Mozilla/5.0 (Windows NT 10.0; Win64; x64) AppleWebKit/537.36"
203.0.113.33 - - [15/May/2024:05:08:07 +0700] "GET /index.html HTTP/1.1" 404 165 "-" "Wget/1.21.4 (linux-gnu)"
198.51.100.13 - - [15/May/2024:05:08:08 +0700] "POST /login HTTP/1.1" 403 289 "-" "Mozilla/5.0 (compatible; BadBot/1.0)"
203.0.113.14 - - [15/May/2024:05:09:02 +0700] "POST /dashboard HTTP/1.1" 200 21246 "-" "Go-http-client/1.1"
203.0.113.9 - - [15/May/2024:05:09:03 +0700] "POST /index.html HTTP/1.1" 200 5424 "-" "Wget/1.21.4 (linux-gnu)"
203.0.113.26 - - [15/May/2024:05:09:20 +0700] "GET /static/main.js HTTP/1.1" 200 16144 "-" "Mozilla/5.0 (X11; Linux x86_64; rv:109.0) Gecko/20100101 Firefox/115.0"
203.0.113.19 - - [15/May/2024:05:09:47 +0700] "PUT /logout HTTP/1.1" 200 20030 "-" "curl/7.88.1"
203.0.113.26 - - [15/May/2024:05:10:16 +0700] "GET /robots.txt HTTP/1.1" 200 2461 "-" "Mozilla/5.0 (Windows NT 10.0; Win64; x64) AppleWebKit/537.36"
203.0.113.28 - - [15/May/2024:05:10:32 +0700] "GET /index.html HTTP/1.1" 200 24932 "-" "python-requests/2.31.0"
198.51.100.13 - - [15/May/2024:05:11:06 +0700] "POST /api/v1/orders HTTP/1.1" 200 10052 "-" "Mozilla/5.0 (compatible; BadBot/1.0)"
203.0.113.14 - - [15/May/2024:05:12:49 +0700] "GET / HTTP/1.1" 500 177 "-" "Mozilla/5.0 (Windows NT 10.0; Win64; x64) AppleWebKit/537.36"
203.0.113.24 - - [15/May/2024:05:13:23 +0700] "GET /api/v1/orders HTTP/1.1" 200 22006 "-" "python-requests/2.31.0"
203.0.113.6 - - [15/May/2024:05:13:43 +0700] "GET /login HTTP/1.1" 200 20739 "-" "Mozilla/5.0 (Windows NT 10.0; Win64; x64) AppleWebKit/537.36"
203.0.113.30 - - [15/May/2024:05:13:43 +0700] "GET /api/v1/products HTTP/1.1" 200 17528 "-" "python-requests/2.31.0"
203.0.113.34 - - [15/May/2024:05:14:21 +0700] "GET /login HTTP/1.1" 200 31316 "-" "Go-http-client/1.1"
203.0.113.38 - - [15/May/2024:05:14:27 +0700] "GET /health HTTP/1.1" 200 44781 "-" "curl/7.88.1"
203.0.113.2 - - [15/May/2024:05:14:38 +0700] "GET /dashboard HTTP/1.1" 200 39278 "-" "Mozilla/5.0 (Windows NT 10.0; Win64; x64) AppleWebKit/537.36"
203.0.113.4 - - [15/May/2024:05:15:06 +0700] "GET /api/v1/products HTTP/1.1" 404 277 "-" "Go-http-client/1.1"
203.0.113.28 - - [15/May/2024:05:15:09 +0700] "POST /dashboard HTTP/1.1" 200 41824 "-" "Mozilla/5.0 (Macintosh; Intel Mac OS X 10_15_7) AppleWebKit/537.36"
203.0.113.23 - - [15/May/2024:05:15:29 +0700] "GET /login HTTP/1.1" 200 7970 "-" "Mozilla/5.0 (Macintosh; Intel Mac OS X 10_15_7) AppleWebKit/537.36"
203.0.113.23 - - [15/May/2024:05:15:31 +0700] "GET /static/main.js HTTP/1.1" 404 232 "-" "Wget/1.21.4 (linux-gnu)"
198.51.100.13 - - [15/May/2024:05:15:45 +0700] "POST /login HTTP/1.1" 401 206 "-" "Mozilla/5.0 (compatible; BadBot/1.0)"
203.0.113.34 - - [15/May/2024:05:16:24 +0700] "GET /static/style.css HTTP/1.1" 304 259 "-" "python-requests/2.31.0"
198.51.100.77 - - [15/May/2024:05:16:35 +0700] "GET /logout HTTP/1.1" 200 30542 "-" "wfuzz/3.1.0"
198.51.100.13 - - [15/May/2024:05:17:34 +0700] "POST /static/main.js HTTP/1.1" 401 273 "-" "Mozilla/5.0 (compatible; BadBot/1.0)"
203.0.113.1 - - [15/May/2024:05:18:13 +0700] "GET /static/style.css HTTP/1.1" 404 232 "-" "Mozilla/5.0 (Macintosh; Intel Mac OS X 10_15_7) AppleWebKit/537.36"
198.51.100.13 - - [15/May/2024:05:19:23 +0700] "POST /index.html HTTP/1.1" 403 195 "-" "Mozilla/5.0 (compatible; BadBot/1.0)"
203.0.113.35 - - [15/May/2024:05:19:49 +0700] "HEAD /index.html HTTP/1.1" 200 4620 "-" "Mozilla/5.0 (Windows NT 10.0; Win64; x64) AppleWebKit/537.36"
203.0.113.26 - - [15/May/2024:05:20:19 +0700] "POST /login HTTP/1.1" 200 11308 "-" "Mozilla/5.0 (Macintosh; Intel Mac OS X 10_15_7) AppleWebKit/537.36"
198.51.100.77 - - [15/May/2024:05:20:29 +0700] "GET /health HTTP/1.1" 200 17425 "-" "wfuzz/3.1.0"
203.0.113.24 - - [15/May/2024:05:21:19 +0700] "GET /api/v1/orders HTTP/1.1" 301 293 "-" "Mozilla/5.0 (Windows NT 10.0; Win64; x64) AppleWebKit/537.36"
203.0.113.20 - - [15/May/2024:05:21:31 +0700] "GET /api/v1/users HTTP/1.1" 404 214 "-" "Mozilla/5.0 (Windows NT 10.0; Win64; x64) AppleWebKit/537.36"
203.0.113.37 - - [15/May/2024:05:21:32 +0700] "PUT /api/v1/orders HTTP/1.1" 404 75 "-" "Go-http-client/1.1"
203.0.113.32 - - [15/May/2024:05:21:45 +0700] "PUT /logout HTTP/1.1" 200 21683 "-" "Mozilla/5.0 (Windows NT 10.0; Win64; x64) AppleWebKit/537.36"
203.0.113.17 - - [15/May/2024:05:21:50 +0700] "POST / HTTP/1.1" 200 37850 "-" "Wget/1.21.4 (linux-gnu)"
203.0.113.17 - - [15/May/2024:05:22:08 +0700] "GET /index.html HTTP/1.1" 200 41446 "-" "Mozilla/5.0 (X11; Linux x86_64; rv:109.0) Gecko/20100101 Firefox/115.0"
203.0.113.22 - - [15/May/2024:05:22:20 +0700] "GET / HTTP/1.1" 200 37809 "-" "Go-http-client/1.1"
203.0.113.13 - - [15/May/2024:05:22:37 +0700] "GET /login HTTP/1.1" 200 30539 "-" "Mozilla/5.0 (Macintosh; Intel Mac OS X 10_15_7) AppleWebKit/537.36"
203.0.113.9 - - [15/May/2024:05:24:02 +0700] "GET / HTTP/1.1" 200 8946 "-" "curl/7.88.1"
203.0.113.39 - - [15/May/2024:05:24:13 +0700] "PUT /robots.txt HTTP/1.1" 200 25308 "-" "Mozilla/5.0 (Windows NT 10.0; Win64; x64) AppleWebKit/537.36"
198.51.100.13 - - [15/May/2024:05:24:47 +0700] "POST /logout HTTP/1.1" 401 100 "-" "Mozilla/5.0 (compatible; BadBot/1.0)"
198.51.100.77 - - [15/May/2024:05:25:31 +0700] "GET /static/main.js HTTP/1.1" 200 26705 "-" "dirbuster/1.0-RC1"
203.0.113.23 - - [15/May/2024:05:26:14 +0700] "GET /logout HTTP/1.1" 404 125 "-" "curl/7.88.1"
203.0.113.39 - - [15/May/2024:05:27:09 +0700] "GET /api/v1/products HTTP/1.1" 200 35094 "-" "Wget/1.21.4 (linux-gnu)"
203.0.113.13 - - [15/May/2024:05:27:13 +0700] "GET /static/main.js HTTP/1.1" 200 46266 "-" "Wget/1.21.4 (linux-gnu)"
198.51.100.13 - - [15/May/2024:05:28:09 +0700] "POST /logout HTTP/1.1" 403 113 "-" "Mozilla/5.0 (compatible; BadBot/1.0)"
203.0.113.9 - - [15/May/2024:05:29:03 +0700] "GET /api/v1/orders HTTP/1.1" 200 18334 "-" "Mozilla/5.0 (Windows NT 10.0; Win64; x64) AppleWebKit/537.36"
203.0.113.7 - - [15/May/2024:05:29:04 +0700] "GET / HTTP/1.1" 200 41226 "-" "Mozilla/5.0 (Windows NT 10.0; Win64; x64) AppleWebKit/537.36"
203.0.113.7 - - [15/May/2024:05:29:14 +0700] "POST /index.html HTTP/1.1" 200 38394 "-" "Wget/1.21.4 (linux-gnu)"
203.0.113.39 - - [15/May/2024:05:29:38 +0700] "DELETE /logout HTTP/1.1" 500 66 "-" "curl/7.88.1"
198.51.100.77 - - [15/May/2024:05:29:55 +0700] "GET /dashboard HTTP/1.1" 200 15321 "-" "gobuster/3.6"
198.51.100.13 - - [15/May/2024:05:30:12 +0700] "POST /index.html HTTP/1.1" 403 113 "-" "Mozilla/5.0 (compatible; BadBot/1.0)"
